Archive member included to satisfy reference by file (symbol)

../libopencm3/lib/libopencm3_stm32f1.a(gpio.o)
                              src/firmware.o (gpio_set_mode)
../libopencm3/lib/libopencm3_stm32f1.a(gpio_common_all.o)
                              src/firmware.o (gpio_toggle)
../libopencm3/lib/libopencm3_stm32f1.a(rcc.o)
                              ../shared/src/core/system.o (rcc_clock_setup_pll)
../libopencm3/lib/libopencm3_stm32f1.a(rcc_common_all.o)
                              src/firmware.o (rcc_periph_clock_enable)
../libopencm3/lib/libopencm3_stm32f1.a(timer_common_all.o)
                              src/timer.o (timer_set_mode)
../libopencm3/lib/libopencm3_stm32f1.a(usart_common_all.o)
                              ../shared/src/core/uart.o (usart_set_baudrate)
../libopencm3/lib/libopencm3_stm32f1.a(usart_common_f124.o)
                              ../libopencm3/lib/libopencm3_stm32f1.a(usart_common_all.o) (usart_send)
../libopencm3/lib/libopencm3_stm32f1.a(vector.o)
                              (reset_handler)
../libopencm3/lib/libopencm3_stm32f1.a(systick.o)
                              ../shared/src/core/system.o (systick_set_frequency)
../libopencm3/lib/libopencm3_stm32f1.a(nvic.o)
                              ../shared/src/core/uart.o (nvic_enable_irq)
../libopencm3/lib/libopencm3_stm32f1.a(assert.o)
                              ../libopencm3/lib/libopencm3_stm32f1.a(rcc.o) (cm3_assert_failed)
../libopencm3/lib/libopencm3_stm32f1.a(flash_common_all.o)
                              ../libopencm3/lib/libopencm3_stm32f1.a(rcc.o) (flash_set_ws)
/usr/lib/gcc/arm-none-eabi/10.3.1/thumb/v7-m/nofp/libgcc.a(_arm_mulsf3.o)
                              src/timer.o (__aeabi_fmul)
/usr/lib/gcc/arm-none-eabi/10.3.1/thumb/v7-m/nofp/libgcc.a(_arm_addsubsf3.o)
                              src/firmware.o (__aeabi_fadd)
/usr/lib/gcc/arm-none-eabi/10.3.1/thumb/v7-m/nofp/libgcc.a(_arm_muldivsf3.o)
                              src/timer.o (__aeabi_fdiv)
/usr/lib/gcc/arm-none-eabi/10.3.1/thumb/v7-m/nofp/libgcc.a(_arm_cmpsf2.o)
                              src/firmware.o (__aeabi_fcmplt)
/usr/lib/gcc/arm-none-eabi/10.3.1/thumb/v7-m/nofp/libgcc.a(_arm_fixunssfsi.o)
                              src/timer.o (__aeabi_f2uiz)

Discarded input sections

 .group         0x0000000000000000        0xc src/firmware.o
 .group         0x0000000000000000        0xc src/firmware.o
 .group         0x0000000000000000        0xc src/firmware.o
 .group         0x0000000000000000        0xc src/firmware.o
 .group         0x0000000000000000        0xc src/firmware.o
 .group         0x0000000000000000        0xc src/firmware.o
 .group         0x0000000000000000        0xc src/firmware.o
 .group         0x0000000000000000        0xc src/firmware.o
 .group         0x0000000000000000        0xc src/firmware.o
 .group         0x0000000000000000        0xc src/firmware.o
 .group         0x0000000000000000        0xc src/firmware.o
 .group         0x0000000000000000        0xc src/firmware.o
 .group         0x0000000000000000        0xc src/firmware.o
 .group         0x0000000000000000        0xc src/firmware.o
 .group         0x0000000000000000        0xc src/firmware.o
 .group         0x0000000000000000        0xc src/firmware.o
 .group         0x0000000000000000        0xc src/firmware.o
 .group         0x0000000000000000        0xc src/firmware.o
 .group         0x0000000000000000        0xc src/firmware.o
 .group         0x0000000000000000        0xc src/firmware.o
 .group         0x0000000000000000        0xc src/firmware.o
 .group         0x0000000000000000        0xc src/firmware.o
 .group         0x0000000000000000        0xc src/firmware.o
 .group         0x0000000000000000        0xc src/firmware.o
 .group         0x0000000000000000        0xc src/firmware.o
 .group         0x0000000000000000        0xc src/firmware.o
 .group         0x0000000000000000        0xc src/firmware.o
 .group         0x0000000000000000        0xc src/firmware.o
 .group         0x0000000000000000        0xc src/firmware.o
 .group         0x0000000000000000        0xc src/firmware.o
 .group         0x0000000000000000        0xc src/firmware.o
 .group         0x0000000000000000        0xc src/firmware.o
 .group         0x0000000000000000        0xc src/firmware.o
 .group         0x0000000000000000        0xc src/firmware.o
 .text          0x0000000000000000        0x0 src/firmware.o
 .data          0x0000000000000000        0x0 src/firmware.o
 .bss           0x0000000000000000        0x0 src/firmware.o
 .group         0x0000000000000000        0xc src/timer.o
 .group         0x0000000000000000        0xc src/timer.o
 .group         0x0000000000000000        0xc src/timer.o
 .group         0x0000000000000000        0xc src/timer.o
 .group         0x0000000000000000        0xc src/timer.o
 .group         0x0000000000000000        0xc src/timer.o
 .group         0x0000000000000000        0xc src/timer.o
[...]
Memory Configuration

Name             Origin             Length             Attributes
ram              0x0000000020000000 0x0000000000005000 xrw
rom              0x0000000008006000 0x0000000000010000 xr
*default*        0x0000000000000000 0xffffffffffffffff

Linker script and memory map

LOAD src/firmware.o
LOAD src/timer.o
LOAD ../shared/src/core/crc8.o
LOAD ../shared/src/core/system.o
LOAD ../shared/src/core/uart.o
LOAD ../shared/src/core/ring_buffer.o
LOAD ../libopencm3/lib/libopencm3_stm32f1.a
START GROUP
LOAD /usr/lib/gcc/arm-none-eabi/10.3.1/../../../arm-none-eabi/lib/thumb/v7-m/nofp/libc.a
LOAD /usr/lib/gcc/arm-none-eabi/10.3.1/thumb/v7-m/nofp/libgcc.a
LOAD /usr/lib/gcc/arm-none-eabi/10.3.1/../../../arm-none-eabi/lib/thumb/v7-m/nofp/libnosys.a
END GROUP
START GROUP
LOAD /usr/lib/gcc/arm-none-eabi/10.3.1/thumb/v7-m/nofp/libgcc.a
LOAD /usr/lib/gcc/arm-none-eabi/10.3.1/../../../arm-none-eabi/lib/thumb/v7-m/nofp/libg.a
LOAD /usr/lib/gcc/arm-none-eabi/10.3.1/../../../arm-none-eabi/lib/thumb/v7-m/nofp/libc.a
END GROUP

.text           0x0000000008006000     0x1200
 *(.vectors)
 .vectors       0x0000000008006000      0x150 ../libopencm3/lib/libopencm3_stm32f1.a(vector.o)
                0x0000000008006000                vector_table
 *(.text*)
 .text.startup.main
                0x0000000008006150       0xc8 src/firmware.o
                0x0000000008006150                main
 .text.timer_setup
                0x0000000008006218       0x50 src/timer.o
                0x0000000008006218                timer_setup
 .text.timer_set_pwm_duty_cycle
                0x0000000008006268       0x2c src/timer.o
                0x0000000008006268                timer_set_pwm_duty_cycle
 .text.sys_tick_handler
                0x0000000008006294       0x18 ../shared/src/core/system.o
                0x0000000008006294                sys_tick_handler
 .text.system_setup
                0x00000000080062ac       0x28 ../shared/src/core/system.o
                0x00000000080062ac                system_setup
 .text.system_delay_ms
                0x00000000080062d4       0x24 ../shared/src/core/system.o
                0x00000000080062d4                system_delay_ms
 .text.usart2_isr
                0x00000000080062f8       0x34 ../shared/src/core/uart.o
                0x00000000080062f8                usart2_isr
 .text.uart_setup
                0x000000000800632c       0x6c ../shared/src/core/uart.o
                0x000000000800632c                uart_setup
 .text.uart_write_byte
                0x0000000008006398        0xc ../shared/src/core/uart.o
                0x0000000008006398                uart_write_byte
 .text.uart_read
                0x00000000080063a4       0x28 ../shared/src/core/uart.o
                0x00000000080063a4                uart_read
 .text.uart_read_byte
                0x00000000080063cc       0x16 ../shared/src/core/uart.o
                0x00000000080063cc                uart_read_byte
 *fill*         0x00000000080063e2        0x2 
 .text.uart_data_available
                0x00000000080063e4       0x14 ../shared/src/core/uart.o
                0x00000000080063e4                uart_data_available
 .text.ring_buffer_setup
                0x00000000080063f8        0xe ../shared/src/core/ring_buffer.o
                0x00000000080063f8                ring_buffer_setup
 .text.ring_buffer_read
                0x0000000008006406       0x1e ../shared/src/core/ring_buffer.o
                0x0000000008006406                ring_buffer_read
 .text.ring_buffer_write
                0x0000000008006424       0x1e ../shared/src/core/ring_buffer.o
                0x0000000008006424                ring_buffer_write
 .text.ring_buffer_empty
                0x0000000008006442        0xc ../shared/src/core/ring_buffer.o
                0x0000000008006442                ring_buffer_empty
 .text.gpio_set_mode
                0x000000000800644e       0x5e ../libopencm3/lib/libopencm3_stm32f1.a(gpio.o)
                0x000000000800644e                gpio_set_mode
 .text.gpio_toggle
                0x00000000080064ac       0x12 ../libopencm3/lib/libopencm3_stm32f1.a(gpio_common_all.o)
                0x00000000080064ac                gpio_toggle
 *fill*         0x00000000080064be        0x2 
 .text.rcc_is_osc_ready
                0x00000000080064c0       0x58 ../libopencm3/lib/libopencm3_stm32f1.a(rcc.o)
                0x00000000080064c0                rcc_is_osc_ready
 .text.rcc_wait_for_osc_ready
                0x0000000008006518       0x10 ../libopencm3/lib/libopencm3_stm32f1.a(rcc.o)
                0x0000000008006518                rcc_wait_for_osc_ready
 .text.rcc_osc_on
                0x0000000008006528       0x60 ../libopencm3/lib/libopencm3_stm32f1.a(rcc.o)
                0x0000000008006528                rcc_osc_on
 .text.rcc_set_sysclk_source
                0x0000000008006588       0x14 ../libopencm3/lib/libopencm3_stm32f1.a(rcc.o)
                0x0000000008006588                rcc_set_sysclk_source
 .text.rcc_set_pll_multiplication_factor
                0x000000000800659c       0x14 ../libopencm3/lib/libopencm3_stm32f1.a(rcc.o)
                0x000000000800659c                rcc_set_pll_multiplication_factor
 .text.rcc_set_pll2_multiplication_factor
                0x00000000080065b0       0x14 ../libopencm3/lib/libopencm3_stm32f1.a(rcc.o)
                0x00000000080065b0                rcc_set_pll2_multiplication_factor
 .text.rcc_set_pll3_multiplication_factor
                0x00000000080065c4       0x14 ../libopencm3/lib/libopencm3_stm32f1.a(rcc.o)
                0x00000000080065c4                rcc_set_pll3_multiplication_factor
 .text.rcc_set_pll_source
                0x00000000080065d8       0x14 ../libopencm3/lib/libopencm3_stm32f1.a(rcc.o)
                0x00000000080065d8                rcc_set_pll_source
 .text.rcc_set_pllxtpre
                0x00000000080065ec       0x14 ../libopencm3/lib/libopencm3_stm32f1.a(rcc.o)
                0x00000000080065ec                rcc_set_pllxtpre
 .text.rcc_set_adcpre
                0x0000000008006600       0x14 ../libopencm3/lib/libopencm3_stm32f1.a(rcc.o)
                0x0000000008006600                rcc_set_adcpre
 .text.rcc_set_ppre2
                0x0000000008006614       0x14 ../libopencm3/lib/libopencm3_stm32f1.a(rcc.o)
                0x0000000008006614                rcc_set_ppre2
 .text.rcc_set_ppre1
                0x0000000008006628       0x14 ../libopencm3/lib/libopencm3_stm32f1.a(rcc.o)
                0x0000000008006628                rcc_set_ppre1
 .text.rcc_set_hpre
                0x000000000800663c       0x14 ../libopencm3/lib/libopencm3_stm32f1.a(rcc.o)
                0x000000000800663c                rcc_set_hpre
 .text.rcc_set_usbpre
                0x0000000008006650       0x18 ../libopencm3/lib/libopencm3_stm32f1.a(rcc.o)
                0x0000000008006650                rcc_set_usbpre
 .text.rcc_set_prediv1
                0x0000000008006668       0x14 ../libopencm3/lib/libopencm3_stm32f1.a(rcc.o)
                0x0000000008006668                rcc_set_prediv1
 .text.rcc_set_prediv2
                0x000000000800667c       0x14 ../libopencm3/lib/libopencm3_stm32f1.a(rcc.o)
                0x000000000800667c                rcc_set_prediv2
 .text.rcc_set_prediv1_source
                0x0000000008006690       0x18 ../libopencm3/lib/libopencm3_stm32f1.a(rcc.o)
                0x0000000008006690                rcc_set_prediv1_source
 .text.rcc_clock_setup_pll
                0x00000000080066a8       0xbc ../libopencm3/lib/libopencm3_stm32f1.a(rcc.o)
                0x00000000080066a8                rcc_clock_setup_pll
 .text.rcc_get_usart_clk_freq
                0x0000000008006764       0x1c ../libopencm3/lib/libopencm3_stm32f1.a(rcc.o)
                0x0000000008006764                rcc_get_usart_clk_freq
 .text.rcc_periph_clock_enable
                0x0000000008006780       0x1c ../libopencm3/lib/libopencm3_stm32f1.a(rcc_common_all.o)
                0x0000000008006780                rcc_periph_clock_enable
 .text.timer_set_mode
                0x000000000800679c       0x12 ../libopencm3/lib/libopencm3_stm32f1.a(timer_common_all.o)
                0x000000000800679c                timer_set_mode
 .text.timer_enable_counter
                0x00000000080067ae        0xa ../libopencm3/lib/libopencm3_stm32f1.a(timer_common_all.o)
                0x00000000080067ae                timer_enable_counter
 .text.timer_set_prescaler
                0x00000000080067b8        0x4 ../libopencm3/lib/libopencm3_stm32f1.a(timer_common_all.o)
                0x00000000080067b8                timer_set_prescaler
 .text.timer_set_period
                0x00000000080067bc        0x4 ../libopencm3/lib/libopencm3_stm32f1.a(timer_common_all.o)
                0x00000000080067bc                timer_set_period
 .text.timer_set_oc_mode
                0x00000000080067c0      0x18c ../libopencm3/lib/libopencm3_stm32f1.a(timer_common_all.o)
                0x00000000080067c0                timer_set_oc_mode
 .text.timer_enable_oc_output
                0x000000000800694c       0x4a ../libopencm3/lib/libopencm3_stm32f1.a(timer_common_all.o)
                0x000000000800694c                timer_enable_oc_output
 .text.timer_set_oc_value
                0x0000000008006996       0x20 ../libopencm3/lib/libopencm3_stm32f1.a(timer_common_all.o)
                0x0000000008006996                timer_set_oc_value
 .text.usart_set_baudrate
                0x00000000080069b6       0x16 ../libopencm3/lib/libopencm3_stm32f1.a(usart_common_all.o)
                0x00000000080069b6                usart_set_baudrate
 .text.usart_set_databits
                0x00000000080069cc       0x12 ../libopencm3/lib/libopencm3_stm32f1.a(usart_common_all.o)
                0x00000000080069cc                usart_set_databits
 .text.usart_set_stopbits
                0x00000000080069de        0xc ../libopencm3/lib/libopencm3_stm32f1.a(usart_common_all.o)
                0x00000000080069de                usart_set_stopbits
 .text.usart_set_parity
                0x00000000080069ea        0xc ../libopencm3/lib/libopencm3_stm32f1.a(usart_common_all.o)
                0x00000000080069ea                usart_set_parity
 .text.usart_set_mode
                0x00000000080069f6        0xc ../libopencm3/lib/libopencm3_stm32f1.a(usart_common_all.o)
                0x00000000080069f6                usart_set_mode
 .text.usart_set_flow_control
                0x0000000008006a02        0xc ../libopencm3/lib/libopencm3_stm32f1.a(usart_common_all.o)
                0x0000000008006a02                usart_set_flow_control
 .text.usart_enable
                0x0000000008006a0e        0xa ../libopencm3/lib/libopencm3_stm32f1.a(usart_common_all.o)
                0x0000000008006a0e                usart_enable
 .text.usart_send_blocking
                0x0000000008006a18       0x16 ../libopencm3/lib/libopencm3_stm32f1.a(usart_common_all.o)
                0x0000000008006a18                usart_send_blocking
 .text.usart_enable_rx_interrupt
                0x0000000008006a2e        0xa ../libopencm3/lib/libopencm3_stm32f1.a(usart_common_all.o)
                0x0000000008006a2e                usart_enable_rx_interrupt
 .text.usart_send
                0x0000000008006a38        0x8 ../libopencm3/lib/libopencm3_stm32f1.a(usart_common_f124.o)
                0x0000000008006a38                usart_send
 .text.usart_recv
                0x0000000008006a40        0x8 ../libopencm3/lib/libopencm3_stm32f1.a(usart_common_f124.o)
                0x0000000008006a40                usart_recv
 .text.usart_wait_send_ready
                0x0000000008006a48        0x8 ../libopencm3/lib/libopencm3_stm32f1.a(usart_common_f124.o)
                0x0000000008006a48                usart_wait_send_ready
 .text.usart_get_flag
                0x0000000008006a50        0xc ../libopencm3/lib/libopencm3_stm32f1.a(usart_common_f124.o)
                0x0000000008006a50                usart_get_flag
 .text.blocking_handler
                0x0000000008006a5c        0x2 ../libopencm3/lib/libopencm3_stm32f1.a(vector.o)
                0x0000000008006a5c                usart3_isr
                0x0000000008006a5c                rtc_isr
                0x0000000008006a5c                tim7_isr
                0x0000000008006a5c                adc1_2_isr
                0x0000000008006a5c                tim1_trg_com_isr
                0x0000000008006a5c                usb_hp_can_tx_isr
                0x0000000008006a5c                tim6_isr
                0x0000000008006a5c                usb_wakeup_isr
                0x0000000008006a5c                blocking_handler
                0x0000000008006a5c                tim5_isr
                0x0000000008006a5c                otg_fs_isr
                0x0000000008006a5c                spi1_isr
                0x0000000008006a5c                exti2_isr
                0x0000000008006a5c                dma1_channel6_isr
                0x0000000008006a5c                can_rx1_isr
                0x0000000008006a5c                dma1_channel5_isr
                0x0000000008006a5c                dma2_channel5_isr
                0x0000000008006a5c                usart1_isr
                0x0000000008006a5c                usage_fault_handler
                0x0000000008006a5c                tim8_trg_com_isr
                0x0000000008006a5c                can2_rx0_isr
                0x0000000008006a5c                tim1_brk_isr
                0x0000000008006a5c                can2_rx1_isr
                0x0000000008006a5c                tim1_cc_isr
                0x0000000008006a5c                sdio_isr
                0x0000000008006a5c                eth_isr
                0x0000000008006a5c                dma1_channel4_isr
                0x0000000008006a5c                tim8_brk_isr
                0x0000000008006a5c                dma2_channel4_5_isr
                0x0000000008006a5c                pvd_isr
                0x0000000008006a5c                rcc_isr
                0x0000000008006a5c                flash_isr
                0x0000000008006a5c                uart4_isr
                0x0000000008006a5c                rtc_alarm_isr
                0x0000000008006a5c                exti15_10_isr
                0x0000000008006a5c                hard_fault_handler
                0x0000000008006a5c                exti1_isr
                0x0000000008006a5c                i2c1_ev_isr
                0x0000000008006a5c                dma2_channel1_isr
                0x0000000008006a5c                spi2_isr
                0x0000000008006a5c                tim8_up_isr
                0x0000000008006a5c                dma2_channel2_isr
                0x0000000008006a5c                exti3_isr
                0x0000000008006a5c                adc3_isr
                0x0000000008006a5c                tim3_isr
                0x0000000008006a5c                usb_lp_can_rx0_isr
                0x0000000008006a5c                i2c2_er_isr
                0x0000000008006a5c                i2c2_ev_isr
                0x0000000008006a5c                uart5_isr
                0x0000000008006a5c                fsmc_isr
                0x0000000008006a5c                dma1_channel1_isr
                0x0000000008006a5c                exti4_isr
                0x0000000008006a5c                mem_manage_handler
                0x0000000008006a5c                can2_tx_isr
                0x0000000008006a5c                exti9_5_isr
                0x0000000008006a5c                dma2_channel3_isr
                0x0000000008006a5c                dma1_channel7_isr
                0x0000000008006a5c                tim1_up_isr
                0x0000000008006a5c                can2_sce_isr
                0x0000000008006a5c                tim4_isr
                0x0000000008006a5c                dma1_channel2_isr
                0x0000000008006a5c                i2c1_er_isr
                0x0000000008006a5c                can_sce_isr
                0x0000000008006a5c                tim8_cc_isr
                0x0000000008006a5c                tamper_isr
                0x0000000008006a5c                eth_wkup_isr
                0x0000000008006a5c                bus_fault_handler
                0x0000000008006a5c                wwdg_isr
                0x0000000008006a5c                dma1_channel3_isr
                0x0000000008006a5c                spi3_isr
                0x0000000008006a5c                tim2_isr
                0x0000000008006a5c                exti0_isr
 .text.null_handler
                0x0000000008006a5e        0x2 ../libopencm3/lib/libopencm3_stm32f1.a(vector.o)
                0x0000000008006a5e                null_handler
                0x0000000008006a5e                sv_call_handler
                0x0000000008006a5e                pend_sv_handler
                0x0000000008006a5e                debug_monitor_handler
                0x0000000008006a5e                nmi_handler
 .text.reset_handler
                0x0000000008006a60       0x94 ../libopencm3/lib/libopencm3_stm32f1.a(vector.o)
                0x0000000008006a60                reset_handler
 .text.systick_set_clocksource
                0x0000000008006af4       0x14 ../libopencm3/lib/libopencm3_stm32f1.a(systick.o)
                0x0000000008006af4                systick_set_clocksource
 .text.systick_set_frequency
                0x0000000008006b08       0x38 ../libopencm3/lib/libopencm3_stm32f1.a(systick.o)
                0x0000000008006b08                systick_set_frequency
 .text.systick_interrupt_enable
                0x0000000008006b40        0xe ../libopencm3/lib/libopencm3_stm32f1.a(systick.o)
                0x0000000008006b40                systick_interrupt_enable
 .text.systick_counter_enable
                0x0000000008006b4e        0xe ../libopencm3/lib/libopencm3_stm32f1.a(systick.o)
                0x0000000008006b4e                systick_counter_enable
 .text.nvic_enable_irq
                0x0000000008006b5c       0x1a ../libopencm3/lib/libopencm3_stm32f1.a(nvic.o)
                0x0000000008006b5c                nvic_enable_irq
 *fill*         0x0000000008006b76        0x2 
 .text.flash_set_ws
                0x0000000008006b78       0x14 ../libopencm3/lib/libopencm3_stm32f1.a(flash_common_all.o)
                0x0000000008006b78                flash_set_ws
 .text          0x0000000008006b8c      0x21c /usr/lib/gcc/arm-none-eabi/10.3.1/thumb/v7-m/nofp/libgcc.a(_arm_addsubsf3.o)
                0x0000000008006b8c                __aeabi_frsub
                0x0000000008006b94                __subsf3
                0x0000000008006b94                __aeabi_fsub
                0x0000000008006b98                __aeabi_fadd
                0x0000000008006b98                __addsf3
                0x0000000008006cf8                __aeabi_ui2f
                0x0000000008006cf8                __floatunsisf
                0x0000000008006d00                __aeabi_i2f
                0x0000000008006d00                __floatsisf
                0x0000000008006d1c                __floatundisf
                0x0000000008006d1c                __aeabi_ul2f
                0x0000000008006d2c                __floatdisf
                0x0000000008006d2c                __aeabi_l2f
 .text          0x0000000008006da8      0x2a0 /usr/lib/gcc/arm-none-eabi/10.3.1/thumb/v7-m/nofp/libgcc.a(_arm_muldivsf3.o)
                0x0000000008006da8                __mulsf3
                0x0000000008006da8                __aeabi_fmul
                0x0000000008006f10                __divsf3
                0x0000000008006f10                __aeabi_fdiv
 .text          0x0000000008007048       0xec /usr/lib/gcc/arm-none-eabi/10.3.1/thumb/v7-m/nofp/libgcc.a(_arm_cmpsf2.o)
                0x0000000008007048                __gtsf2
                0x0000000008007048                __gesf2
                0x0000000008007050                __lesf2
                0x0000000008007050                __ltsf2
                0x0000000008007058                __nesf2
                0x0000000008007058                __eqsf2
                0x0000000008007058                __cmpsf2
                0x00000000080070b8                __aeabi_cfrcmple
                0x00000000080070c0                __aeabi_cfcmple
                0x00000000080070c0                __aeabi_cfcmpeq
                0x00000000080070d0                __aeabi_fcmpeq
                0x00000000080070e4                __aeabi_fcmplt
                0x00000000080070f8                __aeabi_fcmple
                0x000000000800710c                __aeabi_fcmpge
                0x0000000008007120                __aeabi_fcmpgt
 .text          0x0000000008007134       0x40 /usr/lib/gcc/arm-none-eabi/10.3.1/thumb/v7-m/nofp/libgcc.a(_arm_fixunssfsi.o)
                0x0000000008007134                __aeabi_f2uiz
                0x0000000008007134                __fixunssfsi
                0x0000000008007174                . = ALIGN (0x4)
 *(.rodata*)
 .rodata.rcc_hse_configs
                0x0000000008007174       0x8c ../libopencm3/lib/libopencm3_stm32f1.a(rcc.o)
                0x0000000008007174                rcc_hse_configs
                0x0000000008007200                . = ALIGN (0x4)

.glue_7         0x0000000008007200        0x0
 .glue_7        0x0000000008007200        0x0 linker stubs

.glue_7t        0x0000000008007200        0x0
 .glue_7t       0x0000000008007200        0x0 linker stubs

.vfp11_veneer   0x0000000008007200        0x0
 .vfp11_veneer  0x0000000008007200        0x0 linker stubs

.v4_bx          0x0000000008007200        0x0
 .v4_bx         0x0000000008007200        0x0 linker stubs

.iplt           0x0000000008007200        0x0
 .iplt          0x0000000008007200        0x0 src/firmware.o

.rel.dyn        0x0000000008007200        0x0
 .rel.iplt      0x0000000008007200        0x0 src/firmware.o

.preinit_array  0x0000000008007200        0x0
                0x0000000008007200                . = ALIGN (0x4)
                0x0000000008007200                __preinit_array_start = .
 *(.preinit_array)
                0x0000000008007200                __preinit_array_end = .

.init_array     0x0000000008007200        0x0
                0x0000000008007200                . = ALIGN (0x4)
                0x0000000008007200                __init_array_start = .
 *(SORT_BY_NAME(.init_array.*))
 *(.init_array)
                0x0000000008007200                __init_array_end = .

.fini_array     0x0000000008007200        0x0
                0x0000000008007200                . = ALIGN (0x4)
                0x0000000008007200                __fini_array_start = .
 *(.fini_array)
 *(SORT_BY_NAME(.fini_array.*))
                0x0000000008007200                __fini_array_end = .

.ARM.extab
 *(.ARM.extab*)

.ARM.exidx      0x0000000008007200        0x0
                0x0000000008007200                __exidx_start = .
 *(.ARM.exidx*)
                0x0000000008007200                __exidx_end = .
                0x0000000008007200                . = ALIGN (0x4)
                0x0000000008007200                _etext = .

.noinit
 *(.noinit*)
                0x0000000008007200                . = ALIGN (0x4)

.data           0x0000000020000000        0xc load address 0x0000000008007200
                0x0000000020000000                _data = .
 *(.data*)
 .data.rcc_ahb_frequency
                0x0000000020000000        0x4 ../libopencm3/lib/libopencm3_stm32f1.a(rcc.o)
                0x0000000020000000                rcc_ahb_frequency
 .data.rcc_apb1_frequency
                0x0000000020000004        0x4 ../libopencm3/lib/libopencm3_stm32f1.a(rcc.o)
                0x0000000020000004                rcc_apb1_frequency
 .data.rcc_apb2_frequency
                0x0000000020000008        0x4 ../libopencm3/lib/libopencm3_stm32f1.a(rcc.o)
                0x0000000020000008                rcc_apb2_frequency
 *(.ramtext*)
                0x000000002000000c                . = ALIGN (0x4)
                0x000000002000000c                _edata = .
                0x0000000008007200                _data_loadaddr = LOADADDR (.data)

.igot.plt       0x000000002000000c        0x0 load address 0x000000000800720c
 .igot.plt      0x000000002000000c        0x0 src/firmware.o

.bss            0x0000000020000010       0x98 load address 0x000000000800720c
 *(.bss*)
 .bss.ms_ticks  0x0000000020000010        0x8 ../shared/src/core/system.o
 .bss.data_buffer
                0x0000000020000018       0x80 ../shared/src/core/uart.o
 .bss.rb        0x0000000020000098       0x10 ../shared/src/core/uart.o
 *(COMMON)
                0x00000000200000a8                . = ALIGN (0x4)
                0x00000000200000a8                _ebss = .

/DISCARD/
 *(.eh_frame)
                0x00000000200000a8                . = ALIGN (0x4)
                0x00000000200000a8                end = .
                0x0000000020005000                PROVIDE (_stack = (ORIGIN (ram) + LENGTH (ram)))
OUTPUT(firmware.elf elf32-littlearm)
LOAD linker stubs

.debug_info     0x0000000000000000     0x57fe
 .debug_info    0x0000000000000000      0x4a2 src/firmware.o
 .debug_info    0x00000000000004a2      0x476 src/timer.o
 .debug_info    0x0000000000000918      0x399 ../shared/src/core/system.o
 .debug_info    0x0000000000000cb1      0x74b ../shared/src/core/uart.o
 .debug_info    0x00000000000013fc      0x24c ../shared/src/core/ring_buffer.o
 .debug_info    0x0000000000001648      0x1ec ../libopencm3/lib/libopencm3_stm32f1.a(gpio.o)
 .debug_info    0x0000000000001834      0x24e ../libopencm3/lib/libopencm3_stm32f1.a(gpio_common_all.o)
 .debug_info    0x0000000000001a82     0x155c ../libopencm3/lib/libopencm3_stm32f1.a(rcc.o)
 .debug_info    0x0000000000002fde      0x619 ../libopencm3/lib/libopencm3_stm32f1.a(rcc_common_all.o)
 .debug_info    0x00000000000035f7     0x112b ../libopencm3/lib/libopencm3_stm32f1.a(timer_common_all.o)
 .debug_info    0x0000000000004722      0x66e ../libopencm3/lib/libopencm3_stm32f1.a(usart_common_all.o)
 .debug_info    0x0000000000004d90      0x186 ../libopencm3/lib/libopencm3_stm32f1.a(usart_common_f124.o)
 .debug_info    0x0000000000004f16      0x2d1 ../libopencm3/lib/libopencm3_stm32f1.a(vector.o)
 .debug_info    0x00000000000051e7      0x268 ../libopencm3/lib/libopencm3_stm32f1.a(systick.o)
 .debug_info    0x000000000000544f      0x22d ../libopencm3/lib/libopencm3_stm32f1.a(nvic.o)
 .debug_info    0x000000000000567c       0xea ../libopencm3/lib/libopencm3_stm32f1.a(flash_common_all.o)
 .debug_info    0x0000000000005766       0x26 /usr/lib/gcc/arm-none-eabi/10.3.1/thumb/v7-m/nofp/libgcc.a(_arm_addsubsf3.o)
 .debug_info    0x000000000000578c       0x26 /usr/lib/gcc/arm-none-eabi/10.3.1/thumb/v7-m/nofp/libgcc.a(_arm_muldivsf3.o)
 .debug_info    0x00000000000057b2       0x26 /usr/lib/gcc/arm-none-eabi/10.3.1/thumb/v7-m/nofp/libgcc.a(_arm_cmpsf2.o)
 .debug_info    0x00000000000057d8       0x26 /usr/lib/gcc/arm-none-eabi/10.3.1/thumb/v7-m/nofp/libgcc.a(_arm_fixunssfsi.o)

.debug_abbrev   0x0000000000000000     0x149f
 .debug_abbrev  0x0000000000000000      0x129 src/firmware.o
 .debug_abbrev  0x0000000000000129      0x113 src/timer.o
 .debug_abbrev  0x000000000000023c      0x1e7 ../shared/src/core/system.o
 .debug_abbrev  0x0000000000000423      0x196 ../shared/src/core/uart.o
 .debug_abbrev  0x00000000000005b9      0x10c ../shared/src/core/ring_buffer.o
 .debug_abbrev  0x00000000000006c5       0xd0 ../libopencm3/lib/libopencm3_stm32f1.a(gpio.o)
 .debug_abbrev  0x0000000000000795      0x116 ../libopencm3/lib/libopencm3_stm32f1.a(gpio_common_all.o)
 .debug_abbrev  0x00000000000008ab      0x282 ../libopencm3/lib/libopencm3_stm32f1.a(rcc.o)
 .debug_abbrev  0x0000000000000b2d      0x17c ../libopencm3/lib/libopencm3_stm32f1.a(rcc_common_all.o)
 .debug_abbrev  0x0000000000000ca9      0x19e ../libopencm3/lib/libopencm3_stm32f1.a(timer_common_all.o)
 .debug_abbrev  0x0000000000000e47      0x16d ../libopencm3/lib/libopencm3_stm32f1.a(usart_common_all.o)
 .debug_abbrev  0x0000000000000fb4       0xb5 ../libopencm3/lib/libopencm3_stm32f1.a(usart_common_f124.o)
 .debug_abbrev  0x0000000000001069      0x145 ../libopencm3/lib/libopencm3_stm32f1.a(vector.o)
 .debug_abbrev  0x00000000000011ae      0x155 ../libopencm3/lib/libopencm3_stm32f1.a(systick.o)
 .debug_abbrev  0x0000000000001303       0xb5 ../libopencm3/lib/libopencm3_stm32f1.a(nvic.o)
 .debug_abbrev  0x00000000000013b8       0x97 ../libopencm3/lib/libopencm3_stm32f1.a(flash_common_all.o)
 .debug_abbrev  0x000000000000144f       0x14 /usr/lib/gcc/arm-none-eabi/10.3.1/thumb/v7-m/nofp/libgcc.a(_arm_addsubsf3.o)
 .debug_abbrev  0x0000000000001463       0x14 /usr/lib/gcc/arm-none-eabi/10.3.1/thumb/v7-m/nofp/libgcc.a(_arm_muldivsf3.o)
 .debug_abbrev  0x0000000000001477       0x14 /usr/lib/gcc/arm-none-eabi/10.3.1/thumb/v7-m/nofp/libgcc.a(_arm_cmpsf2.o)
 .debug_abbrev  0x000000000000148b       0x14 /usr/lib/gcc/arm-none-eabi/10.3.1/thumb/v7-m/nofp/libgcc.a(_arm_fixunssfsi.o)

.debug_loc      0x0000000000000000     0x1437
 .debug_loc     0x0000000000000000       0x34 src/firmware.o
 .debug_loc     0x0000000000000034       0x71 src/timer.o
 .debug_loc     0x00000000000000a5       0x1a ../shared/src/core/system.o
 .debug_loc     0x00000000000000bf      0x16a ../shared/src/core/uart.o
 .debug_loc     0x0000000000000229      0x129 ../shared/src/core/ring_buffer.o
 .debug_loc     0x0000000000000352      0x14c ../libopencm3/lib/libopencm3_stm32f1.a(gpio.o)
 .debug_loc     0x000000000000049e       0xbe ../libopencm3/lib/libopencm3_stm32f1.a(gpio_common_all.o)
 .debug_loc     0x000000000000055c      0x3d0 ../libopencm3/lib/libopencm3_stm32f1.a(rcc.o)
 .debug_loc     0x000000000000092c       0x94 ../libopencm3/lib/libopencm3_stm32f1.a(rcc_common_all.o)
 .debug_loc     0x00000000000009c0      0x38a ../libopencm3/lib/libopencm3_stm32f1.a(timer_common_all.o)
 .debug_loc     0x0000000000000d4a      0x238 ../libopencm3/lib/libopencm3_stm32f1.a(usart_common_all.o)
 .debug_loc     0x0000000000000f82       0x99 ../libopencm3/lib/libopencm3_stm32f1.a(usart_common_f124.o)
 .debug_loc     0x000000000000101b      0x128 ../libopencm3/lib/libopencm3_stm32f1.a(vector.o)
 .debug_loc     0x0000000000001143      0x192 ../libopencm3/lib/libopencm3_stm32f1.a(systick.o)
 .debug_loc     0x00000000000012d5      0x14d ../libopencm3/lib/libopencm3_stm32f1.a(nvic.o)
 .debug_loc     0x0000000000001422       0x15 ../libopencm3/lib/libopencm3_stm32f1.a(flash_common_all.o)

.debug_aranges  0x0000000000000000      0x8c0
 .debug_aranges
                0x0000000000000000       0x20 src/firmware.o
 .debug_aranges
                0x0000000000000020       0x28 src/timer.o
 .debug_aranges
                0x0000000000000048       0x38 ../shared/src/core/system.o
 .debug_aranges
                0x0000000000000080       0x50 ../shared/src/core/uart.o
 .debug_aranges
                0x00000000000000d0       0x38 ../shared/src/core/ring_buffer.o
 .debug_aranges
                0x0000000000000108       0x38 ../libopencm3/lib/libopencm3_stm32f1.a(gpio.o)
 .debug_aranges
                0x0000000000000140       0x50 ../libopencm3/lib/libopencm3_stm32f1.a(gpio_common_all.o)
 .debug_aranges
                0x0000000000000190      0x170 ../libopencm3/lib/libopencm3_stm32f1.a(rcc.o)
 .debug_aranges
                0x0000000000000300       0x60 ../libopencm3/lib/libopencm3_stm32f1.a(rcc_common_all.o)
 .debug_aranges
                0x0000000000000360      0x270 ../libopencm3/lib/libopencm3_stm32f1.a(timer_common_all.o)
 .debug_aranges
                0x00000000000005d0       0xf0 ../libopencm3/lib/libopencm3_stm32f1.a(usart_common_all.o)
 .debug_aranges
                0x00000000000006c0       0x40 ../libopencm3/lib/libopencm3_stm32f1.a(usart_common_f124.o)
 .debug_aranges
                0x0000000000000700       0x30 ../libopencm3/lib/libopencm3_stm32f1.a(vector.o)
 .debug_aranges
                0x0000000000000730       0x78 ../libopencm3/lib/libopencm3_stm32f1.a(systick.o)
 .debug_aranges
                0x00000000000007a8       0x60 ../libopencm3/lib/libopencm3_stm32f1.a(nvic.o)
 .debug_aranges
                0x0000000000000808       0x38 ../libopencm3/lib/libopencm3_stm32f1.a(flash_common_all.o)
 .debug_aranges
                0x0000000000000840       0x20 /usr/lib/gcc/arm-none-eabi/10.3.1/thumb/v7-m/nofp/libgcc.a(_arm_addsubsf3.o)
 .debug_aranges
                0x0000000000000860       0x20 /usr/lib/gcc/arm-none-eabi/10.3.1/thumb/v7-m/nofp/libgcc.a(_arm_muldivsf3.o)
 .debug_aranges
                0x0000000000000880       0x20 /usr/lib/gcc/arm-none-eabi/10.3.1/thumb/v7-m/nofp/libgcc.a(_arm_cmpsf2.o)
 .debug_aranges
                0x00000000000008a0       0x20 /usr/lib/gcc/arm-none-eabi/10.3.1/thumb/v7-m/nofp/libgcc.a(_arm_fixunssfsi.o)

.debug_ranges   0x0000000000000000      0x8b0
 .debug_ranges  0x0000000000000000       0x40 src/firmware.o
 .debug_ranges  0x0000000000000040       0x18 src/timer.o
 .debug_ranges  0x0000000000000058       0x88 ../shared/src/core/system.o
 .debug_ranges  0x00000000000000e0       0x60 ../shared/src/core/uart.o
 .debug_ranges  0x0000000000000140       0x28 ../shared/src/core/ring_buffer.o
 .debug_ranges  0x0000000000000168       0x28 ../libopencm3/lib/libopencm3_stm32f1.a(gpio.o)
 .debug_ranges  0x0000000000000190       0x40 ../libopencm3/lib/libopencm3_stm32f1.a(gpio_common_all.o)
 .debug_ranges  0x00000000000001d0      0x208 ../libopencm3/lib/libopencm3_stm32f1.a(rcc.o)
 .debug_ranges  0x00000000000003d8       0x50 ../libopencm3/lib/libopencm3_stm32f1.a(rcc_common_all.o)
 .debug_ranges  0x0000000000000428      0x260 ../libopencm3/lib/libopencm3_stm32f1.a(timer_common_all.o)
 .debug_ranges  0x0000000000000688       0xe0 ../libopencm3/lib/libopencm3_stm32f1.a(usart_common_all.o)
 .debug_ranges  0x0000000000000768       0x30 ../libopencm3/lib/libopencm3_stm32f1.a(usart_common_f124.o)
 .debug_ranges  0x0000000000000798       0x20 ../libopencm3/lib/libopencm3_stm32f1.a(vector.o)
 .debug_ranges  0x00000000000007b8       0x80 ../libopencm3/lib/libopencm3_stm32f1.a(systick.o)
 .debug_ranges  0x0000000000000838       0x50 ../libopencm3/lib/libopencm3_stm32f1.a(nvic.o)
 .debug_ranges  0x0000000000000888       0x28 ../libopencm3/lib/libopencm3_stm32f1.a(flash_common_all.o)

.debug_macro    0x0000000000000000     0x6216
 .debug_macro   0x0000000000000000      0x1fa src/firmware.o
 .debug_macro   0x00000000000001fa      0xa60 src/firmware.o
 .debug_macro   0x0000000000000c5a       0x22 src/firmware.o
 .debug_macro   0x0000000000000c7c       0x52 src/firmware.o
 .debug_macro   0x0000000000000cce       0x18 src/firmware.o
 .debug_macro   0x0000000000000ce6       0x5c src/firmware.o
 .debug_macro   0x0000000000000d42       0x35 src/firmware.o
 .debug_macro   0x0000000000000d77       0x34 src/firmware.o
 .debug_macro   0x0000000000000dab       0x16 src/firmware.o
 .debug_macro   0x0000000000000dc1       0x57 src/firmware.o
 .debug_macro   0x0000000000000e18       0x97 src/firmware.o
 .debug_macro   0x0000000000000eaf      0x356 src/firmware.o
 .debug_macro   0x0000000000001205       0xf6 src/firmware.o
 .debug_macro   0x00000000000012fb       0x10 src/firmware.o
 .debug_macro   0x000000000000130b       0x16 src/firmware.o
 .debug_macro   0x0000000000001321       0x43 src/firmware.o
 .debug_macro   0x0000000000001364       0x34 src/firmware.o
 .debug_macro   0x0000000000001398       0x10 src/firmware.o
 .debug_macro   0x00000000000013a8       0x52 src/firmware.o
 .debug_macro   0x00000000000013fa      0x182 src/firmware.o
 .debug_macro   0x000000000000157c       0x10 src/firmware.o
 .debug_macro   0x000000000000158c       0x6a src/firmware.o
 .debug_macro   0x00000000000015f6       0xb2 src/firmware.o
 .debug_macro   0x00000000000016a8       0x16 src/firmware.o
 .debug_macro   0x00000000000016be      0x129 src/firmware.o
 .debug_macro   0x00000000000017e7      0x34e src/firmware.o
 .debug_macro   0x0000000000001b35       0x22 src/firmware.o
 .debug_macro   0x0000000000001b57       0x16 src/firmware.o
 .debug_macro   0x0000000000001b6d      0x100 src/firmware.o
 .debug_macro   0x0000000000001c6d       0x76 src/firmware.o
 .debug_macro   0x0000000000001ce3      0x1b4 src/firmware.o
 .debug_macro   0x0000000000001e97       0x76 src/firmware.o
 .debug_macro   0x0000000000001f0d      0xe2e src/firmware.o
 .debug_macro   0x0000000000002d3b      0x8c6 src/firmware.o
 .debug_macro   0x0000000000003601      0x39b src/firmware.o
 .debug_macro   0x000000000000399c       0x92 src/timer.o
 .debug_macro   0x0000000000003a2e       0x1c src/timer.o
 .debug_macro   0x0000000000003a4a       0xe8 src/timer.o
 .debug_macro   0x0000000000003b32      0xf8f src/timer.o
 .debug_macro   0x0000000000004ac1      0x1cb ../shared/src/core/system.o
 .debug_macro   0x0000000000004c8c       0x10 ../shared/src/core/system.o
 .debug_macro   0x0000000000004c9c       0x69 ../shared/src/core/system.o
 .debug_macro   0x0000000000004d05       0x6e ../shared/src/core/system.o
 .debug_macro   0x0000000000004d73      0x1a2 ../shared/src/core/system.o
 .debug_macro   0x0000000000004f15      0x1ba ../shared/src/core/system.o
 .debug_macro   0x00000000000050cf      0x1f4 ../shared/src/core/uart.o
 .debug_macro   0x00000000000052c3       0x68 ../shared/src/core/uart.o
 .debug_macro   0x000000000000532b       0x94 ../shared/src/core/uart.o
 .debug_macro   0x00000000000053bf      0x29e ../shared/src/core/uart.o
 .debug_macro   0x000000000000565d      0x14f ../shared/src/core/ring_buffer.o
 .debug_macro   0x00000000000057ac       0x6f ../libopencm3/lib/libopencm3_stm32f1.a(gpio.o)
 .debug_macro   0x000000000000581b       0x6f ../libopencm3/lib/libopencm3_stm32f1.a(gpio_common_all.o)
 .debug_macro   0x000000000000588a       0x9e ../libopencm3/lib/libopencm3_stm32f1.a(rcc.o)
 .debug_macro   0x0000000000005928       0x16 ../libopencm3/lib/libopencm3_stm32f1.a(rcc.o)
 .debug_macro   0x000000000000593e       0xee ../libopencm3/lib/libopencm3_stm32f1.a(rcc.o)
 .debug_macro   0x0000000000005a2c       0x82 ../libopencm3/lib/libopencm3_stm32f1.a(rcc.o)
 .debug_macro   0x0000000000005aae       0x85 ../libopencm3/lib/libopencm3_stm32f1.a(rcc_common_all.o)
 .debug_macro   0x0000000000005b33       0x7c ../libopencm3/lib/libopencm3_stm32f1.a(timer_common_all.o)
 .debug_macro   0x0000000000005baf       0x91 ../libopencm3/lib/libopencm3_stm32f1.a(usart_common_all.o)
 .debug_macro   0x0000000000005c40       0x91 ../libopencm3/lib/libopencm3_stm32f1.a(usart_common_f124.o)
 .debug_macro   0x0000000000005cd1       0x86 ../libopencm3/lib/libopencm3_stm32f1.a(vector.o)
 .debug_macro   0x0000000000005d57      0x395 ../libopencm3/lib/libopencm3_stm32f1.a(vector.o)
 .debug_macro   0x00000000000060ec       0x49 ../libopencm3/lib/libopencm3_stm32f1.a(systick.o)
 .debug_macro   0x0000000000006135       0x6a ../libopencm3/lib/libopencm3_stm32f1.a(nvic.o)
 .debug_macro   0x000000000000619f       0x77 ../libopencm3/lib/libopencm3_stm32f1.a(flash_common_all.o)

.debug_line     0x0000000000000000     0x4ad2
 .debug_line    0x0000000000000000      0x3ca src/firmware.o
 .debug_line    0x00000000000003ca      0x1fe src/timer.o
 .debug_line    0x00000000000005c8      0x441 ../shared/src/core/system.o
 .debug_line    0x0000000000000a09      0x518 ../shared/src/core/uart.o
 .debug_line    0x0000000000000f21      0x2e6 ../shared/src/core/ring_buffer.o
 .debug_line    0x0000000000001207      0x271 ../libopencm3/lib/libopencm3_stm32f1.a(gpio.o)
 .debug_line    0x0000000000001478      0x27b ../libopencm3/lib/libopencm3_stm32f1.a(gpio_common_all.o)
 .debug_line    0x00000000000016f3      0xc2d ../libopencm3/lib/libopencm3_stm32f1.a(rcc.o)
 .debug_line    0x0000000000002320      0x2da ../libopencm3/lib/libopencm3_stm32f1.a(rcc_common_all.o)
 .debug_line    0x00000000000025fa      0xf69 ../libopencm3/lib/libopencm3_stm32f1.a(timer_common_all.o)
 .debug_line    0x0000000000003563      0x545 ../libopencm3/lib/libopencm3_stm32f1.a(usart_common_all.o)
 .debug_line    0x0000000000003aa8      0x270 ../libopencm3/lib/libopencm3_stm32f1.a(usart_common_f124.o)
 .debug_line    0x0000000000003d18      0x306 ../libopencm3/lib/libopencm3_stm32f1.a(vector.o)
 .debug_line    0x000000000000401e      0x271 ../libopencm3/lib/libopencm3_stm32f1.a(systick.o)
 .debug_line    0x000000000000428f      0x29d ../libopencm3/lib/libopencm3_stm32f1.a(nvic.o)
 .debug_line    0x000000000000452c      0x22c ../libopencm3/lib/libopencm3_stm32f1.a(flash_common_all.o)
 .debug_line    0x0000000000004758      0x11a /usr/lib/gcc/arm-none-eabi/10.3.1/thumb/v7-m/nofp/libgcc.a(_arm_addsubsf3.o)
 .debug_line    0x0000000000004872      0x13a /usr/lib/gcc/arm-none-eabi/10.3.1/thumb/v7-m/nofp/libgcc.a(_arm_muldivsf3.o)
 .debug_line    0x00000000000049ac       0xb1 /usr/lib/gcc/arm-none-eabi/10.3.1/thumb/v7-m/nofp/libgcc.a(_arm_cmpsf2.o)
 .debug_line    0x0000000000004a5d       0x75 /usr/lib/gcc/arm-none-eabi/10.3.1/thumb/v7-m/nofp/libgcc.a(_arm_fixunssfsi.o)

.debug_str      0x0000000000000000    0x17bbc
 .debug_str     0x0000000000000000     0xef78 src/firmware.o
                                       0xf1cf (size before relaxing)
 .debug_str     0x000000000000ef78     0x4212 src/timer.o
                                       0xb32a (size before relaxing)
 .debug_str     0x000000000001318a      0xc3e ../shared/src/core/system.o
                                       0xb0e1 (size before relaxing)
 .debug_str     0x0000000000013dc8     0x1150 ../shared/src/core/uart.o
                                       0xc0b8 (size before relaxing)
 .debug_str     0x0000000000014f18       0x55 ../shared/src/core/ring_buffer.o
                                       0x6dbb (size before relaxing)
 .debug_str     0x0000000000014f6d      0x184 ../libopencm3/lib/libopencm3_stm32f1.a(gpio.o)
                                       0x8162 (size before relaxing)
 .debug_str     0x00000000000150f1       0x74 ../libopencm3/lib/libopencm3_stm32f1.a(gpio_common_all.o)
                                       0x8160 (size before relaxing)
 .debug_str     0x0000000000015165      0xd43 ../libopencm3/lib/libopencm3_stm32f1.a(rcc.o)
                                       0x7dc2 (size before relaxing)
 .debug_str     0x0000000000015ea8      0x379 ../libopencm3/lib/libopencm3_stm32f1.a(rcc_common_all.o)
                                       0x74c5 (size before relaxing)
 .debug_str     0x0000000000016221      0x9c6 ../libopencm3/lib/libopencm3_stm32f1.a(timer_common_all.o)
                                       0xba6c (size before relaxing)
 .debug_str     0x0000000000016be7      0x21b ../libopencm3/lib/libopencm3_stm32f1.a(usart_common_all.o)
                                       0x8118 (size before relaxing)
 .debug_str     0x0000000000016e02       0x1e ../libopencm3/lib/libopencm3_stm32f1.a(usart_common_f124.o)
                                       0x7e84 (size before relaxing)
 .debug_str     0x0000000000016e20      0xafb ../libopencm3/lib/libopencm3_stm32f1.a(vector.o)
                                       0x61b1 (size before relaxing)
 .debug_str     0x000000000001791b       0xd2 ../libopencm3/lib/libopencm3_stm32f1.a(systick.o)
                                       0x4082 (size before relaxing)
 .debug_str     0x00000000000179ed       0xc4 ../libopencm3/lib/libopencm3_stm32f1.a(nvic.o)
                                       0x577e (size before relaxing)
 .debug_str     0x0000000000017ab1       0x64 ../libopencm3/lib/libopencm3_stm32f1.a(flash_common_all.o)
                                       0x50b0 (size before relaxing)
 .debug_str     0x0000000000017b15       0xa7 /usr/lib/gcc/arm-none-eabi/10.3.1/thumb/v7-m/nofp/libgcc.a(_arm_addsubsf3.o)
 .debug_str     0x0000000000017bbc       0xa7 /usr/lib/gcc/arm-none-eabi/10.3.1/thumb/v7-m/nofp/libgcc.a(_arm_muldivsf3.o)
 .debug_str     0x0000000000017bbc       0xa7 /usr/lib/gcc/arm-none-eabi/10.3.1/thumb/v7-m/nofp/libgcc.a(_arm_cmpsf2.o)
 .debug_str     0x0000000000017bbc       0xa7 /usr/lib/gcc/arm-none-eabi/10.3.1/thumb/v7-m/nofp/libgcc.a(_arm_fixunssfsi.o)

.comment        0x0000000000000000       0x33
 .comment       0x0000000000000000       0x33 src/firmware.o
                                         0x34 (size before relaxing)
 .comment       0x0000000000000033       0x34 src/timer.o
 .comment       0x0000000000000033       0x34 ../shared/src/core/system.o
 .comment       0x0000000000000033       0x34 ../shared/src/core/uart.o
 .comment       0x0000000000000033       0x34 ../shared/src/core/ring_buffer.o
 .comment       0x0000000000000033       0x34 ../libopencm3/lib/libopencm3_stm32f1.a(gpio.o)
 .comment       0x0000000000000033       0x34 ../libopencm3/lib/libopencm3_stm32f1.a(gpio_common_all.o)
 .comment       0x0000000000000033       0x34 ../libopencm3/lib/libopencm3_stm32f1.a(rcc.o)
 .comment       0x0000000000000033       0x34 ../libopencm3/lib/libopencm3_stm32f1.a(rcc_common_all.o)
 .comment       0x0000000000000033       0x34 ../libopencm3/lib/libopencm3_stm32f1.a(timer_common_all.o)
 .comment       0x0000000000000033       0x34 ../libopencm3/lib/libopencm3_stm32f1.a(usart_common_all.o)
 .comment       0x0000000000000033       0x34 ../libopencm3/lib/libopencm3_stm32f1.a(usart_common_f124.o)
 .comment       0x0000000000000033       0x34 ../libopencm3/lib/libopencm3_stm32f1.a(vector.o)
 .comment       0x0000000000000033       0x34 ../libopencm3/lib/libopencm3_stm32f1.a(systick.o)
 .comment       0x0000000000000033       0x34 ../libopencm3/lib/libopencm3_stm32f1.a(nvic.o)
 .comment       0x0000000000000033       0x34 ../libopencm3/lib/libopencm3_stm32f1.a(flash_common_all.o)

.ARM.attributes
                0x0000000000000000       0x2d
 .ARM.attributes
                0x0000000000000000       0x2d src/firmware.o
 .ARM.attributes
                0x000000000000002d       0x2d src/timer.o
 .ARM.attributes
                0x000000000000005a       0x2d ../shared/src/core/system.o
 .ARM.attributes
                0x0000000000000087       0x2d ../shared/src/core/uart.o
 .ARM.attributes
                0x00000000000000b4       0x2d ../shared/src/core/ring_buffer.o
 .ARM.attributes
                0x00000000000000e1       0x2d ../libopencm3/lib/libopencm3_stm32f1.a(gpio.o)
 .ARM.attributes
                0x000000000000010e       0x2d ../libopencm3/lib/libopencm3_stm32f1.a(gpio_common_all.o)
 .ARM.attributes
                0x000000000000013b       0x2d ../libopencm3/lib/libopencm3_stm32f1.a(rcc.o)
 .ARM.attributes
                0x0000000000000168       0x2d ../libopencm3/lib/libopencm3_stm32f1.a(rcc_common_all.o)
 .ARM.attributes
                0x0000000000000195       0x2d ../libopencm3/lib/libopencm3_stm32f1.a(timer_common_all.o)
 .ARM.attributes
                0x00000000000001c2       0x2d ../libopencm3/lib/libopencm3_stm32f1.a(usart_common_all.o)
 .ARM.attributes
                0x00000000000001ef       0x2d ../libopencm3/lib/libopencm3_stm32f1.a(usart_common_f124.o)
 .ARM.attributes
                0x000000000000021c       0x2d ../libopencm3/lib/libopencm3_stm32f1.a(vector.o)
 .ARM.attributes
                0x0000000000000249       0x2d ../libopencm3/lib/libopencm3_stm32f1.a(systick.o)
 .ARM.attributes
                0x0000000000000276       0x2d ../libopencm3/lib/libopencm3_stm32f1.a(nvic.o)
 .ARM.attributes
                0x00000000000002a3       0x2d ../libopencm3/lib/libopencm3_stm32f1.a(flash_common_all.o)
 .ARM.attributes
                0x00000000000002d0       0x1d /usr/lib/gcc/arm-none-eabi/10.3.1/thumb/v7-m/nofp/libgcc.a(_arm_addsubsf3.o)
 .ARM.attributes
                0x00000000000002ed       0x1d /usr/lib/gcc/arm-none-eabi/10.3.1/thumb/v7-m/nofp/libgcc.a(_arm_muldivsf3.o)
 .ARM.attributes
                0x000000000000030a       0x1d /usr/lib/gcc/arm-none-eabi/10.3.1/thumb/v7-m/nofp/libgcc.a(_arm_cmpsf2.o)
 .ARM.attributes
                0x0000000000000327       0x1d /usr/lib/gcc/arm-none-eabi/10.3.1/thumb/v7-m/nofp/libgcc.a(_arm_fixunssfsi.o)

.debug_frame    0x0000000000000000     0x118c
 .debug_frame   0x0000000000000000       0x30 src/firmware.o
 .debug_frame   0x0000000000000030       0x48 src/timer.o
 .debug_frame   0x0000000000000078       0x74 ../shared/src/core/system.o
 .debug_frame   0x00000000000000ec       0xc8 ../shared/src/core/uart.o
 .debug_frame   0x00000000000001b4       0x58 ../shared/src/core/ring_buffer.o
 .debug_frame   0x000000000000020c       0x60 ../libopencm3/lib/libopencm3_stm32f1.a(gpio.o)
 .debug_frame   0x000000000000026c       0x80 ../libopencm3/lib/libopencm3_stm32f1.a(gpio_common_all.o)
 .debug_frame   0x00000000000002ec      0x318 ../libopencm3/lib/libopencm3_stm32f1.a(rcc.o)
 .debug_frame   0x0000000000000604       0xe0 ../libopencm3/lib/libopencm3_stm32f1.a(rcc_common_all.o)
 .debug_frame   0x00000000000006e4      0x4d8 ../libopencm3/lib/libopencm3_stm32f1.a(timer_common_all.o)
 .debug_frame   0x0000000000000bbc      0x1ec ../libopencm3/lib/libopencm3_stm32f1.a(usart_common_all.o)
 .debug_frame   0x0000000000000da8       0x60 ../libopencm3/lib/libopencm3_stm32f1.a(usart_common_f124.o)
 .debug_frame   0x0000000000000e08       0x4c ../libopencm3/lib/libopencm3_stm32f1.a(vector.o)
 .debug_frame   0x0000000000000e54       0xd8 ../libopencm3/lib/libopencm3_stm32f1.a(systick.o)
 .debug_frame   0x0000000000000f2c       0xa0 ../libopencm3/lib/libopencm3_stm32f1.a(nvic.o)
 .debug_frame   0x0000000000000fcc       0x50 ../libopencm3/lib/libopencm3_stm32f1.a(flash_common_all.o)
 .debug_frame   0x000000000000101c       0x4c /usr/lib/gcc/arm-none-eabi/10.3.1/thumb/v7-m/nofp/libgcc.a(_arm_addsubsf3.o)
 .debug_frame   0x0000000000001068       0x38 /usr/lib/gcc/arm-none-eabi/10.3.1/thumb/v7-m/nofp/libgcc.a(_arm_muldivsf3.o)
 .debug_frame   0x00000000000010a0       0xc8 /usr/lib/gcc/arm-none-eabi/10.3.1/thumb/v7-m/nofp/libgcc.a(_arm_cmpsf2.o)
 .debug_frame   0x0000000000001168       0x24 /usr/lib/gcc/arm-none-eabi/10.3.1/thumb/v7-m/nofp/libgcc.a(_arm_fixunssfsi.o)

Cross Reference Table

Symbol                                            File
__addsf3                                          /usr/lib/gcc/arm-none-eabi/10.3.1/thumb/v7-m/nofp/libgcc.a(_arm_addsubsf3.o)
__aeabi_cfcmpeq                                   /usr/lib/gcc/arm-none-eabi/10.3.1/thumb/v7-m/nofp/libgcc.a(_arm_cmpsf2.o)
__aeabi_cfcmple                                   /usr/lib/gcc/arm-none-eabi/10.3.1/thumb/v7-m/nofp/libgcc.a(_arm_cmpsf2.o)
__aeabi_cfrcmple                                  /usr/lib/gcc/arm-none-eabi/10.3.1/thumb/v7-m/nofp/libgcc.a(_arm_cmpsf2.o)
__aeabi_f2uiz                                     /usr/lib/gcc/arm-none-eabi/10.3.1/thumb/v7-m/nofp/libgcc.a(_arm_fixunssfsi.o)
                                                  src/timer.o
__aeabi_fadd                                      /usr/lib/gcc/arm-none-eabi/10.3.1/thumb/v7-m/nofp/libgcc.a(_arm_addsubsf3.o)
                                                  src/firmware.o
__aeabi_fcmpeq                                    /usr/lib/gcc/arm-none-eabi/10.3.1/thumb/v7-m/nofp/libgcc.a(_arm_cmpsf2.o)
__aeabi_fcmpge                                    /usr/lib/gcc/arm-none-eabi/10.3.1/thumb/v7-m/nofp/libgcc.a(_arm_cmpsf2.o)
__aeabi_fcmpgt                                    /usr/lib/gcc/arm-none-eabi/10.3.1/thumb/v7-m/nofp/libgcc.a(_arm_cmpsf2.o)
__aeabi_fcmple                                    /usr/lib/gcc/arm-none-eabi/10.3.1/thumb/v7-m/nofp/libgcc.a(_arm_cmpsf2.o)
__aeabi_fcmplt                                    /usr/lib/gcc/arm-none-eabi/10.3.1/thumb/v7-m/nofp/libgcc.a(_arm_cmpsf2.o)
                                                  src/firmware.o
__aeabi_fdiv                                      /usr/lib/gcc/arm-none-eabi/10.3.1/thumb/v7-m/nofp/libgcc.a(_arm_muldivsf3.o)
                                                  src/timer.o
__aeabi_fmul                                      /usr/lib/gcc/arm-none-eabi/10.3.1/thumb/v7-m/nofp/libgcc.a(_arm_muldivsf3.o)
                                                  /usr/lib/gcc/arm-none-eabi/10.3.1/thumb/v7-m/nofp/libgcc.a(_arm_mulsf3.o)
                                                  src/timer.o
__aeabi_frsub                                     /usr/lib/gcc/arm-none-eabi/10.3.1/thumb/v7-m/nofp/libgcc.a(_arm_addsubsf3.o)
__aeabi_fsub                                      /usr/lib/gcc/arm-none-eabi/10.3.1/thumb/v7-m/nofp/libgcc.a(_arm_addsubsf3.o)
__aeabi_i2f                                       /usr/lib/gcc/arm-none-eabi/10.3.1/thumb/v7-m/nofp/libgcc.a(_arm_addsubsf3.o)
__aeabi_l2f                                       /usr/lib/gcc/arm-none-eabi/10.3.1/thumb/v7-m/nofp/libgcc.a(_arm_addsubsf3.o)
__aeabi_ui2f                                      /usr/lib/gcc/arm-none-eabi/10.3.1/thumb/v7-m/nofp/libgcc.a(_arm_addsubsf3.o)
__aeabi_ul2f                                      /usr/lib/gcc/arm-none-eabi/10.3.1/thumb/v7-m/nofp/libgcc.a(_arm_addsubsf3.o)
__cmpsf2                                          /usr/lib/gcc/arm-none-eabi/10.3.1/thumb/v7-m/nofp/libgcc.a(_arm_cmpsf2.o)
__divsf3                                          /usr/lib/gcc/arm-none-eabi/10.3.1/thumb/v7-m/nofp/libgcc.a(_arm_muldivsf3.o)
__eqsf2                                           /usr/lib/gcc/arm-none-eabi/10.3.1/thumb/v7-m/nofp/libgcc.a(_arm_cmpsf2.o)
__fini_array_end                                  ../libopencm3/lib/libopencm3_stm32f1.a(vector.o)
__fini_array_start                                ../libopencm3/lib/libopencm3_stm32f1.a(vector.o)
__fixunssfsi                                      /usr/lib/gcc/arm-none-eabi/10.3.1/thumb/v7-m/nofp/libgcc.a(_arm_fixunssfsi.o)
__floatdisf                                       /usr/lib/gcc/arm-none-eabi/10.3.1/thumb/v7-m/nofp/libgcc.a(_arm_addsubsf3.o)
__floatsisf                                       /usr/lib/gcc/arm-none-eabi/10.3.1/thumb/v7-m/nofp/libgcc.a(_arm_addsubsf3.o)
__floatundisf                                     /usr/lib/gcc/arm-none-eabi/10.3.1/thumb/v7-m/nofp/libgcc.a(_arm_addsubsf3.o)
__floatunsisf                                     /usr/lib/gcc/arm-none-eabi/10.3.1/thumb/v7-m/nofp/libgcc.a(_arm_addsubsf3.o)
__gesf2                                           /usr/lib/gcc/arm-none-eabi/10.3.1/thumb/v7-m/nofp/libgcc.a(_arm_cmpsf2.o)
__gtsf2                                           /usr/lib/gcc/arm-none-eabi/10.3.1/thumb/v7-m/nofp/libgcc.a(_arm_cmpsf2.o)
__init_array_end                                  ../libopencm3/lib/libopencm3_stm32f1.a(vector.o)
__init_array_start                                ../libopencm3/lib/libopencm3_stm32f1.a(vector.o)
__lesf2                                           /usr/lib/gcc/arm-none-eabi/10.3.1/thumb/v7-m/nofp/libgcc.a(_arm_cmpsf2.o)
__ltsf2                                           /usr/lib/gcc/arm-none-eabi/10.3.1/thumb/v7-m/nofp/libgcc.a(_arm_cmpsf2.o)
__mulsf3                                          /usr/lib/gcc/arm-none-eabi/10.3.1/thumb/v7-m/nofp/libgcc.a(_arm_muldivsf3.o)
                                                  /usr/lib/gcc/arm-none-eabi/10.3.1/thumb/v7-m/nofp/libgcc.a(_arm_mulsf3.o)
__nesf2                                           /usr/lib/gcc/arm-none-eabi/10.3.1/thumb/v7-m/nofp/libgcc.a(_arm_cmpsf2.o)
__preinit_array_end                               ../libopencm3/lib/libopencm3_stm32f1.a(vector.o)
__preinit_array_start                             ../libopencm3/lib/libopencm3_stm32f1.a(vector.o)
__subsf3                                          /usr/lib/gcc/arm-none-eabi/10.3.1/thumb/v7-m/nofp/libgcc.a(_arm_addsubsf3.o)
_data                                             ../libopencm3/lib/libopencm3_stm32f1.a(vector.o)
_data_loadaddr                                    ../libopencm3/lib/libopencm3_stm32f1.a(vector.o)
_ebss                                             ../libopencm3/lib/libopencm3_stm32f1.a(vector.o)
_edata                                            ../libopencm3/lib/libopencm3_stm32f1.a(vector.o)
_stack                                            ../libopencm3/lib/libopencm3_stm32f1.a(vector.o)
adc1_2_isr                                        ../libopencm3/lib/libopencm3_stm32f1.a(vector.o)
adc3_isr                                          ../libopencm3/lib/libopencm3_stm32f1.a(vector.o)
blocking_handler                                  ../libopencm3/lib/libopencm3_stm32f1.a(vector.o)
bus_fault_handler                                 ../libopencm3/lib/libopencm3_stm32f1.a(vector.o)
can2_rx0_isr                                      ../libopencm3/lib/libopencm3_stm32f1.a(vector.o)
can2_rx1_isr                                      ../libopencm3/lib/libopencm3_stm32f1.a(vector.o)
can2_sce_isr                                      ../libopencm3/lib/libopencm3_stm32f1.a(vector.o)
can2_tx_isr                                       ../libopencm3/lib/libopencm3_stm32f1.a(vector.o)
can_rx1_isr                                       ../libopencm3/lib/libopencm3_stm32f1.a(vector.o)
can_sce_isr                                       ../libopencm3/lib/libopencm3_stm32f1.a(vector.o)
cm3_assert_failed                                 ../libopencm3/lib/libopencm3_stm32f1.a(assert.o)
                                                  ../libopencm3/lib/libopencm3_stm32f1.a(rcc.o)
cm3_assert_failed_verbose                         ../libopencm3/lib/libopencm3_stm32f1.a(assert.o)
crc8                                              ../shared/src/core/crc8.o
debug_monitor_handler                             ../libopencm3/lib/libopencm3_stm32f1.a(vector.o)
dma1_channel1_isr                                 ../libopencm3/lib/libopencm3_stm32f1.a(vector.o)
dma1_channel2_isr                                 ../libopencm3/lib/libopencm3_stm32f1.a(vector.o)
dma1_channel3_isr                                 ../libopencm3/lib/libopencm3_stm32f1.a(vector.o)
dma1_channel4_isr                                 ../libopencm3/lib/libopencm3_stm32f1.a(vector.o)
dma1_channel5_isr                                 ../libopencm3/lib/libopencm3_stm32f1.a(vector.o)
dma1_channel6_isr                                 ../libopencm3/lib/libopencm3_stm32f1.a(vector.o)
dma1_channel7_isr                                 ../libopencm3/lib/libopencm3_stm32f1.a(vector.o)
dma2_channel1_isr                                 ../libopencm3/lib/libopencm3_stm32f1.a(vector.o)
dma2_channel2_isr                                 ../libopencm3/lib/libopencm3_stm32f1.a(vector.o)
dma2_channel3_isr                                 ../libopencm3/lib/libopencm3_stm32f1.a(vector.o)
dma2_channel4_5_isr                               ../libopencm3/lib/libopencm3_stm32f1.a(vector.o)
dma2_channel5_isr                                 ../libopencm3/lib/libopencm3_stm32f1.a(vector.o)
eth_isr                                           ../libopencm3/lib/libopencm3_stm32f1.a(vector.o)
eth_wkup_isr                                      ../libopencm3/lib/libopencm3_stm32f1.a(vector.o)
exti0_isr                                         ../libopencm3/lib/libopencm3_stm32f1.a(vector.o)
exti15_10_isr                                     ../libopencm3/lib/libopencm3_stm32f1.a(vector.o)
exti1_isr                                         ../libopencm3/lib/libopencm3_stm32f1.a(vector.o)
exti2_isr                                         ../libopencm3/lib/libopencm3_stm32f1.a(vector.o)
exti3_isr                                         ../libopencm3/lib/libopencm3_stm32f1.a(vector.o)
exti4_isr                                         ../libopencm3/lib/libopencm3_stm32f1.a(vector.o)
exti9_5_isr                                       ../libopencm3/lib/libopencm3_stm32f1.a(vector.o)
flash_isr                                         ../libopencm3/lib/libopencm3_stm32f1.a(vector.o)
flash_prefetch_disable                            ../libopencm3/lib/libopencm3_stm32f1.a(flash_common_all.o)
flash_prefetch_enable                             ../libopencm3/lib/libopencm3_stm32f1.a(flash_common_all.o)
flash_set_ws                                      ../libopencm3/lib/libopencm3_stm32f1.a(flash_common_all.o)
                                                  ../libopencm3/lib/libopencm3_stm32f1.a(rcc.o)
flash_unlock_option_bytes                         ../libopencm3/lib/libopencm3_stm32f1.a(flash_common_all.o)
fsmc_isr                                          ../libopencm3/lib/libopencm3_stm32f1.a(vector.o)
gpio_clear                                        ../libopencm3/lib/libopencm3_stm32f1.a(gpio_common_all.o)
gpio_get                                          ../libopencm3/lib/libopencm3_stm32f1.a(gpio_common_all.o)
gpio_port_config_lock                             ../libopencm3/lib/libopencm3_stm32f1.a(gpio_common_all.o)
gpio_port_read                                    ../libopencm3/lib/libopencm3_stm32f1.a(gpio_common_all.o)
gpio_port_write                                   ../libopencm3/lib/libopencm3_stm32f1.a(gpio_common_all.o)
gpio_primary_remap                                ../libopencm3/lib/libopencm3_stm32f1.a(gpio.o)
gpio_secondary_remap                              ../libopencm3/lib/libopencm3_stm32f1.a(gpio.o)
gpio_set                                          ../libopencm3/lib/libopencm3_stm32f1.a(gpio_common_all.o)
gpio_set_eventout                                 ../libopencm3/lib/libopencm3_stm32f1.a(gpio.o)
gpio_set_mode                                     ../libopencm3/lib/libopencm3_stm32f1.a(gpio.o)
                                                  src/firmware.o
gpio_toggle                                       ../libopencm3/lib/libopencm3_stm32f1.a(gpio_common_all.o)
                                                  src/firmware.o
hard_fault_handler                                ../libopencm3/lib/libopencm3_stm32f1.a(vector.o)
i2c1_er_isr                                       ../libopencm3/lib/libopencm3_stm32f1.a(vector.o)
i2c1_ev_isr                                       ../libopencm3/lib/libopencm3_stm32f1.a(vector.o)
i2c2_er_isr                                       ../libopencm3/lib/libopencm3_stm32f1.a(vector.o)
i2c2_ev_isr                                       ../libopencm3/lib/libopencm3_stm32f1.a(vector.o)
main                                              src/firmware.o
                                                  ../libopencm3/lib/libopencm3_stm32f1.a(vector.o)
mem_manage_handler                                ../libopencm3/lib/libopencm3_stm32f1.a(vector.o)
nmi_handler                                       ../libopencm3/lib/libopencm3_stm32f1.a(vector.o)
null_handler                                      ../libopencm3/lib/libopencm3_stm32f1.a(vector.o)
nvic_clear_pending_irq                            ../libopencm3/lib/libopencm3_stm32f1.a(nvic.o)
nvic_disable_irq                                  ../libopencm3/lib/libopencm3_stm32f1.a(nvic.o)
nvic_enable_irq                                   ../libopencm3/lib/libopencm3_stm32f1.a(nvic.o)
                                                  ../shared/src/core/uart.o
nvic_generate_software_interrupt                  ../libopencm3/lib/libopencm3_stm32f1.a(nvic.o)
nvic_get_active_irq                               ../libopencm3/lib/libopencm3_stm32f1.a(nvic.o)
nvic_get_irq_enabled                              ../libopencm3/lib/libopencm3_stm32f1.a(nvic.o)
nvic_get_pending_irq                              ../libopencm3/lib/libopencm3_stm32f1.a(nvic.o)
nvic_set_pending_irq                              ../libopencm3/lib/libopencm3_stm32f1.a(nvic.o)
nvic_set_priority                                 ../libopencm3/lib/libopencm3_stm32f1.a(nvic.o)
otg_fs_isr                                        ../libopencm3/lib/libopencm3_stm32f1.a(vector.o)
pend_sv_handler                                   ../libopencm3/lib/libopencm3_stm32f1.a(vector.o)
pvd_isr                                           ../libopencm3/lib/libopencm3_stm32f1.a(vector.o)
rcc_ahb_frequency                                 ../libopencm3/lib/libopencm3_stm32f1.a(rcc.o)
rcc_apb1_frequency                                ../libopencm3/lib/libopencm3_stm32f1.a(rcc.o)
rcc_apb2_frequency                                ../libopencm3/lib/libopencm3_stm32f1.a(rcc.o)
rcc_backupdomain_reset                            ../libopencm3/lib/libopencm3_stm32f1.a(rcc.o)
rcc_clock_setup_in_hse_12mhz_out_72mhz            ../libopencm3/lib/libopencm3_stm32f1.a(rcc.o)
rcc_clock_setup_in_hse_16mhz_out_72mhz            ../libopencm3/lib/libopencm3_stm32f1.a(rcc.o)
rcc_clock_setup_in_hse_25mhz_out_72mhz            ../libopencm3/lib/libopencm3_stm32f1.a(rcc.o)
rcc_clock_setup_in_hse_8mhz_out_24mhz             ../libopencm3/lib/libopencm3_stm32f1.a(rcc.o)
rcc_clock_setup_in_hse_8mhz_out_72mhz             ../libopencm3/lib/libopencm3_stm32f1.a(rcc.o)
rcc_clock_setup_in_hsi_out_24mhz                  ../libopencm3/lib/libopencm3_stm32f1.a(rcc.o)
rcc_clock_setup_in_hsi_out_48mhz                  ../libopencm3/lib/libopencm3_stm32f1.a(rcc.o)
rcc_clock_setup_in_hsi_out_64mhz                  ../libopencm3/lib/libopencm3_stm32f1.a(rcc.o)
rcc_clock_setup_pll                               ../libopencm3/lib/libopencm3_stm32f1.a(rcc.o)
                                                  ../shared/src/core/system.o
rcc_css_disable                                   ../libopencm3/lib/libopencm3_stm32f1.a(rcc.o)
rcc_css_enable                                    ../libopencm3/lib/libopencm3_stm32f1.a(rcc.o)
rcc_css_int_clear                                 ../libopencm3/lib/libopencm3_stm32f1.a(rcc.o)
rcc_css_int_flag                                  ../libopencm3/lib/libopencm3_stm32f1.a(rcc.o)
rcc_enable_rtc_clock                              ../libopencm3/lib/libopencm3_stm32f1.a(rcc.o)
rcc_get_div_from_hpre                             ../libopencm3/lib/libopencm3_stm32f1.a(rcc_common_all.o)
rcc_get_i2c_clk_freq                              ../libopencm3/lib/libopencm3_stm32f1.a(rcc.o)
rcc_get_timer_clk_freq                            ../libopencm3/lib/libopencm3_stm32f1.a(rcc.o)
rcc_get_usart_clk_freq                            ../libopencm3/lib/libopencm3_stm32f1.a(rcc.o)
                                                  ../libopencm3/lib/libopencm3_stm32f1.a(usart_common_all.o)
rcc_hse_configs                                   ../libopencm3/lib/libopencm3_stm32f1.a(rcc.o)
                                                  ../shared/src/core/system.o
rcc_hsi_configs                                   ../libopencm3/lib/libopencm3_stm32f1.a(rcc.o)
rcc_is_osc_ready                                  ../libopencm3/lib/libopencm3_stm32f1.a(rcc.o)
rcc_isr                                           ../libopencm3/lib/libopencm3_stm32f1.a(vector.o)
rcc_osc_bypass_disable                            ../libopencm3/lib/libopencm3_stm32f1.a(rcc_common_all.o)
rcc_osc_bypass_enable                             ../libopencm3/lib/libopencm3_stm32f1.a(rcc_common_all.o)
rcc_osc_off                                       ../libopencm3/lib/libopencm3_stm32f1.a(rcc.o)
rcc_osc_on                                        ../libopencm3/lib/libopencm3_stm32f1.a(rcc.o)
rcc_osc_ready_int_clear                           ../libopencm3/lib/libopencm3_stm32f1.a(rcc.o)
rcc_osc_ready_int_disable                         ../libopencm3/lib/libopencm3_stm32f1.a(rcc.o)
rcc_osc_ready_int_enable                          ../libopencm3/lib/libopencm3_stm32f1.a(rcc.o)
rcc_osc_ready_int_flag                            ../libopencm3/lib/libopencm3_stm32f1.a(rcc.o)
rcc_periph_clock_disable                          ../libopencm3/lib/libopencm3_stm32f1.a(rcc_common_all.o)
rcc_periph_clock_enable                           ../libopencm3/lib/libopencm3_stm32f1.a(rcc_common_all.o)
                                                  ../shared/src/core/uart.o
                                                  src/timer.o
                                                  src/firmware.o
rcc_periph_reset_hold                             ../libopencm3/lib/libopencm3_stm32f1.a(rcc_common_all.o)
rcc_periph_reset_pulse                            ../libopencm3/lib/libopencm3_stm32f1.a(rcc_common_all.o)
rcc_periph_reset_release                          ../libopencm3/lib/libopencm3_stm32f1.a(rcc_common_all.o)
rcc_peripheral_clear_reset                        ../libopencm3/lib/libopencm3_stm32f1.a(rcc_common_all.o)
rcc_peripheral_disable_clock                      ../libopencm3/lib/libopencm3_stm32f1.a(rcc_common_all.o)
rcc_peripheral_enable_clock                       ../libopencm3/lib/libopencm3_stm32f1.a(rcc_common_all.o)
rcc_peripheral_reset                              ../libopencm3/lib/libopencm3_stm32f1.a(rcc_common_all.o)
rcc_rtc_clock_enabled_flag                        ../libopencm3/lib/libopencm3_stm32f1.a(rcc.o)
rcc_set_adcpre                                    ../libopencm3/lib/libopencm3_stm32f1.a(rcc.o)
rcc_set_hpre                                      ../libopencm3/lib/libopencm3_stm32f1.a(rcc.o)
rcc_set_mco                                       ../libopencm3/lib/libopencm3_stm32f1.a(rcc_common_all.o)
rcc_set_pll2_multiplication_factor                ../libopencm3/lib/libopencm3_stm32f1.a(rcc.o)
rcc_set_pll3_multiplication_factor                ../libopencm3/lib/libopencm3_stm32f1.a(rcc.o)
rcc_set_pll_multiplication_factor                 ../libopencm3/lib/libopencm3_stm32f1.a(rcc.o)
rcc_set_pll_source                                ../libopencm3/lib/libopencm3_stm32f1.a(rcc.o)
rcc_set_pllxtpre                                  ../libopencm3/lib/libopencm3_stm32f1.a(rcc.o)
rcc_set_ppre1                                     ../libopencm3/lib/libopencm3_stm32f1.a(rcc.o)
rcc_set_ppre2                                     ../libopencm3/lib/libopencm3_stm32f1.a(rcc.o)
rcc_set_prediv1                                   ../libopencm3/lib/libopencm3_stm32f1.a(rcc.o)
rcc_set_prediv1_source                            ../libopencm3/lib/libopencm3_stm32f1.a(rcc.o)
rcc_set_prediv2                                   ../libopencm3/lib/libopencm3_stm32f1.a(rcc.o)
rcc_set_rtc_clock_source                          ../libopencm3/lib/libopencm3_stm32f1.a(rcc.o)
rcc_set_sysclk_source                             ../libopencm3/lib/libopencm3_stm32f1.a(rcc.o)
rcc_set_usbpre                                    ../libopencm3/lib/libopencm3_stm32f1.a(rcc.o)
rcc_system_clock_source                           ../libopencm3/lib/libopencm3_stm32f1.a(rcc.o)
rcc_wait_for_osc_ready                            ../libopencm3/lib/libopencm3_stm32f1.a(rcc.o)
reset_handler                                     ../libopencm3/lib/libopencm3_stm32f1.a(vector.o)
ring_buffer_empty                                 ../shared/src/core/ring_buffer.o
                                                  ../shared/src/core/uart.o
ring_buffer_read                                  ../shared/src/core/ring_buffer.o
                                                  ../shared/src/core/uart.o
ring_buffer_setup                                 ../shared/src/core/ring_buffer.o
                                                  ../shared/src/core/uart.o
ring_buffer_write                                 ../shared/src/core/ring_buffer.o
                                                  ../shared/src/core/uart.o
rtc_alarm_isr                                     ../libopencm3/lib/libopencm3_stm32f1.a(vector.o)
rtc_isr                                           ../libopencm3/lib/libopencm3_stm32f1.a(vector.o)
sdio_isr                                          ../libopencm3/lib/libopencm3_stm32f1.a(vector.o)
spi1_isr                                          ../libopencm3/lib/libopencm3_stm32f1.a(vector.o)
spi2_isr                                          ../libopencm3/lib/libopencm3_stm32f1.a(vector.o)
spi3_isr                                          ../libopencm3/lib/libopencm3_stm32f1.a(vector.o)
sv_call_handler                                   ../libopencm3/lib/libopencm3_stm32f1.a(vector.o)
sys_tick_handler                                  ../shared/src/core/system.o
system_delay_ms                                   ../shared/src/core/system.o
                                                  src/firmware.o
system_get_ticks                                  ../shared/src/core/system.o
system_setup                                      ../shared/src/core/system.o
                                                  src/firmware.o
systick_clear                                     ../libopencm3/lib/libopencm3_stm32f1.a(systick.o)
systick_counter_disable                           ../libopencm3/lib/libopencm3_stm32f1.a(systick.o)
systick_counter_enable                            ../libopencm3/lib/libopencm3_stm32f1.a(systick.o)
                                                  ../shared/src/core/system.o
systick_get_calib                                 ../libopencm3/lib/libopencm3_stm32f1.a(systick.o)
systick_get_countflag                             ../libopencm3/lib/libopencm3_stm32f1.a(systick.o)
systick_get_reload                                ../libopencm3/lib/libopencm3_stm32f1.a(systick.o)
systick_get_value                                 ../libopencm3/lib/libopencm3_stm32f1.a(systick.o)
systick_interrupt_disable                         ../libopencm3/lib/libopencm3_stm32f1.a(systick.o)
systick_interrupt_enable                          ../libopencm3/lib/libopencm3_stm32f1.a(systick.o)
                                                  ../shared/src/core/system.o
systick_set_clocksource                           ../libopencm3/lib/libopencm3_stm32f1.a(systick.o)
systick_set_frequency                             ../libopencm3/lib/libopencm3_stm32f1.a(systick.o)
                                                  ../shared/src/core/system.o
systick_set_reload                                ../libopencm3/lib/libopencm3_stm32f1.a(systick.o)
tamper_isr                                        ../libopencm3/lib/libopencm3_stm32f1.a(vector.o)
tim1_brk_isr                                      ../libopencm3/lib/libopencm3_stm32f1.a(vector.o)
tim1_cc_isr                                       ../libopencm3/lib/libopencm3_stm32f1.a(vector.o)
tim1_trg_com_isr                                  ../libopencm3/lib/libopencm3_stm32f1.a(vector.o)
tim1_up_isr                                       ../libopencm3/lib/libopencm3_stm32f1.a(vector.o)
tim2_isr                                          ../libopencm3/lib/libopencm3_stm32f1.a(vector.o)
tim3_isr                                          ../libopencm3/lib/libopencm3_stm32f1.a(vector.o)
tim4_isr                                          ../libopencm3/lib/libopencm3_stm32f1.a(vector.o)
tim5_isr                                          ../libopencm3/lib/libopencm3_stm32f1.a(vector.o)
tim6_isr                                          ../libopencm3/lib/libopencm3_stm32f1.a(vector.o)
tim7_isr                                          ../libopencm3/lib/libopencm3_stm32f1.a(vector.o)
tim8_brk_isr                                      ../libopencm3/lib/libopencm3_stm32f1.a(vector.o)
tim8_cc_isr                                       ../libopencm3/lib/libopencm3_stm32f1.a(vector.o)
tim8_trg_com_isr                                  ../libopencm3/lib/libopencm3_stm32f1.a(vector.o)
tim8_up_isr                                       ../libopencm3/lib/libopencm3_stm32f1.a(vector.o)
timer_clear_flag                                  ../libopencm3/lib/libopencm3_stm32f1.a(timer_common_all.o)
timer_continuous_mode                             ../libopencm3/lib/libopencm3_stm32f1.a(timer_common_all.o)
timer_direction_down                              ../libopencm3/lib/libopencm3_stm32f1.a(timer_common_all.o)
timer_direction_up                                ../libopencm3/lib/libopencm3_stm32f1.a(timer_common_all.o)
timer_disable_break                               ../libopencm3/lib/libopencm3_stm32f1.a(timer_common_all.o)
timer_disable_break_automatic_output              ../libopencm3/lib/libopencm3_stm32f1.a(timer_common_all.o)
timer_disable_break_main_output                   ../libopencm3/lib/libopencm3_stm32f1.a(timer_common_all.o)
timer_disable_compare_control_update_on_trigger   ../libopencm3/lib/libopencm3_stm32f1.a(timer_common_all.o)
timer_disable_counter                             ../libopencm3/lib/libopencm3_stm32f1.a(timer_common_all.o)
timer_disable_irq                                 ../libopencm3/lib/libopencm3_stm32f1.a(timer_common_all.o)
timer_disable_oc_clear                            ../libopencm3/lib/libopencm3_stm32f1.a(timer_common_all.o)
timer_disable_oc_output                           ../libopencm3/lib/libopencm3_stm32f1.a(timer_common_all.o)
timer_disable_oc_preload                          ../libopencm3/lib/libopencm3_stm32f1.a(timer_common_all.o)
timer_disable_preload                             ../libopencm3/lib/libopencm3_stm32f1.a(timer_common_all.o)
timer_disable_preload_complementry_enable_bits    ../libopencm3/lib/libopencm3_stm32f1.a(timer_common_all.o)
timer_disable_update_event                        ../libopencm3/lib/libopencm3_stm32f1.a(timer_common_all.o)
timer_enable_break                                ../libopencm3/lib/libopencm3_stm32f1.a(timer_common_all.o)
timer_enable_break_automatic_output               ../libopencm3/lib/libopencm3_stm32f1.a(timer_common_all.o)
timer_enable_break_main_output                    ../libopencm3/lib/libopencm3_stm32f1.a(timer_common_all.o)
timer_enable_compare_control_update_on_trigger    ../libopencm3/lib/libopencm3_stm32f1.a(timer_common_all.o)
timer_enable_counter                              ../libopencm3/lib/libopencm3_stm32f1.a(timer_common_all.o)
                                                  src/timer.o
timer_enable_irq                                  ../libopencm3/lib/libopencm3_stm32f1.a(timer_common_all.o)
timer_enable_oc_clear                             ../libopencm3/lib/libopencm3_stm32f1.a(timer_common_all.o)
timer_enable_oc_output                            ../libopencm3/lib/libopencm3_stm32f1.a(timer_common_all.o)
                                                  src/timer.o
timer_enable_oc_preload                           ../libopencm3/lib/libopencm3_stm32f1.a(timer_common_all.o)
timer_enable_preload                              ../libopencm3/lib/libopencm3_stm32f1.a(timer_common_all.o)
timer_enable_preload_complementry_enable_bits     ../libopencm3/lib/libopencm3_stm32f1.a(timer_common_all.o)
timer_enable_update_event                         ../libopencm3/lib/libopencm3_stm32f1.a(timer_common_all.o)
timer_generate_event                              ../libopencm3/lib/libopencm3_stm32f1.a(timer_common_all.o)
timer_get_counter                                 ../libopencm3/lib/libopencm3_stm32f1.a(timer_common_all.o)
timer_get_flag                                    ../libopencm3/lib/libopencm3_stm32f1.a(timer_common_all.o)
timer_ic_disable                                  ../libopencm3/lib/libopencm3_stm32f1.a(timer_common_all.o)
timer_ic_enable                                   ../libopencm3/lib/libopencm3_stm32f1.a(timer_common_all.o)
timer_ic_set_filter                               ../libopencm3/lib/libopencm3_stm32f1.a(timer_common_all.o)
timer_ic_set_input                                ../libopencm3/lib/libopencm3_stm32f1.a(timer_common_all.o)
timer_ic_set_prescaler                            ../libopencm3/lib/libopencm3_stm32f1.a(timer_common_all.o)
timer_interrupt_source                            ../libopencm3/lib/libopencm3_stm32f1.a(timer_common_all.o)
timer_one_shot_mode                               ../libopencm3/lib/libopencm3_stm32f1.a(timer_common_all.o)
timer_reset_output_idle_state                     ../libopencm3/lib/libopencm3_stm32f1.a(timer_common_all.o)
timer_set_alignment                               ../libopencm3/lib/libopencm3_stm32f1.a(timer_common_all.o)
timer_set_break_lock                              ../libopencm3/lib/libopencm3_stm32f1.a(timer_common_all.o)
timer_set_break_polarity_high                     ../libopencm3/lib/libopencm3_stm32f1.a(timer_common_all.o)
timer_set_break_polarity_low                      ../libopencm3/lib/libopencm3_stm32f1.a(timer_common_all.o)
timer_set_clock_division                          ../libopencm3/lib/libopencm3_stm32f1.a(timer_common_all.o)
timer_set_counter                                 ../libopencm3/lib/libopencm3_stm32f1.a(timer_common_all.o)
timer_set_deadtime                                ../libopencm3/lib/libopencm3_stm32f1.a(timer_common_all.o)
timer_set_disabled_off_state_in_idle_mode         ../libopencm3/lib/libopencm3_stm32f1.a(timer_common_all.o)
timer_set_disabled_off_state_in_run_mode          ../libopencm3/lib/libopencm3_stm32f1.a(timer_common_all.o)
timer_set_dma_on_compare_event                    ../libopencm3/lib/libopencm3_stm32f1.a(timer_common_all.o)
timer_set_dma_on_update_event                     ../libopencm3/lib/libopencm3_stm32f1.a(timer_common_all.o)
timer_set_enabled_off_state_in_idle_mode          ../libopencm3/lib/libopencm3_stm32f1.a(timer_common_all.o)
timer_set_enabled_off_state_in_run_mode           ../libopencm3/lib/libopencm3_stm32f1.a(timer_common_all.o)
timer_set_master_mode                             ../libopencm3/lib/libopencm3_stm32f1.a(timer_common_all.o)
timer_set_mode                                    ../libopencm3/lib/libopencm3_stm32f1.a(timer_common_all.o)
                                                  src/timer.o
timer_set_oc_fast_mode                            ../libopencm3/lib/libopencm3_stm32f1.a(timer_common_all.o)
timer_set_oc_idle_state_set                       ../libopencm3/lib/libopencm3_stm32f1.a(timer_common_all.o)
timer_set_oc_idle_state_unset                     ../libopencm3/lib/libopencm3_stm32f1.a(timer_common_all.o)
timer_set_oc_mode                                 ../libopencm3/lib/libopencm3_stm32f1.a(timer_common_all.o)
                                                  src/timer.o
timer_set_oc_polarity_high                        ../libopencm3/lib/libopencm3_stm32f1.a(timer_common_all.o)
timer_set_oc_polarity_low                         ../libopencm3/lib/libopencm3_stm32f1.a(timer_common_all.o)
timer_set_oc_slow_mode                            ../libopencm3/lib/libopencm3_stm32f1.a(timer_common_all.o)
timer_set_oc_value                                ../libopencm3/lib/libopencm3_stm32f1.a(timer_common_all.o)
                                                  src/timer.o
timer_set_output_idle_state                       ../libopencm3/lib/libopencm3_stm32f1.a(timer_common_all.o)
timer_set_period                                  ../libopencm3/lib/libopencm3_stm32f1.a(timer_common_all.o)
                                                  src/timer.o
timer_set_prescaler                               ../libopencm3/lib/libopencm3_stm32f1.a(timer_common_all.o)
                                                  src/timer.o
timer_set_pwm_duty_cycle                          src/timer.o
                                                  src/firmware.o
timer_set_repetition_counter                      ../libopencm3/lib/libopencm3_stm32f1.a(timer_common_all.o)
timer_set_ti1_ch1                                 ../libopencm3/lib/libopencm3_stm32f1.a(timer_common_all.o)
timer_set_ti1_ch123_xor                           ../libopencm3/lib/libopencm3_stm32f1.a(timer_common_all.o)
timer_setup                                       src/timer.o
                                                  src/firmware.o
timer_slave_set_extclockmode2                     ../libopencm3/lib/libopencm3_stm32f1.a(timer_common_all.o)
timer_slave_set_filter                            ../libopencm3/lib/libopencm3_stm32f1.a(timer_common_all.o)
timer_slave_set_mode                              ../libopencm3/lib/libopencm3_stm32f1.a(timer_common_all.o)
timer_slave_set_polarity                          ../libopencm3/lib/libopencm3_stm32f1.a(timer_common_all.o)
timer_slave_set_prescaler                         ../libopencm3/lib/libopencm3_stm32f1.a(timer_common_all.o)
timer_slave_set_trigger                           ../libopencm3/lib/libopencm3_stm32f1.a(timer_common_all.o)
timer_update_on_any                               ../libopencm3/lib/libopencm3_stm32f1.a(timer_common_all.o)
timer_update_on_overflow                          ../libopencm3/lib/libopencm3_stm32f1.a(timer_common_all.o)
uart4_isr                                         ../libopencm3/lib/libopencm3_stm32f1.a(vector.o)
uart5_isr                                         ../libopencm3/lib/libopencm3_stm32f1.a(vector.o)
uart_data_available                               ../shared/src/core/uart.o
                                                  src/firmware.o
uart_read                                         ../shared/src/core/uart.o
uart_read_byte                                    ../shared/src/core/uart.o
                                                  src/firmware.o
uart_setup                                        ../shared/src/core/uart.o
                                                  src/firmware.o
uart_write                                        ../shared/src/core/uart.o
uart_write_byte                                   ../shared/src/core/uart.o
                                                  src/firmware.o
usage_fault_handler                               ../libopencm3/lib/libopencm3_stm32f1.a(vector.o)
usart1_isr                                        ../libopencm3/lib/libopencm3_stm32f1.a(vector.o)
usart2_isr                                        ../shared/src/core/uart.o
usart3_isr                                        ../libopencm3/lib/libopencm3_stm32f1.a(vector.o)
usart_disable                                     ../libopencm3/lib/libopencm3_stm32f1.a(usart_common_all.o)
usart_disable_error_interrupt                     ../libopencm3/lib/libopencm3_stm32f1.a(usart_common_all.o)
usart_disable_idle_interrupt                      ../libopencm3/lib/libopencm3_stm32f1.a(usart_common_all.o)
usart_disable_rx_dma                              ../libopencm3/lib/libopencm3_stm32f1.a(usart_common_all.o)
usart_disable_rx_interrupt                        ../libopencm3/lib/libopencm3_stm32f1.a(usart_common_all.o)
usart_disable_tx_complete_interrupt               ../libopencm3/lib/libopencm3_stm32f1.a(usart_common_all.o)
usart_disable_tx_dma                              ../libopencm3/lib/libopencm3_stm32f1.a(usart_common_all.o)
usart_disable_tx_interrupt                        ../libopencm3/lib/libopencm3_stm32f1.a(usart_common_all.o)
usart_enable                                      ../libopencm3/lib/libopencm3_stm32f1.a(usart_common_all.o)
                                                  ../shared/src/core/uart.o
usart_enable_error_interrupt                      ../libopencm3/lib/libopencm3_stm32f1.a(usart_common_all.o)
usart_enable_idle_interrupt                       ../libopencm3/lib/libopencm3_stm32f1.a(usart_common_all.o)
usart_enable_rx_dma                               ../libopencm3/lib/libopencm3_stm32f1.a(usart_common_all.o)
usart_enable_rx_interrupt                         ../libopencm3/lib/libopencm3_stm32f1.a(usart_common_all.o)
                                                  ../shared/src/core/uart.o
usart_enable_tx_complete_interrupt                ../libopencm3/lib/libopencm3_stm32f1.a(usart_common_all.o)
usart_enable_tx_dma                               ../libopencm3/lib/libopencm3_stm32f1.a(usart_common_all.o)
usart_enable_tx_interrupt                         ../libopencm3/lib/libopencm3_stm32f1.a(usart_common_all.o)
usart_get_databits                                ../libopencm3/lib/libopencm3_stm32f1.a(usart_common_all.o)
usart_get_flag                                    ../libopencm3/lib/libopencm3_stm32f1.a(usart_common_f124.o)
                                                  ../shared/src/core/uart.o
usart_get_parity                                  ../libopencm3/lib/libopencm3_stm32f1.a(usart_common_all.o)
usart_get_stopbits                                ../libopencm3/lib/libopencm3_stm32f1.a(usart_common_all.o)
usart_recv                                        ../libopencm3/lib/libopencm3_stm32f1.a(usart_common_f124.o)
                                                  ../libopencm3/lib/libopencm3_stm32f1.a(usart_common_all.o)
                                                  ../shared/src/core/uart.o
usart_recv_blocking                               ../libopencm3/lib/libopencm3_stm32f1.a(usart_common_all.o)
usart_send                                        ../libopencm3/lib/libopencm3_stm32f1.a(usart_common_f124.o)
                                                  ../libopencm3/lib/libopencm3_stm32f1.a(usart_common_all.o)
usart_send_blocking                               ../libopencm3/lib/libopencm3_stm32f1.a(usart_common_all.o)
                                                  ../shared/src/core/uart.o
usart_set_baudrate                                ../libopencm3/lib/libopencm3_stm32f1.a(usart_common_all.o)
                                                  ../shared/src/core/uart.o
usart_set_databits                                ../libopencm3/lib/libopencm3_stm32f1.a(usart_common_all.o)
                                                  ../shared/src/core/uart.o
usart_set_flow_control                            ../libopencm3/lib/libopencm3_stm32f1.a(usart_common_all.o)
                                                  ../shared/src/core/uart.o
usart_set_mode                                    ../libopencm3/lib/libopencm3_stm32f1.a(usart_common_all.o)
                                                  ../shared/src/core/uart.o
usart_set_parity                                  ../libopencm3/lib/libopencm3_stm32f1.a(usart_common_all.o)
                                                  ../shared/src/core/uart.o
usart_set_stopbits                                ../libopencm3/lib/libopencm3_stm32f1.a(usart_common_all.o)
                                                  ../shared/src/core/uart.o
usart_wait_recv_ready                             ../libopencm3/lib/libopencm3_stm32f1.a(usart_common_f124.o)
                                                  ../libopencm3/lib/libopencm3_stm32f1.a(usart_common_all.o)
usart_wait_send_ready                             ../libopencm3/lib/libopencm3_stm32f1.a(usart_common_f124.o)
                                                  ../libopencm3/lib/libopencm3_stm32f1.a(usart_common_all.o)
usb_hp_can_tx_isr                                 ../libopencm3/lib/libopencm3_stm32f1.a(vector.o)
usb_lp_can_rx0_isr                                ../libopencm3/lib/libopencm3_stm32f1.a(vector.o)
usb_wakeup_isr                                    ../libopencm3/lib/libopencm3_stm32f1.a(vector.o)
vector_table                                      ../libopencm3/lib/libopencm3_stm32f1.a(vector.o)
wwdg_isr                                          ../libopencm3/lib/libopencm3_stm32f1.a(vector.o)
