Archive member included to satisfy reference by file (symbol)

../../libopencm3/lib/libopencm3_stm32f1.a(flash.o)
                              src/bl-flash.o (flash_program_half_word)
../../libopencm3/lib/libopencm3_stm32f1.a(flash_common_f.o)
                              src/bl-flash.o (flash_unlock)
../../libopencm3/lib/libopencm3_stm32f1.a(flash_common_f01.o)
                              ../../libopencm3/lib/libopencm3_stm32f1.a(flash.o) (flash_clear_pgerr_flag)
../../libopencm3/lib/libopencm3_stm32f1.a(gpio.o)
                              src/bootloader.o (gpio_set_mode)
../../libopencm3/lib/libopencm3_stm32f1.a(gpio_common_all.o)
                              src/bootloader.o (gpio_toggle)
../../libopencm3/lib/libopencm3_stm32f1.a(rcc.o)
                              ../shared/src/core/system.o (rcc_clock_setup_pll)
../../libopencm3/lib/libopencm3_stm32f1.a(rcc_common_all.o)
                              src/bootloader.o (rcc_periph_clock_enable)
../../libopencm3/lib/libopencm3_stm32f1.a(usart_common_all.o)
                              ../shared/src/core/uart.o (usart_set_baudrate)
../../libopencm3/lib/libopencm3_stm32f1.a(usart_common_f124.o)
                              ../../libopencm3/lib/libopencm3_stm32f1.a(usart_common_all.o) (usart_send)
../../libopencm3/lib/libopencm3_stm32f1.a(vector.o)
                              (reset_handler)
../../libopencm3/lib/libopencm3_stm32f1.a(systick.o)
                              ../shared/src/core/system.o (systick_set_frequency)
../../libopencm3/lib/libopencm3_stm32f1.a(nvic.o)
                              ../shared/src/core/uart.o (nvic_enable_irq)
../../libopencm3/lib/libopencm3_stm32f1.a(assert.o)
                              ../../libopencm3/lib/libopencm3_stm32f1.a(rcc.o) (cm3_assert_failed)
../../libopencm3/lib/libopencm3_stm32f1.a(desig_common_v1.o)
                              ../../libopencm3/lib/libopencm3_stm32f1.a(flash.o) (desig_get_flash_size)
../../libopencm3/lib/libopencm3_stm32f1.a(flash_common_all.o)
                              ../../libopencm3/lib/libopencm3_stm32f1.a(rcc.o) (flash_set_ws)
/usr/lib/gcc/arm-none-eabi/10.3.1/../../../arm-none-eabi/lib/thumb/v7-m/nofp/libc.a(lib_a-memmove.o)
                              src/comms.o (memmove)
/usr/lib/gcc/arm-none-eabi/10.3.1/../../../arm-none-eabi/lib/thumb/v7-m/nofp/libc.a(lib_a-memset.o)
                              src/comms.o (memset)

Discarded input sections

 .group         0x0000000000000000        0xc src/bootloader.o
 .group         0x0000000000000000        0xc src/bootloader.o
 .group         0x0000000000000000        0xc src/bootloader.o
 .group         0x0000000000000000        0xc src/bootloader.o
 .group         0x0000000000000000        0xc src/bootloader.o
 .group         0x0000000000000000        0xc src/bootloader.o
 .group         0x0000000000000000        0xc src/bootloader.o
 .group         0x0000000000000000        0xc src/bootloader.o
 .group         0x0000000000000000        0xc src/bootloader.o
 .group         0x0000000000000000        0xc src/bootloader.o
 .group         0x0000000000000000        0xc src/bootloader.o
 .group         0x0000000000000000        0xc src/bootloader.o
 .group         0x0000000000000000        0xc src/bootloader.o
 .group         0x0000000000000000        0xc src/bootloader.o
 .group         0x0000000000000000        0xc src/bootloader.o
 .group         0x0000000000000000        0xc src/bootloader.o
 .group         0x0000000000000000        0xc src/bootloader.o
 .group         0x0000000000000000        0xc src/bootloader.o
 .group         0x0000000000000000        0xc src/bootloader.o
 .group         0x0000000000000000        0xc src/bootloader.o
 .group         0x0000000000000000        0xc src/bootloader.o
 .group         0x0000000000000000        0xc src/bootloader.o
 .group         0x0000000000000000        0xc src/bootloader.o
 .group         0x0000000000000000        0xc src/bootloader.o
 .group         0x0000000000000000        0xc src/bootloader.o
 .group         0x0000000000000000        0xc src/bootloader.o
 .group         0x0000000000000000        0xc src/bootloader.o
 .group         0x0000000000000000        0xc src/bootloader.o
 .group         0x0000000000000000        0xc src/bootloader.o
 .group         0x0000000000000000        0xc src/bootloader.o
 .group         0x0000000000000000        0xc src/bootloader.o
 .group         0x0000000000000000        0xc src/bootloader.o
 .group         0x0000000000000000        0xc src/bootloader.o
 .group         0x0000000000000000        0xc src/bootloader.o
 .text          0x0000000000000000        0x0 src/bootloader.o
 .data          0x0000000000000000        0x0 src/bootloader.o
 .bss           0x0000000000000000        0x0 src/bootloader.o
 .group         0x0000000000000000        0xc src/comms.o
 .group         0x0000000000000000        0xc src/comms.o
 .group         0x0000000000000000        0xc src/comms.o
 .group         0x0000000000000000        0xc src/comms.o
[...]
Memory Configuration

Name             Origin             Length             Attributes
ram              0x0000000020000000 0x0000000000005000 xrw
rom              0x0000000008000000 0x0000000000006000 xr
*default*        0x0000000000000000 0xffffffffffffffff

Linker script and memory map

LOAD src/bootloader.o
LOAD src/comms.o
LOAD src/bl-flash.o
LOAD ../shared/src/core/system.o
LOAD ../shared/src/core/simple-timer.o
LOAD ../shared/src/core/crc8.o
LOAD ../shared/src/core/uart.o
LOAD ../shared/src/core/ring_buffer.o
LOAD ../../libopencm3/lib/libopencm3_stm32f1.a
START GROUP
LOAD /usr/lib/gcc/arm-none-eabi/10.3.1/../../../arm-none-eabi/lib/thumb/v7-m/nofp/libc.a
LOAD /usr/lib/gcc/arm-none-eabi/10.3.1/thumb/v7-m/nofp/libgcc.a
LOAD /usr/lib/gcc/arm-none-eabi/10.3.1/../../../arm-none-eabi/lib/thumb/v7-m/nofp/libnosys.a
END GROUP
START GROUP
LOAD /usr/lib/gcc/arm-none-eabi/10.3.1/thumb/v7-m/nofp/libgcc.a
LOAD /usr/lib/gcc/arm-none-eabi/10.3.1/../../../arm-none-eabi/lib/thumb/v7-m/nofp/libg.a
LOAD /usr/lib/gcc/arm-none-eabi/10.3.1/../../../arm-none-eabi/lib/thumb/v7-m/nofp/libc.a
END GROUP

.text           0x0000000008000000     0x1198
 *(.vectors)
 .vectors       0x0000000008000000      0x150 ../../libopencm3/lib/libopencm3_stm32f1.a(vector.o)
                0x0000000008000000                vector_table
 *(.text*)
 .text.bootloading_process_failed
                0x0000000008000150       0x24 src/bootloader.o
 .text.startup.main
                0x0000000008000174      0x2c4 src/bootloader.o
                0x0000000008000174                main
 .text.comms_packets_available
                0x0000000008000438       0x18 src/comms.o
                0x0000000008000438                comms_packets_available
 .text.comms_packet_copy
                0x0000000008000450       0x1e src/comms.o
                0x0000000008000450                comms_packet_copy
 *fill*         0x000000000800046e        0x2 
 .text.comms_read
                0x0000000008000470       0x34 src/comms.o
                0x0000000008000470                comms_read
 .text.comms_is_single_byte_packet
                0x00000000080004a4       0x24 src/comms.o
                0x00000000080004a4                comms_is_single_byte_packet
 .text.comms_write
                0x00000000080004c8       0x30 src/comms.o
                0x00000000080004c8                comms_write
 .text.comms_update
                0x00000000080004f8       0xd4 src/comms.o
                0x00000000080004f8                comms_update
 .text.comms_create_single_byte_packet
                0x00000000080005cc       0x20 src/comms.o
                0x00000000080005cc                comms_create_single_byte_packet
 .text.comms_setup
                0x00000000080005ec       0x2c src/comms.o
                0x00000000080005ec                comms_setup
 .text.bl_flash_erase_main_application
                0x0000000008000618       0x28 src/bl-flash.o
                0x0000000008000618                bl_flash_erase_main_application
 .text.bl_flash_write
                0x0000000008000640       0x3e src/bl-flash.o
                0x0000000008000640                bl_flash_write
 *fill*         0x000000000800067e        0x2 
 .text.sys_tick_handler
                0x0000000008000680       0x18 ../shared/src/core/system.o
                0x0000000008000680                sys_tick_handler
 .text.system_get_ticks
                0x0000000008000698        0xc ../shared/src/core/system.o
                0x0000000008000698                system_get_ticks
 .text.system_setup
                0x00000000080006a4       0x28 ../shared/src/core/system.o
                0x00000000080006a4                system_setup
 .text.system_delay_ms
                0x00000000080006cc       0x24 ../shared/src/core/system.o
                0x00000000080006cc                system_delay_ms
 .text.simple_timer_setup
                0x00000000080006f0       0x22 ../shared/src/core/simple-timer.o
                0x00000000080006f0                simple_timer_setup
 .text.simple_timer_reset
                0x0000000008000712       0x26 ../shared/src/core/simple-timer.o
                0x0000000008000712                simple_timer_reset
 .text.simple_timer_has_elapsed
                0x0000000008000738       0x3c ../shared/src/core/simple-timer.o
                0x0000000008000738                simple_timer_has_elapsed
 .text.crc8     0x0000000008000774       0x30 ../shared/src/core/crc8.o
                0x0000000008000774                crc8
 .text.usart2_isr
                0x00000000080007a4       0x34 ../shared/src/core/uart.o
                0x00000000080007a4                usart2_isr
 .text.uart_setup
                0x00000000080007d8       0x6c ../shared/src/core/uart.o
                0x00000000080007d8                uart_setup
 .text.uart_write_byte
                0x0000000008000844        0xc ../shared/src/core/uart.o
                0x0000000008000844                uart_write_byte
 .text.uart_write
                0x0000000008000850       0x16 ../shared/src/core/uart.o
                0x0000000008000850                uart_write
 *fill*         0x0000000008000866        0x2 
 .text.uart_read
                0x0000000008000868       0x28 ../shared/src/core/uart.o
                0x0000000008000868                uart_read
 .text.uart_read_byte
                0x0000000008000890       0x16 ../shared/src/core/uart.o
                0x0000000008000890                uart_read_byte
 *fill*         0x00000000080008a6        0x2 
 .text.uart_data_available
                0x00000000080008a8       0x14 ../shared/src/core/uart.o
                0x00000000080008a8                uart_data_available
 .text.ring_buffer_setup
                0x00000000080008bc        0xe ../shared/src/core/ring_buffer.o
                0x00000000080008bc                ring_buffer_setup
 .text.ring_buffer_read
                0x00000000080008ca       0x1e ../shared/src/core/ring_buffer.o
                0x00000000080008ca                ring_buffer_read
 .text.ring_buffer_write
                0x00000000080008e8       0x1e ../shared/src/core/ring_buffer.o
                0x00000000080008e8                ring_buffer_write
 .text.ring_buffer_empty
                0x0000000008000906        0xc ../shared/src/core/ring_buffer.o
                0x0000000008000906                ring_buffer_empty
 *fill*         0x0000000008000912        0x2 
 .text.flash_get_status_flags
                0x0000000008000914       0x20 ../../libopencm3/lib/libopencm3_stm32f1.a(flash.o)
                0x0000000008000914                flash_get_status_flags
 .text.flash_program_half_word
                0x0000000008000934       0x64 ../../libopencm3/lib/libopencm3_stm32f1.a(flash.o)
                0x0000000008000934                flash_program_half_word
 .text.flash_erase_page
                0x0000000008000998       0x74 ../../libopencm3/lib/libopencm3_stm32f1.a(flash.o)
                0x0000000008000998                flash_erase_page
 .text.flash_unlock
                0x0000000008000a0c       0x18 ../../libopencm3/lib/libopencm3_stm32f1.a(flash_common_f.o)
                0x0000000008000a0c                flash_unlock
 .text.flash_lock
                0x0000000008000a24       0x10 ../../libopencm3/lib/libopencm3_stm32f1.a(flash_common_f.o)
                0x0000000008000a24                flash_lock
 .text.flash_wait_for_last_operation
                0x0000000008000a34        0xc ../../libopencm3/lib/libopencm3_stm32f1.a(flash_common_f01.o)
                0x0000000008000a34                flash_wait_for_last_operation
 .text.gpio_set_mode
                0x0000000008000a40       0x5e ../../libopencm3/lib/libopencm3_stm32f1.a(gpio.o)
                0x0000000008000a40                gpio_set_mode
 .text.gpio_toggle
                0x0000000008000a9e       0x12 ../../libopencm3/lib/libopencm3_stm32f1.a(gpio_common_all.o)
                0x0000000008000a9e                gpio_toggle
 .text.rcc_is_osc_ready
                0x0000000008000ab0       0x58 ../../libopencm3/lib/libopencm3_stm32f1.a(rcc.o)
                0x0000000008000ab0                rcc_is_osc_ready
 .text.rcc_wait_for_osc_ready
                0x0000000008000b08       0x10 ../../libopencm3/lib/libopencm3_stm32f1.a(rcc.o)
                0x0000000008000b08                rcc_wait_for_osc_ready
 .text.rcc_osc_on
                0x0000000008000b18       0x60 ../../libopencm3/lib/libopencm3_stm32f1.a(rcc.o)
                0x0000000008000b18                rcc_osc_on
 .text.rcc_set_sysclk_source
                0x0000000008000b78       0x14 ../../libopencm3/lib/libopencm3_stm32f1.a(rcc.o)
                0x0000000008000b78                rcc_set_sysclk_source
 .text.rcc_set_pll_multiplication_factor
                0x0000000008000b8c       0x14 ../../libopencm3/lib/libopencm3_stm32f1.a(rcc.o)
                0x0000000008000b8c                rcc_set_pll_multiplication_factor
 .text.rcc_set_pll2_multiplication_factor
                0x0000000008000ba0       0x14 ../../libopencm3/lib/libopencm3_stm32f1.a(rcc.o)
                0x0000000008000ba0                rcc_set_pll2_multiplication_factor
 .text.rcc_set_pll3_multiplication_factor
                0x0000000008000bb4       0x14 ../../libopencm3/lib/libopencm3_stm32f1.a(rcc.o)
                0x0000000008000bb4                rcc_set_pll3_multiplication_factor
 .text.rcc_set_pll_source
                0x0000000008000bc8       0x14 ../../libopencm3/lib/libopencm3_stm32f1.a(rcc.o)
                0x0000000008000bc8                rcc_set_pll_source
 .text.rcc_set_pllxtpre
                0x0000000008000bdc       0x14 ../../libopencm3/lib/libopencm3_stm32f1.a(rcc.o)
                0x0000000008000bdc                rcc_set_pllxtpre
 .text.rcc_set_adcpre
                0x0000000008000bf0       0x14 ../../libopencm3/lib/libopencm3_stm32f1.a(rcc.o)
                0x0000000008000bf0                rcc_set_adcpre
 .text.rcc_set_ppre2
                0x0000000008000c04       0x14 ../../libopencm3/lib/libopencm3_stm32f1.a(rcc.o)
                0x0000000008000c04                rcc_set_ppre2
 .text.rcc_set_ppre1
                0x0000000008000c18       0x14 ../../libopencm3/lib/libopencm3_stm32f1.a(rcc.o)
                0x0000000008000c18                rcc_set_ppre1
 .text.rcc_set_hpre
                0x0000000008000c2c       0x14 ../../libopencm3/lib/libopencm3_stm32f1.a(rcc.o)
                0x0000000008000c2c                rcc_set_hpre
 .text.rcc_set_usbpre
                0x0000000008000c40       0x18 ../../libopencm3/lib/libopencm3_stm32f1.a(rcc.o)
                0x0000000008000c40                rcc_set_usbpre
 .text.rcc_set_prediv1
                0x0000000008000c58       0x14 ../../libopencm3/lib/libopencm3_stm32f1.a(rcc.o)
                0x0000000008000c58                rcc_set_prediv1
 .text.rcc_set_prediv2
                0x0000000008000c6c       0x14 ../../libopencm3/lib/libopencm3_stm32f1.a(rcc.o)
                0x0000000008000c6c                rcc_set_prediv2
 .text.rcc_set_prediv1_source
                0x0000000008000c80       0x18 ../../libopencm3/lib/libopencm3_stm32f1.a(rcc.o)
                0x0000000008000c80                rcc_set_prediv1_source
 .text.rcc_clock_setup_pll
                0x0000000008000c98       0xbc ../../libopencm3/lib/libopencm3_stm32f1.a(rcc.o)
                0x0000000008000c98                rcc_clock_setup_pll
 .text.rcc_get_usart_clk_freq
                0x0000000008000d54       0x1c ../../libopencm3/lib/libopencm3_stm32f1.a(rcc.o)
                0x0000000008000d54                rcc_get_usart_clk_freq
 .text.rcc_periph_clock_enable
                0x0000000008000d70       0x1c ../../libopencm3/lib/libopencm3_stm32f1.a(rcc_common_all.o)
                0x0000000008000d70                rcc_periph_clock_enable
 .text.usart_set_baudrate
                0x0000000008000d8c       0x16 ../../libopencm3/lib/libopencm3_stm32f1.a(usart_common_all.o)
                0x0000000008000d8c                usart_set_baudrate
 .text.usart_set_databits
                0x0000000008000da2       0x12 ../../libopencm3/lib/libopencm3_stm32f1.a(usart_common_all.o)
                0x0000000008000da2                usart_set_databits
 .text.usart_set_stopbits
                0x0000000008000db4        0xc ../../libopencm3/lib/libopencm3_stm32f1.a(usart_common_all.o)
                0x0000000008000db4                usart_set_stopbits
 .text.usart_set_parity
                0x0000000008000dc0        0xc ../../libopencm3/lib/libopencm3_stm32f1.a(usart_common_all.o)
                0x0000000008000dc0                usart_set_parity
 .text.usart_set_mode
                0x0000000008000dcc        0xc ../../libopencm3/lib/libopencm3_stm32f1.a(usart_common_all.o)
                0x0000000008000dcc                usart_set_mode
 .text.usart_set_flow_control
                0x0000000008000dd8        0xc ../../libopencm3/lib/libopencm3_stm32f1.a(usart_common_all.o)
                0x0000000008000dd8                usart_set_flow_control
 .text.usart_enable
                0x0000000008000de4        0xa ../../libopencm3/lib/libopencm3_stm32f1.a(usart_common_all.o)
                0x0000000008000de4                usart_enable
 .text.usart_send_blocking
                0x0000000008000dee       0x16 ../../libopencm3/lib/libopencm3_stm32f1.a(usart_common_all.o)
                0x0000000008000dee                usart_send_blocking
 .text.usart_enable_rx_interrupt
                0x0000000008000e04        0xa ../../libopencm3/lib/libopencm3_stm32f1.a(usart_common_all.o)
                0x0000000008000e04                usart_enable_rx_interrupt
 .text.usart_send
                0x0000000008000e0e        0x8 ../../libopencm3/lib/libopencm3_stm32f1.a(usart_common_f124.o)
                0x0000000008000e0e                usart_send
 .text.usart_recv
                0x0000000008000e16        0x8 ../../libopencm3/lib/libopencm3_stm32f1.a(usart_common_f124.o)
                0x0000000008000e16                usart_recv
 .text.usart_wait_send_ready
                0x0000000008000e1e        0x8 ../../libopencm3/lib/libopencm3_stm32f1.a(usart_common_f124.o)
                0x0000000008000e1e                usart_wait_send_ready
 .text.usart_get_flag
                0x0000000008000e26        0xc ../../libopencm3/lib/libopencm3_stm32f1.a(usart_common_f124.o)
                0x0000000008000e26                usart_get_flag
 .text.blocking_handler
                0x0000000008000e32        0x2 ../../libopencm3/lib/libopencm3_stm32f1.a(vector.o)
                0x0000000008000e32                usart3_isr
                0x0000000008000e32                rtc_isr
                0x0000000008000e32                tim7_isr
                0x0000000008000e32                adc1_2_isr
                0x0000000008000e32                tim1_trg_com_isr
                0x0000000008000e32                usb_hp_can_tx_isr
                0x0000000008000e32                tim6_isr
                0x0000000008000e32                usb_wakeup_isr
                0x0000000008000e32                blocking_handler
                0x0000000008000e32                tim5_isr
                0x0000000008000e32                otg_fs_isr
                0x0000000008000e32                spi1_isr
                0x0000000008000e32                exti2_isr
                0x0000000008000e32                dma1_channel6_isr
                0x0000000008000e32                can_rx1_isr
                0x0000000008000e32                dma1_channel5_isr
                0x0000000008000e32                dma2_channel5_isr
                0x0000000008000e32                usart1_isr
                0x0000000008000e32                usage_fault_handler
                0x0000000008000e32                tim8_trg_com_isr
                0x0000000008000e32                can2_rx0_isr
                0x0000000008000e32                tim1_brk_isr
                0x0000000008000e32                can2_rx1_isr
                0x0000000008000e32                tim1_cc_isr
                0x0000000008000e32                sdio_isr
                0x0000000008000e32                eth_isr
                0x0000000008000e32                dma1_channel4_isr
                0x0000000008000e32                tim8_brk_isr
                0x0000000008000e32                dma2_channel4_5_isr
                0x0000000008000e32                pvd_isr
                0x0000000008000e32                rcc_isr
                0x0000000008000e32                flash_isr
                0x0000000008000e32                uart4_isr
                0x0000000008000e32                rtc_alarm_isr
                0x0000000008000e32                exti15_10_isr
                0x0000000008000e32                hard_fault_handler
                0x0000000008000e32                exti1_isr
                0x0000000008000e32                i2c1_ev_isr
                0x0000000008000e32                dma2_channel1_isr
                0x0000000008000e32                spi2_isr
                0x0000000008000e32                tim8_up_isr
                0x0000000008000e32                dma2_channel2_isr
                0x0000000008000e32                exti3_isr
                0x0000000008000e32                adc3_isr
                0x0000000008000e32                tim3_isr
                0x0000000008000e32                usb_lp_can_rx0_isr
                0x0000000008000e32                i2c2_er_isr
                0x0000000008000e32                i2c2_ev_isr
                0x0000000008000e32                uart5_isr
                0x0000000008000e32                fsmc_isr
                0x0000000008000e32                dma1_channel1_isr
                0x0000000008000e32                exti4_isr
                0x0000000008000e32                mem_manage_handler
                0x0000000008000e32                can2_tx_isr
                0x0000000008000e32                exti9_5_isr
                0x0000000008000e32                dma2_channel3_isr
                0x0000000008000e32                dma1_channel7_isr
                0x0000000008000e32                tim1_up_isr
                0x0000000008000e32                can2_sce_isr
                0x0000000008000e32                tim4_isr
                0x0000000008000e32                dma1_channel2_isr
                0x0000000008000e32                i2c1_er_isr
                0x0000000008000e32                can_sce_isr
                0x0000000008000e32                tim8_cc_isr
                0x0000000008000e32                tamper_isr
                0x0000000008000e32                eth_wkup_isr
                0x0000000008000e32                bus_fault_handler
                0x0000000008000e32                wwdg_isr
                0x0000000008000e32                dma1_channel3_isr
                0x0000000008000e32                spi3_isr
                0x0000000008000e32                tim2_isr
                0x0000000008000e32                exti0_isr
 .text.null_handler
                0x0000000008000e34        0x2 ../../libopencm3/lib/libopencm3_stm32f1.a(vector.o)
                0x0000000008000e34                null_handler
                0x0000000008000e34                sv_call_handler
                0x0000000008000e34                pend_sv_handler
                0x0000000008000e34                debug_monitor_handler
                0x0000000008000e34                nmi_handler
 *fill*         0x0000000008000e36        0x2 
 .text.reset_handler
                0x0000000008000e38       0x94 ../../libopencm3/lib/libopencm3_stm32f1.a(vector.o)
                0x0000000008000e38                reset_handler
 .text.systick_set_clocksource
                0x0000000008000ecc       0x14 ../../libopencm3/lib/libopencm3_stm32f1.a(systick.o)
                0x0000000008000ecc                systick_set_clocksource
 .text.systick_set_frequency
                0x0000000008000ee0       0x38 ../../libopencm3/lib/libopencm3_stm32f1.a(systick.o)
                0x0000000008000ee0                systick_set_frequency
 .text.systick_interrupt_enable
                0x0000000008000f18        0xe ../../libopencm3/lib/libopencm3_stm32f1.a(systick.o)
                0x0000000008000f18                systick_interrupt_enable
 .text.systick_counter_enable
                0x0000000008000f26        0xe ../../libopencm3/lib/libopencm3_stm32f1.a(systick.o)
                0x0000000008000f26                systick_counter_enable
 .text.nvic_enable_irq
                0x0000000008000f34       0x1a ../../libopencm3/lib/libopencm3_stm32f1.a(nvic.o)
                0x0000000008000f34                nvic_enable_irq
 *fill*         0x0000000008000f4e        0x2 
 .text.desig_get_flash_size
                0x0000000008000f50        0xc ../../libopencm3/lib/libopencm3_stm32f1.a(desig_common_v1.o)
                0x0000000008000f50                desig_get_flash_size
 .text.flash_set_ws
                0x0000000008000f5c       0x14 ../../libopencm3/lib/libopencm3_stm32f1.a(flash_common_all.o)
                0x0000000008000f5c                flash_set_ws
 .text          0x0000000008000f70       0xf8 /usr/lib/gcc/arm-none-eabi/10.3.1/../../../arm-none-eabi/lib/thumb/v7-m/nofp/libc.a(lib_a-memmove.o)
                0x0000000008000f70                memmove
 .text          0x0000000008001068       0xa4 /usr/lib/gcc/arm-none-eabi/10.3.1/../../../arm-none-eabi/lib/thumb/v7-m/nofp/libc.a(lib_a-memset.o)
                0x0000000008001068                memset
                0x000000000800110c                . = ALIGN (0x4)
 *(.rodata*)
 .rodata.rcc_hse_configs
                0x000000000800110c       0x8c ../../libopencm3/lib/libopencm3_stm32f1.a(rcc.o)
                0x000000000800110c                rcc_hse_configs
                0x0000000008001198                . = ALIGN (0x4)

.glue_7         0x0000000008001198        0x0
 .glue_7        0x0000000008001198        0x0 linker stubs

.glue_7t        0x0000000008001198        0x0
 .glue_7t       0x0000000008001198        0x0 linker stubs

.vfp11_veneer   0x0000000008001198        0x0
 .vfp11_veneer  0x0000000008001198        0x0 linker stubs

.v4_bx          0x0000000008001198        0x0
 .v4_bx         0x0000000008001198        0x0 linker stubs

.iplt           0x0000000008001198        0x0
 .iplt          0x0000000008001198        0x0 src/bootloader.o

.rel.dyn        0x0000000008001198        0x0
 .rel.iplt      0x0000000008001198        0x0 src/bootloader.o

.preinit_array  0x0000000008001198        0x0
                0x0000000008001198                . = ALIGN (0x4)
                0x0000000008001198                __preinit_array_start = .
 *(.preinit_array)
                0x0000000008001198                __preinit_array_end = .

.init_array     0x0000000008001198        0x0
                0x0000000008001198                . = ALIGN (0x4)
                0x0000000008001198                __init_array_start = .
 *(SORT_BY_NAME(.init_array.*))
 *(.init_array)
                0x0000000008001198                __init_array_end = .

.fini_array     0x0000000008001198        0x0
                0x0000000008001198                . = ALIGN (0x4)
                0x0000000008001198                __fini_array_start = .
 *(.fini_array)
 *(SORT_BY_NAME(.fini_array.*))
                0x0000000008001198                __fini_array_end = .

.ARM.extab
 *(.ARM.extab*)

.ARM.exidx      0x0000000008001198        0x0
                0x0000000008001198                __exidx_start = .
 *(.ARM.exidx*)
                0x0000000008001198                __exidx_end = .
                0x0000000008001198                . = ALIGN (0x4)
                0x0000000008001198                _etext = .

.noinit
 *(.noinit*)
                0x0000000008001198                . = ALIGN (0x4)

.data           0x0000000020000000       0x10 load address 0x0000000008001198
                0x0000000020000000                _data = .
 *(.data*)
 .data.cur_address
                0x0000000020000000        0x4 src/bootloader.o
 .data.rcc_ahb_frequency
                0x0000000020000004        0x4 ../../libopencm3/lib/libopencm3_stm32f1.a(rcc.o)
                0x0000000020000004                rcc_ahb_frequency
 .data.rcc_apb1_frequency
                0x0000000020000008        0x4 ../../libopencm3/lib/libopencm3_stm32f1.a(rcc.o)
                0x0000000020000008                rcc_apb1_frequency
 .data.rcc_apb2_frequency
                0x000000002000000c        0x4 ../../libopencm3/lib/libopencm3_stm32f1.a(rcc.o)
                0x000000002000000c                rcc_apb2_frequency
 *(.ramtext*)
                0x0000000020000010                . = ALIGN (0x4)
                0x0000000020000010                _edata = .
                0x0000000008001198                _data_loadaddr = LOADADDR (.data)

.igot.plt       0x0000000020000010        0x0 load address 0x00000000080011a8
 .igot.plt      0x0000000020000010        0x0 src/bootloader.o

.bss            0x0000000020000010      0x240 load address 0x00000000080011a8
 *(.bss*)
 .bss.bl_state  0x0000000020000010        0x1 src/bootloader.o
 *fill*         0x0000000020000011        0x3 
 .bss.bytes_written
                0x0000000020000014        0x4 src/bootloader.o
 .bss.fw_length
                0x0000000020000018        0x4 src/bootloader.o
 .bss.packet    0x000000002000001c       0x12 src/bootloader.o
                0x000000002000001c                packet
 *fill*         0x000000002000002e        0x2 
 .bss.simple_timer
                0x0000000020000030       0x18 src/bootloader.o
                0x0000000020000030                simple_timer
 .bss.sync_bytes
                0x0000000020000048        0x4 src/bootloader.o
 .bss.ack_packet
                0x000000002000004c       0x12 src/comms.o
 .bss.cur_packet
                0x000000002000005e       0x12 src/comms.o
 .bss.cur_state
                0x0000000020000070        0x1 src/comms.o
 .bss.data_bytes_read
                0x0000000020000071        0x1 src/comms.o
 .bss.last_trasmit_packet
                0x0000000020000072       0x12 src/comms.o
 .bss.packet_buffer_read_index
                0x0000000020000084        0x1 src/comms.o
 .bss.packet_buffer_write_index
                0x0000000020000085        0x1 src/comms.o
 .bss.recv_packet_buffer
                0x0000000020000086      0x120 src/comms.o
 .bss.retx_packet
                0x00000000200001a6       0x12 src/comms.o
 .bss.ms_ticks  0x00000000200001b8        0x8 ../shared/src/core/system.o
 .bss.data_buffer
                0x00000000200001c0       0x80 ../shared/src/core/uart.o
 .bss.rb        0x0000000020000240       0x10 ../shared/src/core/uart.o
 *(COMMON)
                0x0000000020000250                . = ALIGN (0x4)
                0x0000000020000250                _ebss = .

/DISCARD/
 *(.eh_frame)
                0x0000000020000250                . = ALIGN (0x4)
                0x0000000020000250                end = .
                0x0000000020005000                PROVIDE (_stack = (ORIGIN (ram) + LENGTH (ram)))
OUTPUT(bootloader.elf elf32-littlearm)
LOAD linker stubs

.debug_info     0x0000000000000000     0x5c13
 .debug_info    0x0000000000000000      0xadb src/bootloader.o
 .debug_info    0x0000000000000adb      0x5c0 src/comms.o
 .debug_info    0x000000000000109b      0x1d1 src/bl-flash.o
 .debug_info    0x000000000000126c      0x399 ../shared/src/core/system.o
 .debug_info    0x0000000000001605      0x217 ../shared/src/core/simple-timer.o
 .debug_info    0x000000000000181c      0x134 ../shared/src/core/crc8.o
 .debug_info    0x0000000000001950      0x74b ../shared/src/core/uart.o
 .debug_info    0x000000000000209b      0x24c ../shared/src/core/ring_buffer.o
 .debug_info    0x00000000000022e7      0x33e ../../libopencm3/lib/libopencm3_stm32f1.a(flash.o)
 .debug_info    0x0000000000002625       0xb2 ../../libopencm3/lib/libopencm3_stm32f1.a(flash_common_f.o)
 .debug_info    0x00000000000026d7      0x1f1 ../../libopencm3/lib/libopencm3_stm32f1.a(flash_common_f01.o)
 .debug_info    0x00000000000028c8      0x1ec ../../libopencm3/lib/libopencm3_stm32f1.a(gpio.o)
 .debug_info    0x0000000000002ab4      0x24e ../../libopencm3/lib/libopencm3_stm32f1.a(gpio_common_all.o)
 .debug_info    0x0000000000002d02     0x155c ../../libopencm3/lib/libopencm3_stm32f1.a(rcc.o)
 .debug_info    0x000000000000425e      0x619 ../../libopencm3/lib/libopencm3_stm32f1.a(rcc_common_all.o)
 .debug_info    0x0000000000004877      0x66e ../../libopencm3/lib/libopencm3_stm32f1.a(usart_common_all.o)
 .debug_info    0x0000000000004ee5      0x186 ../../libopencm3/lib/libopencm3_stm32f1.a(usart_common_f124.o)
 .debug_info    0x000000000000506b      0x2d1 ../../libopencm3/lib/libopencm3_stm32f1.a(vector.o)
 .debug_info    0x000000000000533c      0x268 ../../libopencm3/lib/libopencm3_stm32f1.a(systick.o)
 .debug_info    0x00000000000055a4      0x22d ../../libopencm3/lib/libopencm3_stm32f1.a(nvic.o)
 .debug_info    0x00000000000057d1       0xcf ../../libopencm3/lib/libopencm3_stm32f1.a(desig_common_v1.o)
 .debug_info    0x00000000000058a0       0xea ../../libopencm3/lib/libopencm3_stm32f1.a(flash_common_all.o)
 .debug_info    0x000000000000598a      0x152 /usr/lib/gcc/arm-none-eabi/10.3.1/../../../arm-none-eabi/lib/thumb/v7-m/nofp/libc.a(lib_a-memmove.o)
 .debug_info    0x0000000000005adc      0x137 /usr/lib/gcc/arm-none-eabi/10.3.1/../../../arm-none-eabi/lib/thumb/v7-m/nofp/libc.a(lib_a-memset.o)

.debug_abbrev   0x0000000000000000     0x1bde
 .debug_abbrev  0x0000000000000000      0x218 src/bootloader.o
 .debug_abbrev  0x0000000000000218      0x23a src/comms.o
 .debug_abbrev  0x0000000000000452       0xe9 src/bl-flash.o
 .debug_abbrev  0x000000000000053b      0x1e7 ../shared/src/core/system.o
 .debug_abbrev  0x0000000000000722      0x13b ../shared/src/core/simple-timer.o
 .debug_abbrev  0x000000000000085d       0x92 ../shared/src/core/crc8.o
 .debug_abbrev  0x00000000000008ef      0x196 ../shared/src/core/uart.o
 .debug_abbrev  0x0000000000000a85      0x10c ../shared/src/core/ring_buffer.o
 .debug_abbrev  0x0000000000000b91      0x13b ../../libopencm3/lib/libopencm3_stm32f1.a(flash.o)
 .debug_abbrev  0x0000000000000ccc       0x56 ../../libopencm3/lib/libopencm3_stm32f1.a(flash_common_f.o)
 .debug_abbrev  0x0000000000000d22       0xcb ../../libopencm3/lib/libopencm3_stm32f1.a(flash_common_f01.o)
 .debug_abbrev  0x0000000000000ded       0xd0 ../../libopencm3/lib/libopencm3_stm32f1.a(gpio.o)
 .debug_abbrev  0x0000000000000ebd      0x116 ../../libopencm3/lib/libopencm3_stm32f1.a(gpio_common_all.o)
 .debug_abbrev  0x0000000000000fd3      0x282 ../../libopencm3/lib/libopencm3_stm32f1.a(rcc.o)
 .debug_abbrev  0x0000000000001255      0x17c ../../libopencm3/lib/libopencm3_stm32f1.a(rcc_common_all.o)
 .debug_abbrev  0x00000000000013d1      0x16d ../../libopencm3/lib/libopencm3_stm32f1.a(usart_common_all.o)
 .debug_abbrev  0x000000000000153e       0xb5 ../../libopencm3/lib/libopencm3_stm32f1.a(usart_common_f124.o)
 .debug_abbrev  0x00000000000015f3      0x145 ../../libopencm3/lib/libopencm3_stm32f1.a(vector.o)
 .debug_abbrev  0x0000000000001738      0x155 ../../libopencm3/lib/libopencm3_stm32f1.a(systick.o)
 .debug_abbrev  0x000000000000188d       0xb5 ../../libopencm3/lib/libopencm3_stm32f1.a(nvic.o)
 .debug_abbrev  0x0000000000001942       0x91 ../../libopencm3/lib/libopencm3_stm32f1.a(desig_common_v1.o)
 .debug_abbrev  0x00000000000019d3       0x97 ../../libopencm3/lib/libopencm3_stm32f1.a(flash_common_all.o)
 .debug_abbrev  0x0000000000001a6a       0xc0 /usr/lib/gcc/arm-none-eabi/10.3.1/../../../arm-none-eabi/lib/thumb/v7-m/nofp/libc.a(lib_a-memmove.o)
 .debug_abbrev  0x0000000000001b2a       0xb4 /usr/lib/gcc/arm-none-eabi/10.3.1/../../../arm-none-eabi/lib/thumb/v7-m/nofp/libc.a(lib_a-memset.o)

.debug_loc      0x0000000000000000     0x1d5b
 .debug_loc     0x0000000000000000       0xa5 src/bootloader.o
 .debug_loc     0x00000000000000a5      0x220 src/comms.o
 .debug_loc     0x00000000000002c5      0x1d9 src/bl-flash.o
 .debug_loc     0x000000000000049e       0x1a ../shared/src/core/system.o
 .debug_loc     0x00000000000004b8       0xed ../shared/src/core/simple-timer.o
 .debug_loc     0x00000000000005a5       0xde ../shared/src/core/crc8.o
 .debug_loc     0x0000000000000683      0x16a ../shared/src/core/uart.o
 .debug_loc     0x00000000000007ed      0x129 ../shared/src/core/ring_buffer.o
 .debug_loc     0x0000000000000916       0x90 ../../libopencm3/lib/libopencm3_stm32f1.a(flash.o)
 .debug_loc     0x00000000000009a6       0xca ../../libopencm3/lib/libopencm3_stm32f1.a(flash_common_f01.o)
 .debug_loc     0x0000000000000a70      0x14c ../../libopencm3/lib/libopencm3_stm32f1.a(gpio.o)
 .debug_loc     0x0000000000000bbc       0xbe ../../libopencm3/lib/libopencm3_stm32f1.a(gpio_common_all.o)
 .debug_loc     0x0000000000000c7a      0x3d0 ../../libopencm3/lib/libopencm3_stm32f1.a(rcc.o)
 .debug_loc     0x000000000000104a       0x94 ../../libopencm3/lib/libopencm3_stm32f1.a(rcc_common_all.o)
 .debug_loc     0x00000000000010de      0x238 ../../libopencm3/lib/libopencm3_stm32f1.a(usart_common_all.o)
 .debug_loc     0x0000000000001316       0x99 ../../libopencm3/lib/libopencm3_stm32f1.a(usart_common_f124.o)
 .debug_loc     0x00000000000013af      0x128 ../../libopencm3/lib/libopencm3_stm32f1.a(vector.o)
 .debug_loc     0x00000000000014d7      0x192 ../../libopencm3/lib/libopencm3_stm32f1.a(systick.o)
 .debug_loc     0x0000000000001669      0x14d ../../libopencm3/lib/libopencm3_stm32f1.a(nvic.o)
 .debug_loc     0x00000000000017b6       0x33 ../../libopencm3/lib/libopencm3_stm32f1.a(desig_common_v1.o)
 .debug_loc     0x00000000000017e9       0x15 ../../libopencm3/lib/libopencm3_stm32f1.a(flash_common_all.o)
 .debug_loc     0x00000000000017fe      0x331 /usr/lib/gcc/arm-none-eabi/10.3.1/../../../arm-none-eabi/lib/thumb/v7-m/nofp/libc.a(lib_a-memmove.o)
 .debug_loc     0x0000000000001b2f      0x22c /usr/lib/gcc/arm-none-eabi/10.3.1/../../../arm-none-eabi/lib/thumb/v7-m/nofp/libc.a(lib_a-memset.o)

.debug_aranges  0x0000000000000000      0x7d8
 .debug_aranges
                0x0000000000000000       0x28 src/bootloader.o
 .debug_aranges
                0x0000000000000028       0x58 src/comms.o
 .debug_aranges
                0x0000000000000080       0x28 src/bl-flash.o
 .debug_aranges
                0x00000000000000a8       0x38 ../shared/src/core/system.o
 .debug_aranges
                0x00000000000000e0       0x30 ../shared/src/core/simple-timer.o
 .debug_aranges
                0x0000000000000110       0x20 ../shared/src/core/crc8.o
 .debug_aranges
                0x0000000000000130       0x50 ../shared/src/core/uart.o
 .debug_aranges
                0x0000000000000180       0x38 ../shared/src/core/ring_buffer.o
 .debug_aranges
                0x00000000000001b8       0x78 ../../libopencm3/lib/libopencm3_stm32f1.a(flash.o)
 .debug_aranges
                0x0000000000000230       0x30 ../../libopencm3/lib/libopencm3_stm32f1.a(flash_common_f.o)
 .debug_aranges
                0x0000000000000260       0x48 ../../libopencm3/lib/libopencm3_stm32f1.a(flash_common_f01.o)
 .debug_aranges
                0x00000000000002a8       0x38 ../../libopencm3/lib/libopencm3_stm32f1.a(gpio.o)
 .debug_aranges
                0x00000000000002e0       0x50 ../../libopencm3/lib/libopencm3_stm32f1.a(gpio_common_all.o)
 .debug_aranges
                0x0000000000000330      0x170 ../../libopencm3/lib/libopencm3_stm32f1.a(rcc.o)
 .debug_aranges
                0x00000000000004a0       0x60 ../../libopencm3/lib/libopencm3_stm32f1.a(rcc_common_all.o)
 .debug_aranges
                0x0000000000000500       0xf0 ../../libopencm3/lib/libopencm3_stm32f1.a(usart_common_all.o)
 .debug_aranges
                0x00000000000005f0       0x40 ../../libopencm3/lib/libopencm3_stm32f1.a(usart_common_f124.o)
 .debug_aranges
                0x0000000000000630       0x30 ../../libopencm3/lib/libopencm3_stm32f1.a(vector.o)
 .debug_aranges
                0x0000000000000660       0x78 ../../libopencm3/lib/libopencm3_stm32f1.a(systick.o)
 .debug_aranges
                0x00000000000006d8       0x60 ../../libopencm3/lib/libopencm3_stm32f1.a(nvic.o)
 .debug_aranges
                0x0000000000000738       0x28 ../../libopencm3/lib/libopencm3_stm32f1.a(desig_common_v1.o)
 .debug_aranges
                0x0000000000000760       0x38 ../../libopencm3/lib/libopencm3_stm32f1.a(flash_common_all.o)
 .debug_aranges
                0x0000000000000798       0x20 /usr/lib/gcc/arm-none-eabi/10.3.1/../../../arm-none-eabi/lib/thumb/v7-m/nofp/libc.a(lib_a-memmove.o)
 .debug_aranges
                0x00000000000007b8       0x20 /usr/lib/gcc/arm-none-eabi/10.3.1/../../../arm-none-eabi/lib/thumb/v7-m/nofp/libc.a(lib_a-memset.o)

.debug_ranges   0x0000000000000000      0x848
 .debug_ranges  0x0000000000000000       0x50 src/bootloader.o
 .debug_ranges  0x0000000000000050       0x90 src/comms.o
 .debug_ranges  0x00000000000000e0       0x30 src/bl-flash.o
 .debug_ranges  0x0000000000000110       0x88 ../shared/src/core/system.o
 .debug_ranges  0x0000000000000198       0x20 ../shared/src/core/simple-timer.o
 .debug_ranges  0x00000000000001b8       0x48 ../shared/src/core/crc8.o
 .debug_ranges  0x0000000000000200       0x60 ../shared/src/core/uart.o
 .debug_ranges  0x0000000000000260       0x28 ../shared/src/core/ring_buffer.o
 .debug_ranges  0x0000000000000288       0x68 ../../libopencm3/lib/libopencm3_stm32f1.a(flash.o)
 .debug_ranges  0x00000000000002f0       0x20 ../../libopencm3/lib/libopencm3_stm32f1.a(flash_common_f.o)
 .debug_ranges  0x0000000000000310       0x38 ../../libopencm3/lib/libopencm3_stm32f1.a(flash_common_f01.o)
 .debug_ranges  0x0000000000000348       0x28 ../../libopencm3/lib/libopencm3_stm32f1.a(gpio.o)
 .debug_ranges  0x0000000000000370       0x40 ../../libopencm3/lib/libopencm3_stm32f1.a(gpio_common_all.o)
 .debug_ranges  0x00000000000003b0      0x208 ../../libopencm3/lib/libopencm3_stm32f1.a(rcc.o)
 .debug_ranges  0x00000000000005b8       0x50 ../../libopencm3/lib/libopencm3_stm32f1.a(rcc_common_all.o)
 .debug_ranges  0x0000000000000608       0xe0 ../../libopencm3/lib/libopencm3_stm32f1.a(usart_common_all.o)
 .debug_ranges  0x00000000000006e8       0x30 ../../libopencm3/lib/libopencm3_stm32f1.a(usart_common_f124.o)
 .debug_ranges  0x0000000000000718       0x20 ../../libopencm3/lib/libopencm3_stm32f1.a(vector.o)
 .debug_ranges  0x0000000000000738       0x80 ../../libopencm3/lib/libopencm3_stm32f1.a(systick.o)
 .debug_ranges  0x00000000000007b8       0x50 ../../libopencm3/lib/libopencm3_stm32f1.a(nvic.o)
 .debug_ranges  0x0000000000000808       0x18 ../../libopencm3/lib/libopencm3_stm32f1.a(desig_common_v1.o)
 .debug_ranges  0x0000000000000820       0x28 ../../libopencm3/lib/libopencm3_stm32f1.a(flash_common_all.o)

.debug_macro    0x0000000000000000     0x59ad
 .debug_macro   0x0000000000000000      0x236 src/bootloader.o
 .debug_macro   0x0000000000000236      0xa60 src/bootloader.o
 .debug_macro   0x0000000000000c96       0x22 src/bootloader.o
 .debug_macro   0x0000000000000cb8       0x52 src/bootloader.o
 .debug_macro   0x0000000000000d0a       0x18 src/bootloader.o
 .debug_macro   0x0000000000000d22       0x5c src/bootloader.o
 .debug_macro   0x0000000000000d7e       0x35 src/bootloader.o
 .debug_macro   0x0000000000000db3       0x34 src/bootloader.o
 .debug_macro   0x0000000000000de7       0x16 src/bootloader.o
 .debug_macro   0x0000000000000dfd       0x57 src/bootloader.o
 .debug_macro   0x0000000000000e54       0x97 src/bootloader.o
 .debug_macro   0x0000000000000eeb      0x356 src/bootloader.o
 .debug_macro   0x0000000000001241       0xf6 src/bootloader.o
 .debug_macro   0x0000000000001337       0x10 src/bootloader.o
 .debug_macro   0x0000000000001347       0x16 src/bootloader.o
 .debug_macro   0x000000000000135d       0x43 src/bootloader.o
 .debug_macro   0x00000000000013a0       0x34 src/bootloader.o
 .debug_macro   0x00000000000013d4       0x10 src/bootloader.o
 .debug_macro   0x00000000000013e4       0x52 src/bootloader.o
 .debug_macro   0x0000000000001436      0x182 src/bootloader.o
 .debug_macro   0x00000000000015b8       0x10 src/bootloader.o
 .debug_macro   0x00000000000015c8       0x6a src/bootloader.o
 .debug_macro   0x0000000000001632       0xb2 src/bootloader.o
 .debug_macro   0x00000000000016e4       0x16 src/bootloader.o
 .debug_macro   0x00000000000016fa      0x129 src/bootloader.o
 .debug_macro   0x0000000000001823      0x34e src/bootloader.o
 .debug_macro   0x0000000000001b71       0x22 src/bootloader.o
 .debug_macro   0x0000000000001b93      0x100 src/bootloader.o
 .debug_macro   0x0000000000001c93       0x76 src/bootloader.o
 .debug_macro   0x0000000000001d09      0x1b4 src/bootloader.o
 .debug_macro   0x0000000000001ebd      0x8c6 src/bootloader.o
 .debug_macro   0x0000000000002783       0x76 src/bootloader.o
 .debug_macro   0x00000000000027f9      0xe2e src/bootloader.o
 .debug_macro   0x0000000000003627       0x16 src/bootloader.o
 .debug_macro   0x000000000000363d       0x64 src/bootloader.o
 .debug_macro   0x00000000000036a1      0x172 src/comms.o
 .debug_macro   0x0000000000003813      0x1af src/bl-flash.o
 .debug_macro   0x00000000000039c2       0x1c src/bl-flash.o
 .debug_macro   0x00000000000039de       0xe8 src/bl-flash.o
 .debug_macro   0x0000000000003ac6       0xee src/bl-flash.o
 .debug_macro   0x0000000000003bb4       0x82 src/bl-flash.o
 .debug_macro   0x0000000000003c36      0x1cb ../shared/src/core/system.o
 .debug_macro   0x0000000000003e01       0x10 ../shared/src/core/system.o
 .debug_macro   0x0000000000003e11       0x69 ../shared/src/core/system.o
 .debug_macro   0x0000000000003e7a       0x6e ../shared/src/core/system.o
 .debug_macro   0x0000000000003ee8      0x1a2 ../shared/src/core/system.o
 .debug_macro   0x000000000000408a      0x1ba ../shared/src/core/system.o
 .debug_macro   0x0000000000004244      0x158 ../shared/src/core/simple-timer.o
 .debug_macro   0x000000000000439c      0x14f ../shared/src/core/crc8.o
 .debug_macro   0x00000000000044eb      0x1f4 ../shared/src/core/uart.o
 .debug_macro   0x00000000000046df       0x68 ../shared/src/core/uart.o
 .debug_macro   0x0000000000004747       0x94 ../shared/src/core/uart.o
 .debug_macro   0x00000000000047db      0x29e ../shared/src/core/uart.o
 .debug_macro   0x0000000000004a79      0x14f ../shared/src/core/ring_buffer.o
 .debug_macro   0x0000000000004bc8       0x81 ../../libopencm3/lib/libopencm3_stm32f1.a(flash.o)
 .debug_macro   0x0000000000004c49       0x77 ../../libopencm3/lib/libopencm3_stm32f1.a(flash_common_f.o)
 .debug_macro   0x0000000000004cc0       0x77 ../../libopencm3/lib/libopencm3_stm32f1.a(flash_common_f01.o)
 .debug_macro   0x0000000000004d37       0x6f ../../libopencm3/lib/libopencm3_stm32f1.a(gpio.o)
 .debug_macro   0x0000000000004da6       0x6f ../../libopencm3/lib/libopencm3_stm32f1.a(gpio_common_all.o)
 .debug_macro   0x0000000000004e15       0x9e ../../libopencm3/lib/libopencm3_stm32f1.a(rcc.o)
 .debug_macro   0x0000000000004eb3       0x16 ../../libopencm3/lib/libopencm3_stm32f1.a(rcc.o)
 .debug_macro   0x0000000000004ec9       0x85 ../../libopencm3/lib/libopencm3_stm32f1.a(rcc_common_all.o)
 .debug_macro   0x0000000000004f4e       0x91 ../../libopencm3/lib/libopencm3_stm32f1.a(usart_common_all.o)
 .debug_macro   0x0000000000004fdf       0x91 ../../libopencm3/lib/libopencm3_stm32f1.a(usart_common_f124.o)
 .debug_macro   0x0000000000005070       0x86 ../../libopencm3/lib/libopencm3_stm32f1.a(vector.o)
 .debug_macro   0x00000000000050f6      0x395 ../../libopencm3/lib/libopencm3_stm32f1.a(vector.o)
 .debug_macro   0x000000000000548b       0x49 ../../libopencm3/lib/libopencm3_stm32f1.a(systick.o)
 .debug_macro   0x00000000000054d4       0x6a ../../libopencm3/lib/libopencm3_stm32f1.a(nvic.o)
 .debug_macro   0x000000000000553e      0x39b ../../libopencm3/lib/libopencm3_stm32f1.a(nvic.o)
 .debug_macro   0x00000000000058d9       0x5d ../../libopencm3/lib/libopencm3_stm32f1.a(desig_common_v1.o)
 .debug_macro   0x0000000000005936       0x77 ../../libopencm3/lib/libopencm3_stm32f1.a(flash_common_all.o)

.debug_line     0x0000000000000000     0x5470
 .debug_line    0x0000000000000000      0x61e src/bootloader.o
 .debug_line    0x000000000000061e      0x49f src/comms.o
 .debug_line    0x0000000000000abd      0x3e2 src/bl-flash.o
 .debug_line    0x0000000000000e9f      0x450 ../shared/src/core/system.o
 .debug_line    0x00000000000012ef      0x2c5 ../shared/src/core/simple-timer.o
 .debug_line    0x00000000000015b4      0x275 ../shared/src/core/crc8.o
 .debug_line    0x0000000000001829      0x527 ../shared/src/core/uart.o
 .debug_line    0x0000000000001d50      0x2e6 ../shared/src/core/ring_buffer.o
 .debug_line    0x0000000000002036      0x462 ../../libopencm3/lib/libopencm3_stm32f1.a(flash.o)
 .debug_line    0x0000000000002498      0x1f6 ../../libopencm3/lib/libopencm3_stm32f1.a(flash_common_f.o)
 .debug_line    0x000000000000268e      0x2bf ../../libopencm3/lib/libopencm3_stm32f1.a(flash_common_f01.o)
 .debug_line    0x000000000000294d      0x271 ../../libopencm3/lib/libopencm3_stm32f1.a(gpio.o)
 .debug_line    0x0000000000002bbe      0x27b ../../libopencm3/lib/libopencm3_stm32f1.a(gpio_common_all.o)
 .debug_line    0x0000000000002e39      0xc2d ../../libopencm3/lib/libopencm3_stm32f1.a(rcc.o)
 .debug_line    0x0000000000003a66      0x2da ../../libopencm3/lib/libopencm3_stm32f1.a(rcc_common_all.o)
 .debug_line    0x0000000000003d40      0x545 ../../libopencm3/lib/libopencm3_stm32f1.a(usart_common_all.o)
 .debug_line    0x0000000000004285      0x270 ../../libopencm3/lib/libopencm3_stm32f1.a(usart_common_f124.o)
 .debug_line    0x00000000000044f5      0x306 ../../libopencm3/lib/libopencm3_stm32f1.a(vector.o)
 .debug_line    0x00000000000047fb      0x271 ../../libopencm3/lib/libopencm3_stm32f1.a(systick.o)
 .debug_line    0x0000000000004a6c      0x29d ../../libopencm3/lib/libopencm3_stm32f1.a(nvic.o)
 .debug_line    0x0000000000004d09      0x176 ../../libopencm3/lib/libopencm3_stm32f1.a(desig_common_v1.o)
 .debug_line    0x0000000000004e7f      0x22c ../../libopencm3/lib/libopencm3_stm32f1.a(flash_common_all.o)
 .debug_line    0x00000000000050ab      0x206 /usr/lib/gcc/arm-none-eabi/10.3.1/../../../arm-none-eabi/lib/thumb/v7-m/nofp/libc.a(lib_a-memmove.o)
 .debug_line    0x00000000000052b1      0x1bf /usr/lib/gcc/arm-none-eabi/10.3.1/../../../arm-none-eabi/lib/thumb/v7-m/nofp/libc.a(lib_a-memset.o)

.debug_str      0x0000000000000000    0x13a7d
 .debug_str     0x0000000000000000     0xe454 src/bootloader.o
                                       0xe6ca (size before relaxing)
 .debug_str     0x000000000000e454      0x17e src/comms.o
                                       0x71ac (size before relaxing)
 .debug_str     0x000000000000e5d2      0x84c src/bl-flash.o
                                       0x8653 (size before relaxing)
 .debug_str     0x000000000000ee1e      0xb77 ../shared/src/core/system.o
                                       0xb0bd (size before relaxing)
 .debug_str     0x000000000000f995       0x28 ../shared/src/core/simple-timer.o
                                       0x6da4 (size before relaxing)
 .debug_str     0x000000000000f9bd       0x1a ../shared/src/core/crc8.o
                                       0x6cdc (size before relaxing)
 .debug_str     0x000000000000f9d7     0x113a ../shared/src/core/uart.o
                                       0xc094 (size before relaxing)
 .debug_str     0x0000000000010b11       0x55 ../shared/src/core/ring_buffer.o
                                       0x6d97 (size before relaxing)
 .debug_str     0x0000000000010b66      0x257 ../../libopencm3/lib/libopencm3_stm32f1.a(flash.o)
                                       0x51d9 (size before relaxing)
 .debug_str     0x0000000000010dbd       0x1b ../../libopencm3/lib/libopencm3_stm32f1.a(flash_common_f.o)
                                       0x5049 (size before relaxing)
 .debug_str     0x0000000000010dd8       0x7e ../../libopencm3/lib/libopencm3_stm32f1.a(flash_common_f01.o)
                                       0x5113 (size before relaxing)
 .debug_str     0x0000000000010e56       0x80 ../../libopencm3/lib/libopencm3_stm32f1.a(gpio.o)
                                       0x812a (size before relaxing)
 .debug_str     0x0000000000010ed6       0x74 ../../libopencm3/lib/libopencm3_stm32f1.a(gpio_common_all.o)
                                       0x8128 (size before relaxing)
 .debug_str     0x0000000000010f4a      0x586 ../../libopencm3/lib/libopencm3_stm32f1.a(rcc.o)
                                       0x7d8a (size before relaxing)
 .debug_str     0x00000000000114d0      0x379 ../../libopencm3/lib/libopencm3_stm32f1.a(rcc_common_all.o)
                                       0x748d (size before relaxing)
 .debug_str     0x0000000000011849      0x21b ../../libopencm3/lib/libopencm3_stm32f1.a(usart_common_all.o)
                                       0x80e0 (size before relaxing)
 .debug_str     0x0000000000011a64       0x1e ../../libopencm3/lib/libopencm3_stm32f1.a(usart_common_f124.o)
                                       0x7e4c (size before relaxing)
 .debug_str     0x0000000000011a82     0x1c7c ../../libopencm3/lib/libopencm3_stm32f1.a(vector.o)
                                       0x6179 (size before relaxing)
 .debug_str     0x00000000000136fe       0xd2 ../../libopencm3/lib/libopencm3_stm32f1.a(systick.o)
                                       0x404a (size before relaxing)
 .debug_str     0x00000000000137d0       0xc4 ../../libopencm3/lib/libopencm3_stm32f1.a(nvic.o)
                                       0x5746 (size before relaxing)
 .debug_str     0x0000000000013894       0x37 ../../libopencm3/lib/libopencm3_stm32f1.a(desig_common_v1.o)
                                       0x48b3 (size before relaxing)
 .debug_str     0x00000000000138cb       0x4a ../../libopencm3/lib/libopencm3_stm32f1.a(flash_common_all.o)
                                       0x5078 (size before relaxing)
 .debug_str     0x0000000000013915      0x127 /usr/lib/gcc/arm-none-eabi/10.3.1/../../../arm-none-eabi/lib/thumb/v7-m/nofp/libc.a(lib_a-memmove.o)
                                        0x1d2 (size before relaxing)
 .debug_str     0x0000000000013a3c       0x41 /usr/lib/gcc/arm-none-eabi/10.3.1/../../../arm-none-eabi/lib/thumb/v7-m/nofp/libc.a(lib_a-memset.o)
                                        0x1b3 (size before relaxing)

.comment        0x0000000000000000       0x33
 .comment       0x0000000000000000       0x33 src/bootloader.o
                                         0x34 (size before relaxing)
 .comment       0x0000000000000033       0x34 src/comms.o
 .comment       0x0000000000000033       0x34 src/bl-flash.o
 .comment       0x0000000000000033       0x34 ../shared/src/core/system.o
 .comment       0x0000000000000033       0x34 ../shared/src/core/simple-timer.o
 .comment       0x0000000000000033       0x34 ../shared/src/core/crc8.o
 .comment       0x0000000000000033       0x34 ../shared/src/core/uart.o
 .comment       0x0000000000000033       0x34 ../shared/src/core/ring_buffer.o
 .comment       0x0000000000000033       0x34 ../../libopencm3/lib/libopencm3_stm32f1.a(flash.o)
 .comment       0x0000000000000033       0x34 ../../libopencm3/lib/libopencm3_stm32f1.a(flash_common_f.o)
 .comment       0x0000000000000033       0x34 ../../libopencm3/lib/libopencm3_stm32f1.a(flash_common_f01.o)
 .comment       0x0000000000000033       0x34 ../../libopencm3/lib/libopencm3_stm32f1.a(gpio.o)
 .comment       0x0000000000000033       0x34 ../../libopencm3/lib/libopencm3_stm32f1.a(gpio_common_all.o)
 .comment       0x0000000000000033       0x34 ../../libopencm3/lib/libopencm3_stm32f1.a(rcc.o)
 .comment       0x0000000000000033       0x34 ../../libopencm3/lib/libopencm3_stm32f1.a(rcc_common_all.o)
 .comment       0x0000000000000033       0x34 ../../libopencm3/lib/libopencm3_stm32f1.a(usart_common_all.o)
 .comment       0x0000000000000033       0x34 ../../libopencm3/lib/libopencm3_stm32f1.a(usart_common_f124.o)
 .comment       0x0000000000000033       0x34 ../../libopencm3/lib/libopencm3_stm32f1.a(vector.o)
 .comment       0x0000000000000033       0x34 ../../libopencm3/lib/libopencm3_stm32f1.a(systick.o)
 .comment       0x0000000000000033       0x34 ../../libopencm3/lib/libopencm3_stm32f1.a(nvic.o)
 .comment       0x0000000000000033       0x34 ../../libopencm3/lib/libopencm3_stm32f1.a(desig_common_v1.o)
 .comment       0x0000000000000033       0x34 ../../libopencm3/lib/libopencm3_stm32f1.a(flash_common_all.o)
 .comment       0x0000000000000033       0x34 /usr/lib/gcc/arm-none-eabi/10.3.1/../../../arm-none-eabi/lib/thumb/v7-m/nofp/libc.a(lib_a-memmove.o)
 .comment       0x0000000000000033       0x34 /usr/lib/gcc/arm-none-eabi/10.3.1/../../../arm-none-eabi/lib/thumb/v7-m/nofp/libc.a(lib_a-memset.o)

.ARM.attributes
                0x0000000000000000       0x2d
 .ARM.attributes
                0x0000000000000000       0x2d src/bootloader.o
 .ARM.attributes
                0x000000000000002d       0x2d src/comms.o
 .ARM.attributes
                0x000000000000005a       0x2d src/bl-flash.o
 .ARM.attributes
                0x0000000000000087       0x2d ../shared/src/core/system.o
 .ARM.attributes
                0x00000000000000b4       0x2d ../shared/src/core/simple-timer.o
 .ARM.attributes
                0x00000000000000e1       0x2d ../shared/src/core/crc8.o
 .ARM.attributes
                0x000000000000010e       0x2d ../shared/src/core/uart.o
 .ARM.attributes
                0x000000000000013b       0x2d ../shared/src/core/ring_buffer.o
 .ARM.attributes
                0x0000000000000168       0x2d ../../libopencm3/lib/libopencm3_stm32f1.a(flash.o)
 .ARM.attributes
                0x0000000000000195       0x2d ../../libopencm3/lib/libopencm3_stm32f1.a(flash_common_f.o)
 .ARM.attributes
                0x00000000000001c2       0x2d ../../libopencm3/lib/libopencm3_stm32f1.a(flash_common_f01.o)
 .ARM.attributes
                0x00000000000001ef       0x2d ../../libopencm3/lib/libopencm3_stm32f1.a(gpio.o)
 .ARM.attributes
                0x000000000000021c       0x2d ../../libopencm3/lib/libopencm3_stm32f1.a(gpio_common_all.o)
 .ARM.attributes
                0x0000000000000249       0x2d ../../libopencm3/lib/libopencm3_stm32f1.a(rcc.o)
 .ARM.attributes
                0x0000000000000276       0x2d ../../libopencm3/lib/libopencm3_stm32f1.a(rcc_common_all.o)
 .ARM.attributes
                0x00000000000002a3       0x2d ../../libopencm3/lib/libopencm3_stm32f1.a(usart_common_all.o)
 .ARM.attributes
                0x00000000000002d0       0x2d ../../libopencm3/lib/libopencm3_stm32f1.a(usart_common_f124.o)
 .ARM.attributes
                0x00000000000002fd       0x2d ../../libopencm3/lib/libopencm3_stm32f1.a(vector.o)
 .ARM.attributes
                0x000000000000032a       0x2d ../../libopencm3/lib/libopencm3_stm32f1.a(systick.o)
 .ARM.attributes
                0x0000000000000357       0x2d ../../libopencm3/lib/libopencm3_stm32f1.a(nvic.o)
 .ARM.attributes
                0x0000000000000384       0x2d ../../libopencm3/lib/libopencm3_stm32f1.a(desig_common_v1.o)
 .ARM.attributes
                0x00000000000003b1       0x2d ../../libopencm3/lib/libopencm3_stm32f1.a(flash_common_all.o)
 .ARM.attributes
                0x00000000000003de       0x2d /usr/lib/gcc/arm-none-eabi/10.3.1/../../../arm-none-eabi/lib/thumb/v7-m/nofp/libc.a(lib_a-memmove.o)
 .ARM.attributes
                0x000000000000040b       0x2d /usr/lib/gcc/arm-none-eabi/10.3.1/../../../arm-none-eabi/lib/thumb/v7-m/nofp/libc.a(lib_a-memset.o)

.debug_frame    0x0000000000000000      0xf7c
 .debug_frame   0x0000000000000000       0x4c src/bootloader.o
 .debug_frame   0x000000000000004c       0xd8 src/comms.o
 .debug_frame   0x0000000000000124       0x60 src/bl-flash.o
 .debug_frame   0x0000000000000184       0x74 ../shared/src/core/system.o
 .debug_frame   0x00000000000001f8       0x68 ../shared/src/core/simple-timer.o
 .debug_frame   0x0000000000000260       0x20 ../shared/src/core/crc8.o
 .debug_frame   0x0000000000000280       0xc8 ../shared/src/core/uart.o
 .debug_frame   0x0000000000000348       0x58 ../shared/src/core/ring_buffer.o
 .debug_frame   0x00000000000003a0      0x128 ../../libopencm3/lib/libopencm3_stm32f1.a(flash.o)
 .debug_frame   0x00000000000004c8       0x40 ../../libopencm3/lib/libopencm3_stm32f1.a(flash_common_f.o)
 .debug_frame   0x0000000000000508       0xa0 ../../libopencm3/lib/libopencm3_stm32f1.a(flash_common_f01.o)
 .debug_frame   0x00000000000005a8       0x60 ../../libopencm3/lib/libopencm3_stm32f1.a(gpio.o)
 .debug_frame   0x0000000000000608       0x80 ../../libopencm3/lib/libopencm3_stm32f1.a(gpio_common_all.o)
 .debug_frame   0x0000000000000688      0x318 ../../libopencm3/lib/libopencm3_stm32f1.a(rcc.o)
 .debug_frame   0x00000000000009a0       0xe0 ../../libopencm3/lib/libopencm3_stm32f1.a(rcc_common_all.o)
 .debug_frame   0x0000000000000a80      0x1ec ../../libopencm3/lib/libopencm3_stm32f1.a(usart_common_all.o)
 .debug_frame   0x0000000000000c6c       0x60 ../../libopencm3/lib/libopencm3_stm32f1.a(usart_common_f124.o)
 .debug_frame   0x0000000000000ccc       0x4c ../../libopencm3/lib/libopencm3_stm32f1.a(vector.o)
 .debug_frame   0x0000000000000d18       0xd8 ../../libopencm3/lib/libopencm3_stm32f1.a(systick.o)
 .debug_frame   0x0000000000000df0       0xa0 ../../libopencm3/lib/libopencm3_stm32f1.a(nvic.o)
 .debug_frame   0x0000000000000e90       0x30 ../../libopencm3/lib/libopencm3_stm32f1.a(desig_common_v1.o)
 .debug_frame   0x0000000000000ec0       0x50 ../../libopencm3/lib/libopencm3_stm32f1.a(flash_common_all.o)
 .debug_frame   0x0000000000000f10       0x40 /usr/lib/gcc/arm-none-eabi/10.3.1/../../../arm-none-eabi/lib/thumb/v7-m/nofp/libc.a(lib_a-memmove.o)
 .debug_frame   0x0000000000000f50       0x2c /usr/lib/gcc/arm-none-eabi/10.3.1/../../../arm-none-eabi/lib/thumb/v7-m/nofp/libc.a(lib_a-memset.o)

Cross Reference Table

Symbol                                            File
__fini_array_end                                  ../../libopencm3/lib/libopencm3_stm32f1.a(vector.o)
__fini_array_start                                ../../libopencm3/lib/libopencm3_stm32f1.a(vector.o)
__init_array_end                                  ../../libopencm3/lib/libopencm3_stm32f1.a(vector.o)
__init_array_start                                ../../libopencm3/lib/libopencm3_stm32f1.a(vector.o)
__preinit_array_end                               ../../libopencm3/lib/libopencm3_stm32f1.a(vector.o)
__preinit_array_start                             ../../libopencm3/lib/libopencm3_stm32f1.a(vector.o)
_data                                             ../../libopencm3/lib/libopencm3_stm32f1.a(vector.o)
_data_loadaddr                                    ../../libopencm3/lib/libopencm3_stm32f1.a(vector.o)
_ebss                                             ../../libopencm3/lib/libopencm3_stm32f1.a(vector.o)
_edata                                            ../../libopencm3/lib/libopencm3_stm32f1.a(vector.o)
_stack                                            ../../libopencm3/lib/libopencm3_stm32f1.a(vector.o)
adc1_2_isr                                        ../../libopencm3/lib/libopencm3_stm32f1.a(vector.o)
adc3_isr                                          ../../libopencm3/lib/libopencm3_stm32f1.a(vector.o)
bl_flash_erase_main_application                   src/bl-flash.o
                                                  src/bootloader.o
bl_flash_write                                    src/bl-flash.o
                                                  src/bootloader.o
blocking_handler                                  ../../libopencm3/lib/libopencm3_stm32f1.a(vector.o)
bus_fault_handler                                 ../../libopencm3/lib/libopencm3_stm32f1.a(vector.o)
can2_rx0_isr                                      ../../libopencm3/lib/libopencm3_stm32f1.a(vector.o)
can2_rx1_isr                                      ../../libopencm3/lib/libopencm3_stm32f1.a(vector.o)
can2_sce_isr                                      ../../libopencm3/lib/libopencm3_stm32f1.a(vector.o)
can2_tx_isr                                       ../../libopencm3/lib/libopencm3_stm32f1.a(vector.o)
can_rx1_isr                                       ../../libopencm3/lib/libopencm3_stm32f1.a(vector.o)
can_sce_isr                                       ../../libopencm3/lib/libopencm3_stm32f1.a(vector.o)
cm3_assert_failed                                 ../../libopencm3/lib/libopencm3_stm32f1.a(assert.o)
                                                  ../../libopencm3/lib/libopencm3_stm32f1.a(rcc.o)
cm3_assert_failed_verbose                         ../../libopencm3/lib/libopencm3_stm32f1.a(assert.o)
comms_create_single_byte_packet                   src/comms.o
                                                  src/bootloader.o
comms_is_single_byte_packet                       src/comms.o
                                                  src/bootloader.o
comms_packet_copy                                 src/comms.o
comms_packets_available                           src/comms.o
                                                  src/bootloader.o
comms_read                                        src/comms.o
                                                  src/bootloader.o
comms_setup                                       src/comms.o
                                                  src/bootloader.o
comms_update                                      src/comms.o
                                                  src/bootloader.o
comms_write                                       src/comms.o
                                                  src/bootloader.o
crc8                                              ../shared/src/core/crc8.o
                                                  src/comms.o
                                                  src/bootloader.o
debug_monitor_handler                             ../../libopencm3/lib/libopencm3_stm32f1.a(vector.o)
desig_get_flash_size                              ../../libopencm3/lib/libopencm3_stm32f1.a(desig_common_v1.o)
                                                  ../../libopencm3/lib/libopencm3_stm32f1.a(flash.o)
desig_get_unique_id                               ../../libopencm3/lib/libopencm3_stm32f1.a(desig_common_v1.o)
dma1_channel1_isr                                 ../../libopencm3/lib/libopencm3_stm32f1.a(vector.o)
dma1_channel2_isr                                 ../../libopencm3/lib/libopencm3_stm32f1.a(vector.o)
dma1_channel3_isr                                 ../../libopencm3/lib/libopencm3_stm32f1.a(vector.o)
dma1_channel4_isr                                 ../../libopencm3/lib/libopencm3_stm32f1.a(vector.o)
dma1_channel5_isr                                 ../../libopencm3/lib/libopencm3_stm32f1.a(vector.o)
dma1_channel6_isr                                 ../../libopencm3/lib/libopencm3_stm32f1.a(vector.o)
dma1_channel7_isr                                 ../../libopencm3/lib/libopencm3_stm32f1.a(vector.o)
dma2_channel1_isr                                 ../../libopencm3/lib/libopencm3_stm32f1.a(vector.o)
dma2_channel2_isr                                 ../../libopencm3/lib/libopencm3_stm32f1.a(vector.o)
dma2_channel3_isr                                 ../../libopencm3/lib/libopencm3_stm32f1.a(vector.o)
dma2_channel4_5_isr                               ../../libopencm3/lib/libopencm3_stm32f1.a(vector.o)
dma2_channel5_isr                                 ../../libopencm3/lib/libopencm3_stm32f1.a(vector.o)
eth_isr                                           ../../libopencm3/lib/libopencm3_stm32f1.a(vector.o)
eth_wkup_isr                                      ../../libopencm3/lib/libopencm3_stm32f1.a(vector.o)
exti0_isr                                         ../../libopencm3/lib/libopencm3_stm32f1.a(vector.o)
exti15_10_isr                                     ../../libopencm3/lib/libopencm3_stm32f1.a(vector.o)
exti1_isr                                         ../../libopencm3/lib/libopencm3_stm32f1.a(vector.o)
exti2_isr                                         ../../libopencm3/lib/libopencm3_stm32f1.a(vector.o)
exti3_isr                                         ../../libopencm3/lib/libopencm3_stm32f1.a(vector.o)
exti4_isr                                         ../../libopencm3/lib/libopencm3_stm32f1.a(vector.o)
exti9_5_isr                                       ../../libopencm3/lib/libopencm3_stm32f1.a(vector.o)
flash_clear_eop_flag                              ../../libopencm3/lib/libopencm3_stm32f1.a(flash_common_f.o)
                                                  ../../libopencm3/lib/libopencm3_stm32f1.a(flash.o)
flash_clear_eop_flag_upper                        ../../libopencm3/lib/libopencm3_stm32f1.a(flash.o)
flash_clear_pgerr_flag                            ../../libopencm3/lib/libopencm3_stm32f1.a(flash_common_f01.o)
                                                  ../../libopencm3/lib/libopencm3_stm32f1.a(flash.o)
flash_clear_pgerr_flag_upper                      ../../libopencm3/lib/libopencm3_stm32f1.a(flash.o)
flash_clear_status_flags                          ../../libopencm3/lib/libopencm3_stm32f1.a(flash.o)
flash_clear_wrprterr_flag                         ../../libopencm3/lib/libopencm3_stm32f1.a(flash_common_f01.o)
                                                  ../../libopencm3/lib/libopencm3_stm32f1.a(flash.o)
flash_clear_wrprterr_flag_upper                   ../../libopencm3/lib/libopencm3_stm32f1.a(flash.o)
flash_erase_all_pages                             ../../libopencm3/lib/libopencm3_stm32f1.a(flash.o)
flash_erase_option_bytes                          ../../libopencm3/lib/libopencm3_stm32f1.a(flash_common_f01.o)
flash_erase_page                                  ../../libopencm3/lib/libopencm3_stm32f1.a(flash.o)
                                                  src/bl-flash.o
flash_get_status_flags                            ../../libopencm3/lib/libopencm3_stm32f1.a(flash.o)
                                                  ../../libopencm3/lib/libopencm3_stm32f1.a(flash_common_f01.o)
flash_halfcycle_disable                           ../../libopencm3/lib/libopencm3_stm32f1.a(flash.o)
flash_halfcycle_enable                            ../../libopencm3/lib/libopencm3_stm32f1.a(flash.o)
flash_isr                                         ../../libopencm3/lib/libopencm3_stm32f1.a(vector.o)
flash_lock                                        ../../libopencm3/lib/libopencm3_stm32f1.a(flash_common_f.o)
                                                  src/bl-flash.o
flash_lock_upper                                  ../../libopencm3/lib/libopencm3_stm32f1.a(flash.o)
flash_prefetch_disable                            ../../libopencm3/lib/libopencm3_stm32f1.a(flash_common_all.o)
flash_prefetch_enable                             ../../libopencm3/lib/libopencm3_stm32f1.a(flash_common_all.o)
flash_program_half_word                           ../../libopencm3/lib/libopencm3_stm32f1.a(flash.o)
                                                  ../../libopencm3/lib/libopencm3_stm32f1.a(flash_common_f01.o)
                                                  src/bl-flash.o
flash_program_option_bytes                        ../../libopencm3/lib/libopencm3_stm32f1.a(flash_common_f01.o)
flash_program_word                                ../../libopencm3/lib/libopencm3_stm32f1.a(flash_common_f01.o)
flash_set_ws                                      ../../libopencm3/lib/libopencm3_stm32f1.a(flash_common_all.o)
                                                  ../../libopencm3/lib/libopencm3_stm32f1.a(rcc.o)
flash_unlock                                      ../../libopencm3/lib/libopencm3_stm32f1.a(flash_common_f.o)
                                                  src/bl-flash.o
flash_unlock_option_bytes                         ../../libopencm3/lib/libopencm3_stm32f1.a(flash_common_all.o)
                                                  ../../libopencm3/lib/libopencm3_stm32f1.a(flash_common_f01.o)
flash_unlock_upper                                ../../libopencm3/lib/libopencm3_stm32f1.a(flash.o)
flash_wait_for_last_operation                     ../../libopencm3/lib/libopencm3_stm32f1.a(flash_common_f01.o)
                                                  ../../libopencm3/lib/libopencm3_stm32f1.a(flash.o)
fsmc_isr                                          ../../libopencm3/lib/libopencm3_stm32f1.a(vector.o)
gpio_clear                                        ../../libopencm3/lib/libopencm3_stm32f1.a(gpio_common_all.o)
gpio_get                                          ../../libopencm3/lib/libopencm3_stm32f1.a(gpio_common_all.o)
gpio_port_config_lock                             ../../libopencm3/lib/libopencm3_stm32f1.a(gpio_common_all.o)
gpio_port_read                                    ../../libopencm3/lib/libopencm3_stm32f1.a(gpio_common_all.o)
gpio_port_write                                   ../../libopencm3/lib/libopencm3_stm32f1.a(gpio_common_all.o)
gpio_primary_remap                                ../../libopencm3/lib/libopencm3_stm32f1.a(gpio.o)
gpio_secondary_remap                              ../../libopencm3/lib/libopencm3_stm32f1.a(gpio.o)
gpio_set                                          ../../libopencm3/lib/libopencm3_stm32f1.a(gpio_common_all.o)
gpio_set_eventout                                 ../../libopencm3/lib/libopencm3_stm32f1.a(gpio.o)
gpio_set_mode                                     ../../libopencm3/lib/libopencm3_stm32f1.a(gpio.o)
                                                  src/bootloader.o
gpio_toggle                                       ../../libopencm3/lib/libopencm3_stm32f1.a(gpio_common_all.o)
                                                  src/bootloader.o
hard_fault_handler                                ../../libopencm3/lib/libopencm3_stm32f1.a(vector.o)
i2c1_er_isr                                       ../../libopencm3/lib/libopencm3_stm32f1.a(vector.o)
i2c1_ev_isr                                       ../../libopencm3/lib/libopencm3_stm32f1.a(vector.o)
i2c2_er_isr                                       ../../libopencm3/lib/libopencm3_stm32f1.a(vector.o)
i2c2_ev_isr                                       ../../libopencm3/lib/libopencm3_stm32f1.a(vector.o)
main                                              src/bootloader.o
                                                  ../../libopencm3/lib/libopencm3_stm32f1.a(vector.o)
mem_manage_handler                                ../../libopencm3/lib/libopencm3_stm32f1.a(vector.o)
memmove                                           /usr/lib/gcc/arm-none-eabi/10.3.1/../../../arm-none-eabi/lib/thumb/v7-m/nofp/libc.a(lib_a-memmove.o)
                                                  src/comms.o
memset                                            /usr/lib/gcc/arm-none-eabi/10.3.1/../../../arm-none-eabi/lib/thumb/v7-m/nofp/libc.a(lib_a-memset.o)
                                                  src/comms.o
nmi_handler                                       ../../libopencm3/lib/libopencm3_stm32f1.a(vector.o)
null_handler                                      ../../libopencm3/lib/libopencm3_stm32f1.a(vector.o)
nvic_clear_pending_irq                            ../../libopencm3/lib/libopencm3_stm32f1.a(nvic.o)
nvic_disable_irq                                  ../../libopencm3/lib/libopencm3_stm32f1.a(nvic.o)
nvic_enable_irq                                   ../../libopencm3/lib/libopencm3_stm32f1.a(nvic.o)
                                                  ../shared/src/core/uart.o
nvic_generate_software_interrupt                  ../../libopencm3/lib/libopencm3_stm32f1.a(nvic.o)
nvic_get_active_irq                               ../../libopencm3/lib/libopencm3_stm32f1.a(nvic.o)
nvic_get_irq_enabled                              ../../libopencm3/lib/libopencm3_stm32f1.a(nvic.o)
nvic_get_pending_irq                              ../../libopencm3/lib/libopencm3_stm32f1.a(nvic.o)
nvic_set_pending_irq                              ../../libopencm3/lib/libopencm3_stm32f1.a(nvic.o)
nvic_set_priority                                 ../../libopencm3/lib/libopencm3_stm32f1.a(nvic.o)
otg_fs_isr                                        ../../libopencm3/lib/libopencm3_stm32f1.a(vector.o)
packet                                            src/bootloader.o
pend_sv_handler                                   ../../libopencm3/lib/libopencm3_stm32f1.a(vector.o)
pvd_isr                                           ../../libopencm3/lib/libopencm3_stm32f1.a(vector.o)
rcc_ahb_frequency                                 ../../libopencm3/lib/libopencm3_stm32f1.a(rcc.o)
rcc_apb1_frequency                                ../../libopencm3/lib/libopencm3_stm32f1.a(rcc.o)
rcc_apb2_frequency                                ../../libopencm3/lib/libopencm3_stm32f1.a(rcc.o)
rcc_backupdomain_reset                            ../../libopencm3/lib/libopencm3_stm32f1.a(rcc.o)
rcc_clock_setup_in_hse_12mhz_out_72mhz            ../../libopencm3/lib/libopencm3_stm32f1.a(rcc.o)
rcc_clock_setup_in_hse_16mhz_out_72mhz            ../../libopencm3/lib/libopencm3_stm32f1.a(rcc.o)
rcc_clock_setup_in_hse_25mhz_out_72mhz            ../../libopencm3/lib/libopencm3_stm32f1.a(rcc.o)
rcc_clock_setup_in_hse_8mhz_out_24mhz             ../../libopencm3/lib/libopencm3_stm32f1.a(rcc.o)
rcc_clock_setup_in_hse_8mhz_out_72mhz             ../../libopencm3/lib/libopencm3_stm32f1.a(rcc.o)
rcc_clock_setup_in_hsi_out_24mhz                  ../../libopencm3/lib/libopencm3_stm32f1.a(rcc.o)
rcc_clock_setup_in_hsi_out_48mhz                  ../../libopencm3/lib/libopencm3_stm32f1.a(rcc.o)
rcc_clock_setup_in_hsi_out_64mhz                  ../../libopencm3/lib/libopencm3_stm32f1.a(rcc.o)
rcc_clock_setup_pll                               ../../libopencm3/lib/libopencm3_stm32f1.a(rcc.o)
                                                  ../shared/src/core/system.o
rcc_css_disable                                   ../../libopencm3/lib/libopencm3_stm32f1.a(rcc.o)
rcc_css_enable                                    ../../libopencm3/lib/libopencm3_stm32f1.a(rcc.o)
rcc_css_int_clear                                 ../../libopencm3/lib/libopencm3_stm32f1.a(rcc.o)
rcc_css_int_flag                                  ../../libopencm3/lib/libopencm3_stm32f1.a(rcc.o)
rcc_enable_rtc_clock                              ../../libopencm3/lib/libopencm3_stm32f1.a(rcc.o)
rcc_get_div_from_hpre                             ../../libopencm3/lib/libopencm3_stm32f1.a(rcc_common_all.o)
rcc_get_i2c_clk_freq                              ../../libopencm3/lib/libopencm3_stm32f1.a(rcc.o)
rcc_get_timer_clk_freq                            ../../libopencm3/lib/libopencm3_stm32f1.a(rcc.o)
rcc_get_usart_clk_freq                            ../../libopencm3/lib/libopencm3_stm32f1.a(rcc.o)
                                                  ../../libopencm3/lib/libopencm3_stm32f1.a(usart_common_all.o)
rcc_hse_configs                                   ../../libopencm3/lib/libopencm3_stm32f1.a(rcc.o)
                                                  ../shared/src/core/system.o
rcc_hsi_configs                                   ../../libopencm3/lib/libopencm3_stm32f1.a(rcc.o)
rcc_is_osc_ready                                  ../../libopencm3/lib/libopencm3_stm32f1.a(rcc.o)
rcc_isr                                           ../../libopencm3/lib/libopencm3_stm32f1.a(vector.o)
rcc_osc_bypass_disable                            ../../libopencm3/lib/libopencm3_stm32f1.a(rcc_common_all.o)
rcc_osc_bypass_enable                             ../../libopencm3/lib/libopencm3_stm32f1.a(rcc_common_all.o)
rcc_osc_off                                       ../../libopencm3/lib/libopencm3_stm32f1.a(rcc.o)
rcc_osc_on                                        ../../libopencm3/lib/libopencm3_stm32f1.a(rcc.o)
rcc_osc_ready_int_clear                           ../../libopencm3/lib/libopencm3_stm32f1.a(rcc.o)
rcc_osc_ready_int_disable                         ../../libopencm3/lib/libopencm3_stm32f1.a(rcc.o)
rcc_osc_ready_int_enable                          ../../libopencm3/lib/libopencm3_stm32f1.a(rcc.o)
rcc_osc_ready_int_flag                            ../../libopencm3/lib/libopencm3_stm32f1.a(rcc.o)
rcc_periph_clock_disable                          ../../libopencm3/lib/libopencm3_stm32f1.a(rcc_common_all.o)
rcc_periph_clock_enable                           ../../libopencm3/lib/libopencm3_stm32f1.a(rcc_common_all.o)
                                                  ../shared/src/core/uart.o
                                                  src/bootloader.o
rcc_periph_reset_hold                             ../../libopencm3/lib/libopencm3_stm32f1.a(rcc_common_all.o)
rcc_periph_reset_pulse                            ../../libopencm3/lib/libopencm3_stm32f1.a(rcc_common_all.o)
rcc_periph_reset_release                          ../../libopencm3/lib/libopencm3_stm32f1.a(rcc_common_all.o)
rcc_peripheral_clear_reset                        ../../libopencm3/lib/libopencm3_stm32f1.a(rcc_common_all.o)
rcc_peripheral_disable_clock                      ../../libopencm3/lib/libopencm3_stm32f1.a(rcc_common_all.o)
rcc_peripheral_enable_clock                       ../../libopencm3/lib/libopencm3_stm32f1.a(rcc_common_all.o)
rcc_peripheral_reset                              ../../libopencm3/lib/libopencm3_stm32f1.a(rcc_common_all.o)
rcc_rtc_clock_enabled_flag                        ../../libopencm3/lib/libopencm3_stm32f1.a(rcc.o)
rcc_set_adcpre                                    ../../libopencm3/lib/libopencm3_stm32f1.a(rcc.o)
rcc_set_hpre                                      ../../libopencm3/lib/libopencm3_stm32f1.a(rcc.o)
rcc_set_mco                                       ../../libopencm3/lib/libopencm3_stm32f1.a(rcc_common_all.o)
rcc_set_pll2_multiplication_factor                ../../libopencm3/lib/libopencm3_stm32f1.a(rcc.o)
rcc_set_pll3_multiplication_factor                ../../libopencm3/lib/libopencm3_stm32f1.a(rcc.o)
rcc_set_pll_multiplication_factor                 ../../libopencm3/lib/libopencm3_stm32f1.a(rcc.o)
rcc_set_pll_source                                ../../libopencm3/lib/libopencm3_stm32f1.a(rcc.o)
rcc_set_pllxtpre                                  ../../libopencm3/lib/libopencm3_stm32f1.a(rcc.o)
rcc_set_ppre1                                     ../../libopencm3/lib/libopencm3_stm32f1.a(rcc.o)
rcc_set_ppre2                                     ../../libopencm3/lib/libopencm3_stm32f1.a(rcc.o)
rcc_set_prediv1                                   ../../libopencm3/lib/libopencm3_stm32f1.a(rcc.o)
rcc_set_prediv1_source                            ../../libopencm3/lib/libopencm3_stm32f1.a(rcc.o)
rcc_set_prediv2                                   ../../libopencm3/lib/libopencm3_stm32f1.a(rcc.o)
rcc_set_rtc_clock_source                          ../../libopencm3/lib/libopencm3_stm32f1.a(rcc.o)
rcc_set_sysclk_source                             ../../libopencm3/lib/libopencm3_stm32f1.a(rcc.o)
rcc_set_usbpre                                    ../../libopencm3/lib/libopencm3_stm32f1.a(rcc.o)
rcc_system_clock_source                           ../../libopencm3/lib/libopencm3_stm32f1.a(rcc.o)
rcc_wait_for_osc_ready                            ../../libopencm3/lib/libopencm3_stm32f1.a(rcc.o)
reset_handler                                     ../../libopencm3/lib/libopencm3_stm32f1.a(vector.o)
ring_buffer_empty                                 ../shared/src/core/ring_buffer.o
                                                  ../shared/src/core/uart.o
ring_buffer_read                                  ../shared/src/core/ring_buffer.o
                                                  ../shared/src/core/uart.o
ring_buffer_setup                                 ../shared/src/core/ring_buffer.o
                                                  ../shared/src/core/uart.o
ring_buffer_write                                 ../shared/src/core/ring_buffer.o
                                                  ../shared/src/core/uart.o
rtc_alarm_isr                                     ../../libopencm3/lib/libopencm3_stm32f1.a(vector.o)
rtc_isr                                           ../../libopencm3/lib/libopencm3_stm32f1.a(vector.o)
sdio_isr                                          ../../libopencm3/lib/libopencm3_stm32f1.a(vector.o)
simple_timer                                      src/bootloader.o
simple_timer_has_elapsed                          ../shared/src/core/simple-timer.o
                                                  src/bootloader.o
simple_timer_reset                                ../shared/src/core/simple-timer.o
                                                  src/bootloader.o
simple_timer_setup                                ../shared/src/core/simple-timer.o
                                                  src/bootloader.o
spi1_isr                                          ../../libopencm3/lib/libopencm3_stm32f1.a(vector.o)
spi2_isr                                          ../../libopencm3/lib/libopencm3_stm32f1.a(vector.o)
spi3_isr                                          ../../libopencm3/lib/libopencm3_stm32f1.a(vector.o)
sv_call_handler                                   ../../libopencm3/lib/libopencm3_stm32f1.a(vector.o)
sys_tick_handler                                  ../shared/src/core/system.o
system_delay_ms                                   ../shared/src/core/system.o
                                                  src/bootloader.o
system_get_ticks                                  ../shared/src/core/system.o
                                                  ../shared/src/core/simple-timer.o
system_setup                                      ../shared/src/core/system.o
                                                  src/bootloader.o
systick_clear                                     ../../libopencm3/lib/libopencm3_stm32f1.a(systick.o)
systick_counter_disable                           ../../libopencm3/lib/libopencm3_stm32f1.a(systick.o)
systick_counter_enable                            ../../libopencm3/lib/libopencm3_stm32f1.a(systick.o)
                                                  ../shared/src/core/system.o
systick_get_calib                                 ../../libopencm3/lib/libopencm3_stm32f1.a(systick.o)
systick_get_countflag                             ../../libopencm3/lib/libopencm3_stm32f1.a(systick.o)
systick_get_reload                                ../../libopencm3/lib/libopencm3_stm32f1.a(systick.o)
systick_get_value                                 ../../libopencm3/lib/libopencm3_stm32f1.a(systick.o)
systick_interrupt_disable                         ../../libopencm3/lib/libopencm3_stm32f1.a(systick.o)
systick_interrupt_enable                          ../../libopencm3/lib/libopencm3_stm32f1.a(systick.o)
                                                  ../shared/src/core/system.o
systick_set_clocksource                           ../../libopencm3/lib/libopencm3_stm32f1.a(systick.o)
systick_set_frequency                             ../../libopencm3/lib/libopencm3_stm32f1.a(systick.o)
                                                  ../shared/src/core/system.o
systick_set_reload                                ../../libopencm3/lib/libopencm3_stm32f1.a(systick.o)
tamper_isr                                        ../../libopencm3/lib/libopencm3_stm32f1.a(vector.o)
tim1_brk_isr                                      ../../libopencm3/lib/libopencm3_stm32f1.a(vector.o)
tim1_cc_isr                                       ../../libopencm3/lib/libopencm3_stm32f1.a(vector.o)
tim1_trg_com_isr                                  ../../libopencm3/lib/libopencm3_stm32f1.a(vector.o)
tim1_up_isr                                       ../../libopencm3/lib/libopencm3_stm32f1.a(vector.o)
tim2_isr                                          ../../libopencm3/lib/libopencm3_stm32f1.a(vector.o)
tim3_isr                                          ../../libopencm3/lib/libopencm3_stm32f1.a(vector.o)
tim4_isr                                          ../../libopencm3/lib/libopencm3_stm32f1.a(vector.o)
tim5_isr                                          ../../libopencm3/lib/libopencm3_stm32f1.a(vector.o)
tim6_isr                                          ../../libopencm3/lib/libopencm3_stm32f1.a(vector.o)
tim7_isr                                          ../../libopencm3/lib/libopencm3_stm32f1.a(vector.o)
tim8_brk_isr                                      ../../libopencm3/lib/libopencm3_stm32f1.a(vector.o)
tim8_cc_isr                                       ../../libopencm3/lib/libopencm3_stm32f1.a(vector.o)
tim8_trg_com_isr                                  ../../libopencm3/lib/libopencm3_stm32f1.a(vector.o)
tim8_up_isr                                       ../../libopencm3/lib/libopencm3_stm32f1.a(vector.o)
uart4_isr                                         ../../libopencm3/lib/libopencm3_stm32f1.a(vector.o)
uart5_isr                                         ../../libopencm3/lib/libopencm3_stm32f1.a(vector.o)
uart_data_available                               ../shared/src/core/uart.o
                                                  src/bootloader.o
uart_read                                         ../shared/src/core/uart.o
uart_read_byte                                    ../shared/src/core/uart.o
                                                  src/comms.o
                                                  src/bootloader.o
uart_setup                                        ../shared/src/core/uart.o
                                                  src/bootloader.o
uart_write                                        ../shared/src/core/uart.o
                                                  src/comms.o
uart_write_byte                                   ../shared/src/core/uart.o
usage_fault_handler                               ../../libopencm3/lib/libopencm3_stm32f1.a(vector.o)
usart1_isr                                        ../../libopencm3/lib/libopencm3_stm32f1.a(vector.o)
usart2_isr                                        ../shared/src/core/uart.o
usart3_isr                                        ../../libopencm3/lib/libopencm3_stm32f1.a(vector.o)
usart_disable                                     ../../libopencm3/lib/libopencm3_stm32f1.a(usart_common_all.o)
usart_disable_error_interrupt                     ../../libopencm3/lib/libopencm3_stm32f1.a(usart_common_all.o)
usart_disable_idle_interrupt                      ../../libopencm3/lib/libopencm3_stm32f1.a(usart_common_all.o)
usart_disable_rx_dma                              ../../libopencm3/lib/libopencm3_stm32f1.a(usart_common_all.o)
usart_disable_rx_interrupt                        ../../libopencm3/lib/libopencm3_stm32f1.a(usart_common_all.o)
usart_disable_tx_complete_interrupt               ../../libopencm3/lib/libopencm3_stm32f1.a(usart_common_all.o)
usart_disable_tx_dma                              ../../libopencm3/lib/libopencm3_stm32f1.a(usart_common_all.o)
usart_disable_tx_interrupt                        ../../libopencm3/lib/libopencm3_stm32f1.a(usart_common_all.o)
usart_enable                                      ../../libopencm3/lib/libopencm3_stm32f1.a(usart_common_all.o)
                                                  ../shared/src/core/uart.o
usart_enable_error_interrupt                      ../../libopencm3/lib/libopencm3_stm32f1.a(usart_common_all.o)
usart_enable_idle_interrupt                       ../../libopencm3/lib/libopencm3_stm32f1.a(usart_common_all.o)
usart_enable_rx_dma                               ../../libopencm3/lib/libopencm3_stm32f1.a(usart_common_all.o)
usart_enable_rx_interrupt                         ../../libopencm3/lib/libopencm3_stm32f1.a(usart_common_all.o)
                                                  ../shared/src/core/uart.o
usart_enable_tx_complete_interrupt                ../../libopencm3/lib/libopencm3_stm32f1.a(usart_common_all.o)
usart_enable_tx_dma                               ../../libopencm3/lib/libopencm3_stm32f1.a(usart_common_all.o)
usart_enable_tx_interrupt                         ../../libopencm3/lib/libopencm3_stm32f1.a(usart_common_all.o)
usart_get_databits                                ../../libopencm3/lib/libopencm3_stm32f1.a(usart_common_all.o)
usart_get_flag                                    ../../libopencm3/lib/libopencm3_stm32f1.a(usart_common_f124.o)
                                                  ../shared/src/core/uart.o
usart_get_parity                                  ../../libopencm3/lib/libopencm3_stm32f1.a(usart_common_all.o)
usart_get_stopbits                                ../../libopencm3/lib/libopencm3_stm32f1.a(usart_common_all.o)
usart_recv                                        ../../libopencm3/lib/libopencm3_stm32f1.a(usart_common_f124.o)
                                                  ../../libopencm3/lib/libopencm3_stm32f1.a(usart_common_all.o)
                                                  ../shared/src/core/uart.o
usart_recv_blocking                               ../../libopencm3/lib/libopencm3_stm32f1.a(usart_common_all.o)
usart_send                                        ../../libopencm3/lib/libopencm3_stm32f1.a(usart_common_f124.o)
                                                  ../../libopencm3/lib/libopencm3_stm32f1.a(usart_common_all.o)
usart_send_blocking                               ../../libopencm3/lib/libopencm3_stm32f1.a(usart_common_all.o)
                                                  ../shared/src/core/uart.o
usart_set_baudrate                                ../../libopencm3/lib/libopencm3_stm32f1.a(usart_common_all.o)
                                                  ../shared/src/core/uart.o
usart_set_databits                                ../../libopencm3/lib/libopencm3_stm32f1.a(usart_common_all.o)
                                                  ../shared/src/core/uart.o
usart_set_flow_control                            ../../libopencm3/lib/libopencm3_stm32f1.a(usart_common_all.o)
                                                  ../shared/src/core/uart.o
usart_set_mode                                    ../../libopencm3/lib/libopencm3_stm32f1.a(usart_common_all.o)
                                                  ../shared/src/core/uart.o
usart_set_parity                                  ../../libopencm3/lib/libopencm3_stm32f1.a(usart_common_all.o)
                                                  ../shared/src/core/uart.o
usart_set_stopbits                                ../../libopencm3/lib/libopencm3_stm32f1.a(usart_common_all.o)
                                                  ../shared/src/core/uart.o
usart_wait_recv_ready                             ../../libopencm3/lib/libopencm3_stm32f1.a(usart_common_f124.o)
                                                  ../../libopencm3/lib/libopencm3_stm32f1.a(usart_common_all.o)
usart_wait_send_ready                             ../../libopencm3/lib/libopencm3_stm32f1.a(usart_common_f124.o)
                                                  ../../libopencm3/lib/libopencm3_stm32f1.a(usart_common_all.o)
usb_hp_can_tx_isr                                 ../../libopencm3/lib/libopencm3_stm32f1.a(vector.o)
usb_lp_can_rx0_isr                                ../../libopencm3/lib/libopencm3_stm32f1.a(vector.o)
usb_wakeup_isr                                    ../../libopencm3/lib/libopencm3_stm32f1.a(vector.o)
vector_table                                      ../../libopencm3/lib/libopencm3_stm32f1.a(vector.o)
wwdg_isr                                          ../../libopencm3/lib/libopencm3_stm32f1.a(vector.o)
